'KakeyaFormal.AngleFiberSelection.low_fiber_deletion' depends on axioms: [propext, Classical.choice, Quot.sound]
'KakeyaFormal.AngleFiberSelection.dyadic_edge_selection' depends on axioms: [propext, Classical.choice, Quot.sound]
'KakeyaFormal.AngleFiberSelection.frequent_output_labels' depends on axioms: [propext, Classical.choice, Quot.sound]
'KakeyaFormal.AngleFiberSelection.collision_energy_count' depends on axioms: [propext, Classical.choice, Quot.sound]
'KakeyaFormal.AngleFiberSelection.collision_support_bound' depends on axioms: [propext, Classical.choice, Quot.sound]
'KakeyaFormal.AngleFiberSelection.exact_fiber_representatives' depends on axioms: [propext,
 Classical.choice,
 Quot.sound]
'KakeyaFormal.AngleFiberSelection.select_angle_fibers' depends on axioms: [propext, Classical.choice, Quot.sound]
AUDIT_THEOREM KakeyaFormal.AngleFiberSelection.collision_cauchy AXIOMS [propext, Classical.choice, Quot.sound]
AUDIT_THEOREM KakeyaFormal.AngleFiberSelection.collision_energy_count AXIOMS [propext, Classical.choice, Quot.sound]
AUDIT_THEOREM KakeyaFormal.AngleFiberSelection.sum_fibers AXIOMS [propext, Classical.choice, Quot.sound]
AUDIT_THEOREM KakeyaFormal.AngleFiberSelection.frequent_class AXIOMS [propext, Classical.choice, Quot.sound]
AUDIT_THEOREM KakeyaFormal.AngleFiberSelection.dyadic_edge_selection AXIOMS [propext, Classical.choice, Quot.sound]
AUDIT_THEOREM KakeyaFormal.AngleFiberSelection.sum_edges AXIOMS [propext, Classical.choice, Quot.sound]
AUDIT_THEOREM KakeyaFormal.AngleFiberSelection.collision_energy_count._simp_1_3 AXIOMS [propext]
AUDIT_THEOREM KakeyaFormal.AngleFiberSelection.collision_support_bound AXIOMS [propext, Classical.choice, Quot.sound]
AUDIT_DECLARATION KakeyaFormal.AngleFiberSelection.outputEdges AXIOMS [propext, Classical.choice, Quot.sound]
AUDIT_THEOREM KakeyaFormal.AngleFiberSelection.outputEdges.eq_1 AXIOMS [propext, Classical.choice, Quot.sound]
AUDIT_DECLARATION KakeyaFormal.AngleFiberSelection.collisionPairs AXIOMS [propext, Classical.choice, Quot.sound]
AUDIT_DECLARATION KakeyaFormal.AngleFiberSelection.goodEdges AXIOMS [propext, Classical.choice, Quot.sound]
AUDIT_DECLARATION KakeyaFormal.AngleFiberSelection.size AXIOMS [propext, Classical.choice, Quot.sound]
AUDIT_THEOREM KakeyaFormal.AngleFiberSelection.fiber_pos AXIOMS [propext, Classical.choice, Quot.sound]
AUDIT_DECLARATION KakeyaFormal.AngleFiberSelection.edges AXIOMS [propext, Classical.choice, Quot.sound]
AUDIT_THEOREM KakeyaFormal.AngleFiberSelection.select_angle_fibers AXIOMS [propext, Classical.choice, Quot.sound]
AUDIT_THEOREM KakeyaFormal.AngleFiberSelection.collisionEnergy.eq_1 AXIOMS [propext, Classical.choice, Quot.sound]
AUDIT_DECLARATION KakeyaFormal.AngleFiberSelection.outputSupport AXIOMS [propext, Classical.choice, Quot.sound]
AUDIT_THEOREM KakeyaFormal.AngleFiberSelection.frequent_output_labels AXIOMS [propext, Classical.choice, Quot.sound]
AUDIT_THEOREM KakeyaFormal.AngleFiberSelection.exact_fiber_representatives AXIOMS [propext,
 Classical.choice,
 Quot.sound]
AUDIT_THEOREM KakeyaFormal.AngleFiberSelection.mem_edges AXIOMS [propext, Classical.choice, Quot.sound]
AUDIT_DECLARATION KakeyaFormal.AngleFiberSelection.fiber AXIOMS [propext, Classical.choice, Quot.sound]
AUDIT_THEOREM KakeyaFormal.AngleFiberSelection.dyadic_edge_selection._proof_1_2 AXIOMS [propext,
 Classical.choice,
 Quot.sound]
AUDIT_THEOREM KakeyaFormal.AngleFiberSelection.collisionPairs.eq_1 AXIOMS [propext, Classical.choice, Quot.sound]
AUDIT_DECLARATION KakeyaFormal.AngleFiberSelection.outputs AXIOMS [propext, Classical.choice, Quot.sound]
AUDIT_DECLARATION KakeyaFormal.AngleFiberSelection.collisionEnergy AXIOMS [propext, Classical.choice, Quot.sound]
AUDIT_THEOREM KakeyaFormal.AngleFiberSelection.mass_edges AXIOMS [propext, Classical.choice, Quot.sound]
AUDIT_THEOREM KakeyaFormal.AngleFiberSelection.low_fiber_deletion AXIOMS [propext, Classical.choice, Quot.sound]
AUDIT_THEOREM KakeyaFormal.AngleFiberSelection.edges.eq_1 AXIOMS [propext, Classical.choice, Quot.sound]
