'KakeyaFormal.AngularBoxHairbrush.single_box_hairbrush' depends on axioms: [propext, Classical.choice, Quot.sound]
AUDIT_THEOREM KakeyaFormal.AngularBoxHairbrush.endsCoefficient_ge_one AXIOMS [propext, Classical.choice, Quot.sound]
AUDIT_THEOREM KakeyaFormal.AngularBoxHairbrush.single_box_hairbrush AXIOMS [propext, Classical.choice, Quot.sound]
AUDIT_THEOREM KakeyaFormal.AngularBoxHairbrush.capCoefficient_ge_one AXIOMS [propext, Classical.choice, Quot.sound]
AUDIT_THEOREM KakeyaFormal.AngularBoxHairbrush.angularLoss_ge_one AXIOMS [propext, Classical.choice, Quot.sound]
AUDIT_THEOREM KakeyaFormal.AngularBoxHairbrush.two_ends_all_radii AXIOMS [propext, Classical.choice, Quot.sound]
AUDIT_THEOREM KakeyaFormal.AngularBoxHairbrush.single_box_hairbrush._simp_1_6 AXIOMS [propext,
 Classical.choice,
 Quot.sound]
AUDIT_THEOREM KakeyaFormal.AngularBoxHairbrush.single_box_hairbrush._simp_1_4 AXIOMS [propext]
AUDIT_THEOREM KakeyaFormal.AngularBoxHairbrush.single_box_hairbrush._simp_1_2 AXIOMS [propext]
AUDIT_THEOREM KakeyaFormal.AngularBoxHairbrush.single_box_hairbrush._simp_1_7 AXIOMS [propext]
AUDIT_THEOREM KakeyaFormal.AngularBoxHairbrush.single_box_hairbrush._simp_1_5 AXIOMS [propext]
AUDIT_THEOREM KakeyaFormal.AngularBoxHairbrush.broadCoefficient_ge_one AXIOMS [propext, Classical.choice, Quot.sound]
AUDIT_DECLARATION KakeyaFormal.AngularBoxHairbrush.boxLowerBound AXIOMS [propext, Classical.choice, Quot.sound]
AUDIT_THEOREM KakeyaFormal.AngularBoxHairbrush.single_box_hairbrush._simp_1_1 AXIOMS [propext]
AUDIT_THEOREM KakeyaFormal.AngularBoxHairbrush.single_box_hairbrush._simp_1_3 AXIOMS [propext]
AUDIT_THEOREM KakeyaFormal.AngularBoxHairbrush.boxLowerBound._proof_4 AXIOMS [propext]
AUDIT_THEOREM KakeyaFormal.AngularBoxHairbrush.boxLowerBound._proof_1 AXIOMS [propext]
AUDIT_THEOREM KakeyaFormal.AngularBoxHairbrush.boxLowerBound._proof_3 AXIOMS [propext]
AUDIT_THEOREM KakeyaFormal.AngularBoxHairbrush.boxLowerBound._proof_2 AXIOMS [propext]
