AUDIT_THEOREM KakeyaFormal.AngularSeedRealization.family_local AXIOMS [propext, Classical.choice, Quot.sound]
AUDIT_THEOREM KakeyaFormal.AngularSeedRealization.full_mass_upper._simp_1_5 AXIOMS [propext]
AUDIT_THEOREM KakeyaFormal.AngularSeedRealization.full_carrier AXIOMS [propext, Classical.choice, Quot.sound]
AUDIT_THEOREM KakeyaFormal.AngularSeedRealization.endsConstant._proof_1 AXIOMS [propext]
AUDIT_THEOREM KakeyaFormal.AngularSeedPieces.Pieces.family.eq_1 AXIOMS [propext, Classical.choice, Quot.sound]
AUDIT_DECLARATION KakeyaFormal.AngularSeedRealization.physicalDensity AXIOMS [propext, Classical.choice, Quot.sound]
AUDIT_THEOREM KakeyaFormal.AngularSeedRealization.full_mass_upper._simp_1_7 AXIOMS [propext,
 Classical.choice,
 Quot.sound]
AUDIT_THEOREM KakeyaFormal.AngularSeedRealization.full_mass_upper._simp_1_6 AXIOMS [propext]
AUDIT_THEOREM KakeyaFormal.AngularSeedRealization.kept_ref_mass_lower._simp_1_1 AXIOMS [propext]
AUDIT_THEOREM KakeyaFormal.AngularSeedRealization.full_mass_upper._simp_1_2 AXIOMS [propext]
AUDIT_THEOREM KakeyaFormal.AngularSeedRealization.full_mass_upper._simp_1_4 AXIOMS [propext]
AUDIT_THEOREM KakeyaFormal.AngularSeedRealization.ref_finite AXIOMS [propext, Classical.choice, Quot.sound]
AUDIT_DECLARATION KakeyaFormal.AngularSeedRealization.endsConstant AXIOMS [propext, Classical.choice, Quot.sound]
AUDIT_THEOREM KakeyaFormal.AngularSeedRealization.kept_group_overlap AXIOMS [propext, Classical.choice, Quot.sound]
AUDIT_THEOREM KakeyaFormal.AngularSeedRealization.kept_ref_mass_lower._simp_1_3 AXIOMS [propext]
AUDIT_THEOREM KakeyaFormal.AngularSeedRealization.ref_union_subset AXIOMS [propext, Classical.choice, Quot.sound]
AUDIT_DECLARATION KakeyaFormal.AngularSeedRealization.Full AXIOMS [propext, Classical.choice, Quot.sound]
AUDIT_THEOREM KakeyaFormal.AngularSeedRealization.family_cap_bound AXIOMS [propext, Classical.choice, Quot.sound]
AUDIT_THEOREM KakeyaFormal.AngularSeedRealization.ref_mass._simp_1_3 AXIOMS [propext, Quot.sound]
AUDIT_THEOREM KakeyaFormal.AngularSeedRealization.family_separated AXIOMS [propext, Classical.choice, Quot.sound]
AUDIT_THEOREM KakeyaFormal.AngularSeedRealization.ref_subset_full AXIOMS [propext, Classical.choice, Quot.sound]
AUDIT_THEOREM KakeyaFormal.AngularSeedRealization.physicalDensity_pos AXIOMS [propext, Classical.choice, Quot.sound]
AUDIT_THEOREM KakeyaFormal.AngularSeedRealization.physicalDensity_le_one AXIOMS [propext, Classical.choice, Quot.sound]
AUDIT_THEOREM KakeyaFormal.AngularSeedRealization.ref_mass AXIOMS [propext, Classical.choice, Quot.sound]
AUDIT_THEOREM KakeyaFormal.AngularSeedRealization.ref_broad AXIOMS [propext, Classical.choice, Quot.sound]
AUDIT_THEOREM KakeyaFormal.AngularSeedRealization.kept_ref_mass_lower._simp_1_5 AXIOMS [propext]
AUDIT_THEOREM KakeyaFormal.AngularSeedRealization.Full.eq_1 AXIOMS [propext, Classical.choice, Quot.sound]
AUDIT_THEOREM KakeyaFormal.AngularSeedRealization.full_mass_upper._simp_1_3 AXIOMS [propext]
AUDIT_THEOREM KakeyaFormal.AngularSeedRealization.full_two_ends AXIOMS [propext, Classical.choice, Quot.sound]
AUDIT_THEOREM KakeyaFormal.AngularSeedRealization.kept_ref_mass_lower AXIOMS [propext, Classical.choice, Quot.sound]
AUDIT_DECLARATION KakeyaFormal.AngularSeedRealization.family AXIOMS [propext, Classical.choice, Quot.sound]
AUDIT_THEOREM KakeyaFormal.AngularSeedRealization.kept_ref_mass_lower._simp_1_2 AXIOMS [propext]
AUDIT_THEOREM KakeyaFormal.AngularSeedRealization.kept_ref_mass_lower._simp_1_4 AXIOMS [propext]
AUDIT_THEOREM KakeyaFormal.AngularSeedRealization.kept_ref_mass_lower._simp_1_7 AXIOMS [propext]
AUDIT_DECLARATION KakeyaFormal.AngularSeedRealization.Ref AXIOMS [propext, Classical.choice, Quot.sound]
AUDIT_THEOREM KakeyaFormal.AngularSeedRealization.kept_ref_mass_lower._simp_1_6 AXIOMS [propext,
 Classical.choice,
 Quot.sound]
AUDIT_THEOREM KakeyaFormal.AngularSeedRealization.Ref.eq_1 AXIOMS [propext, Classical.choice, Quot.sound]
AUDIT_THEOREM KakeyaFormal.AngularSeedRealization.ref_measurable AXIOMS [propext, Classical.choice, Quot.sound]
AUDIT_THEOREM KakeyaFormal.AngularSeedRealization.family.eq_1 AXIOMS [propext, Classical.choice, Quot.sound]
AUDIT_THEOREM KakeyaFormal.AngularSeedRealization.full_mass_upper AXIOMS [propext, Classical.choice, Quot.sound]
AUDIT_THEOREM KakeyaFormal.AngularSeedRealization.ref_mass._simp_1_2 AXIOMS [propext, Classical.choice, Quot.sound]
AUDIT_THEOREM KakeyaFormal.AngularSeedRealization.full_measurable AXIOMS [propext, Classical.choice, Quot.sound]
AUDIT_THEOREM KakeyaFormal.AngularSeedRealization.full_mass_upper._simp_1_8 AXIOMS [propext]
