AUDIT_DECLARATION KakeyaFormal.AngularSpatialBudgets.effectiveCoefficient AXIOMS [propext, Classical.choice, Quot.sound]
AUDIT_THEOREM KakeyaFormal.AngularSpatialBudgets.total_population AXIOMS [propext, Classical.choice, Quot.sound]
AUDIT_THEOREM KakeyaFormal.AngularSpatialSampling.broadConstant.eq_1 AXIOMS [propext, Classical.choice, Quot.sound]
AUDIT_THEOREM KakeyaFormal.AngularSpatialBudgets.box_population AXIOMS [propext, Classical.choice, Quot.sound]
AUDIT_THEOREM KakeyaFormal.AngularSpatialBudgets.broadCoefficient.eq_1 AXIOMS [propext, Classical.choice, Quot.sound]
AUDIT_THEOREM KakeyaFormal.AngularSpatialBudgets.box_population._simp_1_9 AXIOMS [propext]
AUDIT_THEOREM KakeyaFormal.AngularSpatialBudgets.box_population._simp_1_8 AXIOMS [propext, Classical.choice, Quot.sound]
AUDIT_THEOREM KakeyaFormal.AngularSpatialBudgets.broad_budget AXIOMS [propext, Classical.choice, Quot.sound]
AUDIT_THEOREM KakeyaFormal.AngularSpatialBudgets.box_population._simp_1_5 AXIOMS [propext]
AUDIT_THEOREM KakeyaFormal.AngularSpatialBudgets.ends_budget AXIOMS [propext, Classical.choice, Quot.sound]
AUDIT_THEOREM KakeyaFormal.AngularSpatialBudgets.box_population._simp_1_7 AXIOMS [propext]
AUDIT_THEOREM KakeyaFormal.AngularSpatialBudgets.box_population._simp_1_6 AXIOMS [propext]
AUDIT_THEOREM KakeyaFormal.AngularSpatialBudgets.box_population._simp_1_4 AXIOMS [propext]
AUDIT_DECLARATION KakeyaFormal.AngularSpatialBudgets.boxPopulationCoefficient AXIOMS [propext,
 Classical.choice,
 Quot.sound]
AUDIT_THEOREM KakeyaFormal.AngularSpatialBudgets.coefficients_pos AXIOMS [propext, Classical.choice, Quot.sound]
AUDIT_THEOREM KakeyaFormal.AngularSpatialBudgets.broadCoefficient._proof_1 AXIOMS [propext]
AUDIT_THEOREM KakeyaFormal.AngularSpatialBudgets.endsCoefficient._proof_1 AXIOMS [propext]
AUDIT_THEOREM KakeyaFormal.AngularSpatialBudgets.endsCoefficient.eq_1 AXIOMS [propext, Classical.choice, Quot.sound]
AUDIT_THEOREM KakeyaFormal.AngularSpatialBudgets.effectiveCoefficient._proof_2 AXIOMS [propext]
AUDIT_THEOREM KakeyaFormal.AngularSpatialBudgets.boxPopulationCoefficient._proof_1 AXIOMS [propext]
AUDIT_DECLARATION KakeyaFormal.AngularSpatialBudgets.endsCoefficient AXIOMS [propext, Classical.choice, Quot.sound]
AUDIT_THEOREM KakeyaFormal.AngularSpatialBudgets.effectiveCoefficient._proof_1 AXIOMS [propext]
AUDIT_THEOREM KakeyaFormal.AngularSpatialBudgets.effective_budget AXIOMS [propext, Classical.choice, Quot.sound]
AUDIT_THEOREM KakeyaFormal.AngularSpatialBudgets.endsCoefficient._proof_2 AXIOMS [propext]
AUDIT_THEOREM KakeyaFormal.AngularSpatialSampling.markedRatio.eq_1 AXIOMS [propext, Classical.choice, Quot.sound]
AUDIT_DECLARATION KakeyaFormal.AngularSpatialBudgets.broadCoefficient AXIOMS [propext, Classical.choice, Quot.sound]
AUDIT_THEOREM KakeyaFormal.AngularSpatialSampling.endsConstant.eq_1 AXIOMS [propext, Classical.choice, Quot.sound]
AUDIT_THEOREM KakeyaFormal.AngularSpatialBudgets.box_population._simp_1_3 AXIOMS [propext]
