AUDIT_THEOREM KakeyaFormal.AngularIncidence.common_scale_cell_pieces._simp_1_6 AXIOMS [propext]
AUDIT_THEOREM KakeyaFormal.AngularIncidence.common_scale_cell_pieces._simp_1_7 AXIOMS [propext,
 Classical.choice,
 Quot.sound]
AUDIT_THEOREM KakeyaFormal.AngularIncidence.common_scale_cell_pieces._simp_1_2 AXIOMS [propext]
AUDIT_THEOREM KakeyaFormal.AngularIncidence.common_scale_cell_pieces._simp_1_4 AXIOMS [propext]
AUDIT_THEOREM KakeyaFormal.AngularIncidence.mem_regroup AXIOMS [propext, Classical.choice, Quot.sound]
AUDIT_THEOREM KakeyaFormal.AngularIncidence.mem_regroup._simp_1_2 AXIOMS [propext, Classical.choice, Quot.sound]
AUDIT_DECLARATION KakeyaFormal.AngularIncidence.regroup AXIOMS [propext, Classical.choice, Quot.sound]
AUDIT_THEOREM KakeyaFormal.AngularIncidence.incident.eq_1 AXIOMS [propext, Classical.choice, Quot.sound]
AUDIT_THEOREM KakeyaFormal.AngularIncidence.regroup.eq_1 AXIOMS [propext, Classical.choice, Quot.sound]
AUDIT_THEOREM KakeyaFormal.AngularIncidence.regroup_occupied_count AXIOMS [propext, Classical.choice, Quot.sound]
AUDIT_THEOREM KakeyaFormal.AngularIncidence.regroup.congr_simp AXIOMS [propext, Classical.choice, Quot.sound]
AUDIT_DECLARATION KakeyaFormal.AngularIncidence.incident AXIOMS [propext, Classical.choice, Quot.sound]
AUDIT_THEOREM KakeyaFormal.AngularIncidence.incidenceMass.eq_1 AXIOMS [propext, Classical.choice, Quot.sound]
AUDIT_THEOREM KakeyaFormal.AngularIncidence.common_scale_cell_pieces AXIOMS [propext, Classical.choice, Quot.sound]
AUDIT_THEOREM KakeyaFormal.AngularDecomposition.Broad.eq_1 AXIOMS [propext, Classical.choice, Quot.sound]
AUDIT_THEOREM KakeyaFormal.AngularIncidence.mem_incident AXIOMS [propext, Classical.choice, Quot.sound]
AUDIT_DECLARATION KakeyaFormal.AngularIncidence.incidenceMass AXIOMS [propext, Classical.choice, Quot.sound]
AUDIT_THEOREM KakeyaFormal.AngularIncidence.common_scale_cell_pieces._simp_1_5 AXIOMS [propext]
AUDIT_THEOREM KakeyaFormal.AngularIncidence.bounded_angular_cap_cover AXIOMS [propext, Classical.choice, Quot.sound]
AUDIT_THEOREM KakeyaFormal.AngularIncidence.common_scale_cell_pieces._simp_1_3 AXIOMS [propext]
AUDIT_THEOREM KakeyaFormal.AngularIncidence.regroup_broad AXIOMS [propext, Classical.choice, Quot.sound]
AUDIT_THEOREM KakeyaFormal.AngularIncidence.common_scale_cell_pieces._simp_1_8 AXIOMS [propext]
AUDIT_THEOREM KakeyaFormal.AngularIncidence.incident_nonempty AXIOMS [propext, Classical.choice, Quot.sound]
AUDIT_THEOREM KakeyaFormal.AngularIncidence.mem_regroup._simp_1_3 AXIOMS [propext, Classical.choice, Quot.sound]
AUDIT_THEOREM KakeyaFormal.AngularIncidence.regroup_sum_card AXIOMS [propext, Classical.choice, Quot.sound]
AUDIT_THEOREM KakeyaFormal.AngularIncidence.regroup_disjoint AXIOMS [propext, Classical.choice, Quot.sound]
AUDIT_THEOREM KakeyaFormal.AngularIncidence.piece_in_global_cap AXIOMS [propext, Classical.choice, Quot.sound]
AUDIT_THEOREM KakeyaFormal.AngularIncidence.common_scale_cell_pieces._proof_1_9 AXIOMS [propext, Quot.sound]
AUDIT_THEOREM KakeyaFormal.AngularIncidence.actual_angular_groups AXIOMS [propext, Classical.choice, Quot.sound]
