'KakeyaFormal.AngularRestrictedRefinement.construct' depends on axioms: [propext, Classical.choice, Quot.sound]
AUDIT_THEOREM KakeyaFormal.AngularRestrictedRefinement.Refinement.marked_fraction AXIOMS [propext,
 Classical.choice,
 Quot.sound]
AUDIT_THEOREM KakeyaFormal.AngularRestrictedRefinement.Refinement.density_lower AXIOMS [propext,
 Classical.choice,
 Quot.sound]
AUDIT_THEOREM KakeyaFormal.AngularRestrictedRefinement.original.eq_1 AXIOMS [propext, Classical.choice, Quot.sound]
AUDIT_DECLARATION KakeyaFormal.AngularRestrictedRefinement.Refinement.noConfusionType AXIOMS [propext,
 Classical.choice,
 Quot.sound]
AUDIT_DECLARATION KakeyaFormal.AngularRestrictedRefinement.Refinement._sizeOf_inst AXIOMS [propext,
 Classical.choice,
 Quot.sound]
AUDIT_DECLARATION KakeyaFormal.AngularRestrictedRefinement.Refinement.ctorIdx AXIOMS [propext,
 Classical.choice,
 Quot.sound]
AUDIT_DECLARATION KakeyaFormal.AngularRestrictedRefinement.Refinement.family AXIOMS [propext,
 Classical.choice,
 Quot.sound]
AUDIT_DECLARATION KakeyaFormal.AngularRestrictedRefinement.Refinement.mk._flat_ctor AXIOMS [propext,
 Classical.choice,
 Quot.sound]
AUDIT_THEOREM KakeyaFormal.AngularRestrictedRefinement.Refinement.depth_bound AXIOMS [propext,
 Classical.choice,
 Quot.sound]
AUDIT_THEOREM KakeyaFormal.AngularRestrictedRefinement.Refinement.index_injective AXIOMS [propext,
 Classical.choice,
 Quot.sound]
AUDIT_THEOREM KakeyaFormal.AngularRestrictedRefinement.Refinement.population_pos AXIOMS [propext,
 Classical.choice,
 Quot.sound]
AUDIT_DECLARATION KakeyaFormal.AngularRestrictedRefinement.Refinement.casesOn AXIOMS [propext,
 Classical.choice,
 Quot.sound]
AUDIT_DECLARATION KakeyaFormal.AngularRestrictedRefinement.Refinement.mk.noConfusion AXIOMS [propext,
 Classical.choice,
 Quot.sound]
AUDIT_DECLARATION KakeyaFormal.AngularRestrictedRefinement.original AXIOMS [propext, Classical.choice, Quot.sound]
AUDIT_THEOREM KakeyaFormal.AngularRestrictedRefinement.Refinement.density_upper AXIOMS [propext,
 Classical.choice,
 Quot.sound]
AUDIT_DECLARATION KakeyaFormal.AngularRestrictedRefinement.Refinement.density AXIOMS [propext,
 Classical.choice,
 Quot.sound]
AUDIT_DECLARATION KakeyaFormal.AngularRestrictedRefinement.Refinement.marks AXIOMS [propext,
 Classical.choice,
 Quot.sound]
AUDIT_THEOREM KakeyaFormal.AngularRestrictedRefinement.Refinement.two_ends AXIOMS [propext,
 Classical.choice,
 Quot.sound]
AUDIT_THEOREM KakeyaFormal.AngularRestrictedRefinement.Refinement.density_pos AXIOMS [propext,
 Classical.choice,
 Quot.sound]
AUDIT_THEOREM KakeyaFormal.AngularRestrictedRefinement.broadCoefficient_pos AXIOMS [propext,
 Classical.choice,
 Quot.sound]
AUDIT_DECLARATION KakeyaFormal.AngularRestrictedRefinement.Refinement.recOn AXIOMS [propext,
 Classical.choice,
 Quot.sound]
AUDIT_THEOREM KakeyaFormal.AngularRestrictedRefinement.Refinement.broad AXIOMS [propext, Classical.choice, Quot.sound]
AUDIT_DECLARATION KakeyaFormal.AngularRestrictedRefinement.Refinement.noConfusion AXIOMS [propext,
 Classical.choice,
 Quot.sound]
AUDIT_DECLARATION KakeyaFormal.AngularRestrictedRefinement.Refinement.depth AXIOMS [propext,
 Classical.choice,
 Quot.sound]
AUDIT_THEOREM KakeyaFormal.AngularRestrictedRefinement.Refinement.mk.injEq AXIOMS [propext,
 Classical.choice,
 Quot.sound]
AUDIT_THEOREM KakeyaFormal.AngularRestrictedRefinement.Refinement.mk.sizeOf_spec AXIOMS [propext,
 Classical.choice,
 Quot.sound]
AUDIT_THEOREM KakeyaFormal.AngularRestrictedRefinement.Refinement.union_subset AXIOMS [propext,
 Classical.choice,
 Quot.sound]
AUDIT_DECLARATION KakeyaFormal.AngularRestrictedRefinement.Refinement._sizeOf_1 AXIOMS [propext,
 Classical.choice,
 Quot.sound]
AUDIT_THEOREM KakeyaFormal.AngularRestrictedRefinement.Refinement.marked_mass AXIOMS [propext,
 Classical.choice,
 Quot.sound]
AUDIT_DECLARATION KakeyaFormal.AngularRestrictedRefinement.Refinement.index AXIOMS [propext,
 Classical.choice,
 Quot.sound]
AUDIT_DECLARATION KakeyaFormal.AngularRestrictedRefinement.Refinement.N AXIOMS [propext, Classical.choice, Quot.sound]
AUDIT_THEOREM KakeyaFormal.AngularRestrictedRefinement.construct AXIOMS [propext, Classical.choice, Quot.sound]
AUDIT_THEOREM KakeyaFormal.AngularRestrictedRefinement.Refinement.marks_subset AXIOMS [propext,
 Classical.choice,
 Quot.sound]
AUDIT_DECLARATION KakeyaFormal.AngularRestrictedRefinement.Refinement AXIOMS [propext, Classical.choice, Quot.sound]
AUDIT_THEOREM KakeyaFormal.AngularRestrictedRefinement.Refinement.mk.inj AXIOMS [propext, Classical.choice, Quot.sound]
AUDIT_DECLARATION KakeyaFormal.AngularRestrictedRefinement.Refinement.rec AXIOMS [propext, Classical.choice, Quot.sound]
AUDIT_THEOREM KakeyaFormal.AngularRestrictedRefinement.broadCoefficient._proof_1 AXIOMS [propext]
AUDIT_THEOREM KakeyaFormal.AngularRestrictedRefinement.Refinement.comparable AXIOMS [propext,
 Classical.choice,
 Quot.sound]
AUDIT_DECLARATION KakeyaFormal.AngularRestrictedRefinement.Refinement.mk AXIOMS [propext, Classical.choice, Quot.sound]
AUDIT_THEOREM KakeyaFormal.AngularRestrictedRefinement.Refinement.population_lower AXIOMS [propext,
 Classical.choice,
 Quot.sound]
AUDIT_THEOREM KakeyaFormal.AngularRestrictedRefinement.Refinement.full_exact AXIOMS [propext,
 Classical.choice,
 Quot.sound]
AUDIT_DECLARATION KakeyaFormal.AngularRestrictedRefinement.broadCoefficient AXIOMS [propext,
 Classical.choice,
 Quot.sound]
