AUDIT_THEOREM KakeyaFormal.AngularSeedPieces.Pieces.eta._proof_1 AXIOMS [propext]
AUDIT_THEOREM KakeyaFormal.AngularSeedPieces.Pieces.unique AXIOMS [propext, Classical.choice, Quot.sound]
AUDIT_THEOREM KakeyaFormal.AngularSeedPieces.angularConstant._proof_1 AXIOMS [propext]
AUDIT_THEOREM KakeyaFormal.AngularSeedPieces.Pieces.eta_le_one AXIOMS [propext, Classical.choice, Quot.sound]
AUDIT_THEOREM KakeyaFormal.AngularSeedPieces.Pieces.upper_scale AXIOMS [propext, Classical.choice, Quot.sound]
AUDIT_DECLARATION KakeyaFormal.AngularSeedPieces.Pieces.shading AXIOMS [propext, Classical.choice, Quot.sound]
AUDIT_DECLARATION KakeyaFormal.AngularSeedPieces.Pieces AXIOMS [propext, Classical.choice, Quot.sound]
AUDIT_DECLARATION KakeyaFormal.AngularSeedPieces.Pieces.rec AXIOMS [propext, Classical.choice, Quot.sound]
AUDIT_THEOREM KakeyaFormal.AngularSeedPieces.Pieces.family_cap AXIOMS [propext, Classical.choice, Quot.sound]
AUDIT_THEOREM KakeyaFormal.AngularSeedPieces.exists_pieces._simp_1_3 AXIOMS [propext]
AUDIT_THEOREM KakeyaFormal.AngularSeedPieces.retentionRate_pos AXIOMS [propext, Classical.choice, Quot.sound]
AUDIT_DECLARATION KakeyaFormal.AngularSeedPieces.Pieces.eta AXIOMS [propext, Classical.choice, Quot.sound]
AUDIT_THEOREM KakeyaFormal.AngularSeedPieces.angularConstant_pos AXIOMS [propext, Classical.choice, Quot.sound]
AUDIT_DECLARATION KakeyaFormal.AngularSeedPieces.angularConstant AXIOMS [propext, Classical.choice, Quot.sound]
AUDIT_THEOREM KakeyaFormal.AngularSeedPieces.Pieces.subset AXIOMS [propext, Classical.choice, Quot.sound]
AUDIT_THEOREM KakeyaFormal.AngularSeedPieces.retentionRate_le_one AXIOMS [propext, Classical.choice, Quot.sound]
AUDIT_THEOREM KakeyaFormal.AngularSeedPieces.Pieces.pruning AXIOMS [propext, Classical.choice, Quot.sound]
AUDIT_DECLARATION KakeyaFormal.AngularSeedPieces.Pieces.recOn AXIOMS [propext, Classical.choice, Quot.sound]
AUDIT_THEOREM KakeyaFormal.AngularSeedPieces.retentionRate._proof_1 AXIOMS [propext]
AUDIT_THEOREM KakeyaFormal.AngularSeedPieces.exists_pieces._simp_1_1 AXIOMS [propext]
AUDIT_DECLARATION KakeyaFormal.AngularSeedPieces.retentionRate AXIOMS [propext, Classical.choice, Quot.sound]
AUDIT_DECLARATION KakeyaFormal.AngularSeedPieces.Pieces.keptGroups AXIOMS [propext, Classical.choice, Quot.sound]
AUDIT_THEOREM KakeyaFormal.AngularSeedPieces.Pieces.overlap AXIOMS [propext, Classical.choice, Quot.sound]
AUDIT_THEOREM KakeyaFormal.AngularSeedPieces.Pieces.total_family_count AXIOMS [propext, Classical.choice, Quot.sound]
AUDIT_THEOREM KakeyaFormal.AngularSeedPieces.Pieces.broad AXIOMS [propext, Classical.choice, Quot.sound]
AUDIT_DECLARATION KakeyaFormal.AngularSeedPieces.Pieces.noConfusion AXIOMS [propext, Classical.choice, Quot.sound]
AUDIT_THEOREM KakeyaFormal.AngularSeedPieces.exists_pieces AXIOMS [propext, Classical.choice, Quot.sound]
AUDIT_THEOREM KakeyaFormal.AngularSeedPieces.Pieces.retained AXIOMS [propext, Classical.choice, Quot.sound]
AUDIT_THEOREM KakeyaFormal.AngularSeedPieces.Pieces.lower_scale AXIOMS [propext, Classical.choice, Quot.sound]
AUDIT_THEOREM KakeyaFormal.AngularSeedPieces.Pieces.mk.injEq AXIOMS [propext, Classical.choice, Quot.sound]
AUDIT_DECLARATION KakeyaFormal.AngularSeedPieces.Pieces.tau AXIOMS [propext, Classical.choice, Quot.sound]
AUDIT_DECLARATION KakeyaFormal.AngularSeedPieces.Pieces.mk.noConfusion AXIOMS [propext, Classical.choice, Quot.sound]
AUDIT_DECLARATION KakeyaFormal.AngularSeedPieces.Pieces._sizeOf_1 AXIOMS [propext, Classical.choice, Quot.sound]
AUDIT_THEOREM KakeyaFormal.AngularSeedPieces.Pieces.kept_overlap AXIOMS [propext, Classical.choice, Quot.sound]
AUDIT_THEOREM KakeyaFormal.AngularSeedPieces.Pieces.eta_pos AXIOMS [propext, Classical.choice, Quot.sound]
AUDIT_THEOREM KakeyaFormal.AngularSeedPieces.exists_pieces._simp_1_5 AXIOMS [propext]
AUDIT_THEOREM KakeyaFormal.AngularSeedPieces.Pieces.mk.inj AXIOMS [propext, Classical.choice, Quot.sound]
AUDIT_THEOREM KakeyaFormal.AngularSeedPieces.Pieces.family_mass AXIOMS [propext, Classical.choice, Quot.sound]
AUDIT_DECLARATION KakeyaFormal.AngularSeedPieces.Pieces.mk AXIOMS [propext, Classical.choice, Quot.sound]
AUDIT_THEOREM KakeyaFormal.AngularSeedPieces.exists_pieces._simp_1_4 AXIOMS [propext]
AUDIT_THEOREM KakeyaFormal.AngularSeedPieces.exists_pieces._simp_1_7 AXIOMS [propext]
AUDIT_THEOREM KakeyaFormal.AngularSeedPieces.exists_pieces._simp_1_2 AXIOMS [propext]
AUDIT_THEOREM KakeyaFormal.AngularSeedPieces.exists_pieces._simp_1_6 AXIOMS [propext, Classical.choice, Quot.sound]
AUDIT_THEOREM KakeyaFormal.AngularSeedPieces.Pieces.assign_mem AXIOMS [propext, Classical.choice, Quot.sound]
AUDIT_DECLARATION KakeyaFormal.AngularSeedPieces.Pieces.J AXIOMS [propext, Classical.choice, Quot.sound]
AUDIT_THEOREM KakeyaFormal.AngularSeedPieces.Pieces.local_cap AXIOMS [propext, Classical.choice, Quot.sound]
AUDIT_DECLARATION KakeyaFormal.AngularSeedPieces.Pieces.noConfusionType AXIOMS [propext, Classical.choice, Quot.sound]
AUDIT_DECLARATION KakeyaFormal.AngularSeedPieces.Pieces._sizeOf_inst AXIOMS [propext, Classical.choice, Quot.sound]
AUDIT_DECLARATION KakeyaFormal.AngularSeedPieces.Pieces.ctorIdx AXIOMS [propext, Classical.choice, Quot.sound]
AUDIT_DECLARATION KakeyaFormal.AngularSeedPieces.Pieces.family AXIOMS [propext, Classical.choice, Quot.sound]
AUDIT_DECLARATION KakeyaFormal.AngularSeedPieces.Pieces.mk._flat_ctor AXIOMS [propext, Classical.choice, Quot.sound]
AUDIT_DECLARATION KakeyaFormal.AngularSeedPieces.Pieces.assign AXIOMS [propext, Classical.choice, Quot.sound]
AUDIT_THEOREM KakeyaFormal.AngularSeedPieces.Pieces.depth AXIOMS [propext, Classical.choice, Quot.sound]
AUDIT_DECLARATION KakeyaFormal.AngularSeedPieces.Pieces.groups AXIOMS [propext, Classical.choice, Quot.sound]
AUDIT_THEOREM KakeyaFormal.AngularSeedPieces.Pieces.mk.sizeOf_spec AXIOMS [propext, Classical.choice, Quot.sound]
AUDIT_DECLARATION KakeyaFormal.AngularSeedPieces.Pieces.casesOn AXIOMS [propext, Classical.choice, Quot.sound]
