'KakeyaFormal.AngularRestrictedMeasurable.full_eq_ref' depends on axioms: [propext, Classical.choice, Quot.sound]
'KakeyaFormal.AngularRestrictedMeasurable.marked_fraction' depends on axioms: [propext, Classical.choice, Quot.sound]
'KakeyaFormal.AngularRestrictedMeasurable.marked_broad' depends on axioms: [propext, Classical.choice, Quot.sound]
'KakeyaFormal.AngularRestrictedMeasurable.two_ends' depends on axioms: [propext, Classical.choice, Quot.sound]
AUDIT_THEOREM KakeyaFormal.AngularRestrictedMeasurable.marks_subset_ref AXIOMS [propext, Classical.choice, Quot.sound]
AUDIT_THEOREM KakeyaFormal.AngularRestrictedMeasurable.marked_fraction._simp_1_4 AXIOMS [propext, Quot.sound]
AUDIT_THEOREM KakeyaFormal.AngularRestrictedMeasurable.family.eq_1 AXIOMS [propext, Classical.choice, Quot.sound]
AUDIT_THEOREM KakeyaFormal.AngularRestrictedMeasurable.marked_fraction AXIOMS [propext, Classical.choice, Quot.sound]
AUDIT_THEOREM KakeyaFormal.AngularRestrictedMeasurable.carrier AXIOMS [propext, Classical.choice, Quot.sound]
AUDIT_THEOREM KakeyaFormal.AngularRestrictedMeasurable.full_density._simp_1_6 AXIOMS [propext]
AUDIT_THEOREM KakeyaFormal.AngularRestrictedMeasurable.full_density._simp_1_4 AXIOMS [propext]
AUDIT_THEOREM KakeyaFormal.AngularRestrictedMeasurable.full_density._simp_1_7 AXIOMS [propext,
 Classical.choice,
 Quot.sound]
AUDIT_THEOREM KakeyaFormal.AngularRestrictedMeasurable.full_density._simp_1_2 AXIOMS [propext]
AUDIT_THEOREM KakeyaFormal.AngularRestrictedMeasurable.full_eq_ref AXIOMS [propext, Classical.choice, Quot.sound]
AUDIT_DECLARATION KakeyaFormal.AngularRestrictedMeasurable.Marks AXIOMS [propext, Classical.choice, Quot.sound]
AUDIT_THEOREM KakeyaFormal.AngularRestrictedMeasurable.marks_subset_full AXIOMS [propext, Classical.choice, Quot.sound]
AUDIT_THEOREM KakeyaFormal.AngularRestrictedMeasurable.full_union_subset AXIOMS [propext, Classical.choice, Quot.sound]
AUDIT_THEOREM KakeyaFormal.AngularRestrictedMeasurable.Marks.eq_1 AXIOMS [propext, Classical.choice, Quot.sound]
AUDIT_THEOREM KakeyaFormal.AngularRestrictedMeasurable.full_density._simp_1_8 AXIOMS [propext]
AUDIT_THEOREM KakeyaFormal.AngularRestrictedMeasurable.Full.eq_1 AXIOMS [propext, Classical.choice, Quot.sound]
AUDIT_THEOREM KakeyaFormal.AngularRestrictedMeasurable.full_density AXIOMS [propext, Classical.choice, Quot.sound]
AUDIT_THEOREM KakeyaFormal.AngularRestrictedMeasurable.finite AXIOMS [propext, Classical.choice, Quot.sound]
AUDIT_THEOREM KakeyaFormal.AngularRestrictedMeasurable.marked_broad AXIOMS [propext, Classical.choice, Quot.sound]
AUDIT_THEOREM KakeyaFormal.AngularRestrictedMeasurable.two_ends AXIOMS [propext, Classical.choice, Quot.sound]
AUDIT_THEOREM KakeyaFormal.AngularRestrictedMeasurable.marked_fraction._simp_1_3 AXIOMS [propext,
 Classical.choice,
 Quot.sound]
AUDIT_THEOREM KakeyaFormal.AngularRestrictedMeasurable.measurable AXIOMS [propext, Classical.choice, Quot.sound]
AUDIT_THEOREM KakeyaFormal.AngularRestrictedMeasurable.full_density._simp_1_3 AXIOMS [propext]
AUDIT_THEOREM KakeyaFormal.AngularRestrictedMeasurable.full_density._simp_1_5 AXIOMS [propext]
AUDIT_DECLARATION KakeyaFormal.AngularRestrictedMeasurable.family AXIOMS [propext, Classical.choice, Quot.sound]
AUDIT_DECLARATION KakeyaFormal.AngularRestrictedMeasurable.Full AXIOMS [propext, Classical.choice, Quot.sound]
