AUDIT_THEOREM KakeyaFormal.AnisotropicRescaling.transformedTube.congr_simp AXIOMS [propext,
 Classical.choice,
 Quot.sound]
AUDIT_THEOREM KakeyaFormal.AnisotropicGrid.fiber_card_le._simp_1_5 AXIOMS [propext]
AUDIT_DECLARATION KakeyaFormal.AnisotropicGrid.fiberConstant AXIOMS [propext, Classical.choice, Quot.sound]
AUDIT_THEOREM KakeyaFormal.AnisotropicGrid.fiber_card_le._simp_1_2 AXIOMS [propext]
AUDIT_THEOREM KakeyaFormal.AnisotropicGrid.fiber_card_le._simp_1_6 AXIOMS [propext, Classical.choice, Quot.sound]
AUDIT_THEOREM KakeyaFormal.AnisotropicGrid.rounded_center_distance AXIOMS [propext, Classical.choice, Quot.sound]
AUDIT_THEOREM KakeyaFormal.AnisotropicGrid.fiber_card_le._simp_1_4 AXIOMS [propext]
AUDIT_THEOREM KakeyaFormal.AnisotropicGrid.fiber_card_le._simp_1_7 AXIOMS [propext]
AUDIT_THEOREM KakeyaFormal.AnisotropicGrid.fiber_image_subset_ball AXIOMS [propext, Classical.choice, Quot.sound]
AUDIT_THEOREM KakeyaFormal.AnisotropicGrid.rounded_fiber_count AXIOMS [propext, Classical.choice, Quot.sound]
AUDIT_THEOREM KakeyaFormal.AnisotropicGrid.rounded_count_lower._simp_1_8 AXIOMS [propext]
AUDIT_THEOREM KakeyaFormal.AnisotropicGrid.rounded_count_lower._simp_1_3 AXIOMS [propext]
AUDIT_DECLARATION KakeyaFormal.AnisotropicGrid.roundedLabel AXIOMS [propext, Classical.choice, Quot.sound]
AUDIT_THEOREM KakeyaFormal.AnisotropicGrid.rounded_count_lower._simp_1_5 AXIOMS [propext]
AUDIT_THEOREM KakeyaFormal.AnisotropicGrid.fiberConstant_pos AXIOMS [propext, Classical.choice, Quot.sound]
AUDIT_THEOREM KakeyaFormal.AnisotropicGrid.rounded_center_carrier AXIOMS [propext, Classical.choice, Quot.sound]
AUDIT_THEOREM KakeyaFormal.AnisotropicGrid.fiber_card_le._simp_1_3 AXIOMS [propext]
AUDIT_THEOREM KakeyaFormal.AnisotropicGrid.roundedLabel.eq_1 AXIOMS [propext, Classical.choice, Quot.sound]
AUDIT_THEOREM KakeyaFormal.AnisotropicGrid.fiber_card_le._simp_1_1 AXIOMS [propext]
AUDIT_THEOREM KakeyaFormal.AnisotropicGrid.rounded_count_lower._simp_1_4 AXIOMS [propext]
AUDIT_THEOREM KakeyaFormal.AnisotropicGrid.rounded_count_lower._simp_1_6 AXIOMS [propext]
AUDIT_THEOREM KakeyaFormal.AnisotropicGrid.rounded_count_lower._simp_1_2 AXIOMS [propext]
AUDIT_THEOREM KakeyaFormal.AnisotropicGrid.rounded_count_lower._simp_1_7 AXIOMS [propext, Classical.choice, Quot.sound]
AUDIT_THEOREM KakeyaFormal.AnisotropicGrid.rounded_count_lower AXIOMS [propext, Classical.choice, Quot.sound]
AUDIT_THEOREM KakeyaFormal.AnisotropicGrid.fiber_card_le AXIOMS [propext, Classical.choice, Quot.sound]
