AUDIT_THEOREM KakeyaFormal.AnisotropicJointGeometry.onColor_subset AXIOMS [propext, Classical.choice, Quot.sound]
AUDIT_THEOREM KakeyaFormal.AnisotropicJointGeometry.onColor_measurable AXIOMS [propext]
AUDIT_THEOREM KakeyaFormal.AnisotropicJointGeometry.onColor.eq_1 AXIOMS []
AUDIT_THEOREM KakeyaFormal.AnisotropicJointGeometry.measured_geometry AXIOMS [propext, Classical.choice, Quot.sound]
AUDIT_THEOREM KakeyaFormal.AnisotropicJointGeometry.separationFactor._proof_2 AXIOMS [propext]
AUDIT_THEOREM KakeyaFormal.AnisotropicJointGeometry.positive_onColor AXIOMS [propext, Classical.choice, Quot.sound]
AUDIT_THEOREM KakeyaFormal.AnisotropicJointGeometry.onColor_nested AXIOMS [propext, Classical.choice, Quot.sound]
AUDIT_THEOREM KakeyaFormal.AnisotropicJointGeometry.separationFactor_pos AXIOMS [propext, Classical.choice, Quot.sound]
AUDIT_THEOREM KakeyaFormal.AnisotropicJointGeometry.joint_cap_bound AXIOMS [propext, Classical.choice, Quot.sound]
AUDIT_THEOREM KakeyaFormal.AnisotropicJointGeometry.capFactor._proof_1 AXIOMS [propext]
AUDIT_DECLARATION KakeyaFormal.AnisotropicJointGeometry.onColor AXIOMS []
AUDIT_THEOREM KakeyaFormal.AnisotropicJointGeometry.separationFactor._proof_1 AXIOMS [propext]
AUDIT_THEOREM KakeyaFormal.AnisotropicJointGeometry.separationFactor.eq_1 AXIOMS [propext, Classical.choice, Quot.sound]
AUDIT_THEOREM KakeyaFormal.AnisotropicJointGeometry.capFactor_ge_one AXIOMS [propext, Classical.choice, Quot.sound]
AUDIT_THEOREM KakeyaFormal.AnisotropicJointGeometry.joint_colored_selection AXIOMS [propext,
 Classical.choice,
 Quot.sound]
AUDIT_THEOREM KakeyaFormal.AnisotropicJointGeometry.measured_coloring AXIOMS [propext, Classical.choice, Quot.sound]
AUDIT_DECLARATION KakeyaFormal.AnisotropicJointGeometry.separationFactor AXIOMS [propext, Classical.choice, Quot.sound]
AUDIT_THEOREM KakeyaFormal.AnisotropicJointGeometry.marked_color AXIOMS [propext, Classical.choice, Quot.sound]
AUDIT_THEOREM KakeyaFormal.AnisotropicJointGeometry.palette_bound AXIOMS [propext, Classical.choice, Quot.sound]
AUDIT_THEOREM KakeyaFormal.AnisotropicJointGeometry.joint_base_bound AXIOMS [propext, Classical.choice, Quot.sound]
AUDIT_THEOREM KakeyaFormal.AnisotropicJointGeometry.joint_separated AXIOMS [propext, Classical.choice, Quot.sound]
AUDIT_THEOREM KakeyaFormal.AnisotropicJointGeometry.measured_onColor_separated AXIOMS [propext,
 Classical.choice,
 Quot.sound]
AUDIT_THEOREM KakeyaFormal.SeparationColoring.neighborBound.eq_1 AXIOMS [propext, Classical.choice, Quot.sound]
AUDIT_DECLARATION KakeyaFormal.AnisotropicJointGeometry.baseBound AXIOMS [propext, Classical.choice, Quot.sound]
AUDIT_THEOREM KakeyaFormal.AnisotropicJointGeometry.baseBound_pos AXIOMS [propext, Classical.choice, Quot.sound]
AUDIT_DECLARATION KakeyaFormal.AnisotropicJointGeometry.capFactor AXIOMS [propext, Classical.choice, Quot.sound]
AUDIT_THEOREM KakeyaFormal.AnisotropicJointGeometry.onColor_mass AXIOMS [propext, Classical.choice, Quot.sound]
