'KakeyaFormal.Bush.cumulative_bush_square' depends on axioms: [propext, Classical.choice, Quot.sound]
'KakeyaFormal.Bush.cumulative_bush_lower_bound' depends on axioms: [propext, Classical.choice, Quot.sound]
'KakeyaFormal.Bush.bush_real_cap_estimate' depends on axioms: [propext, Classical.choice, Quot.sound]
AUDIT_THEOREM KakeyaFormal.Bush.bush_far_incidence_bound AXIOMS [propext, Classical.choice, Quot.sound]
AUDIT_THEOREM KakeyaFormal.Bush.localConstant._proof_1 AXIOMS [propext]
AUDIT_THEOREM KakeyaFormal.Bush.sparse_bush_square AXIOMS [propext, Classical.choice, Quot.sound]
AUDIT_DECLARATION KakeyaFormal.Bush.densityThreshold AXIOMS [propext, Classical.choice, Quot.sound]
AUDIT_THEOREM KakeyaFormal.Bush.near_far_card._simp_1_3 AXIOMS [propext]
AUDIT_THEOREM KakeyaFormal.Bush.union_nonempty_of_mass_pos AXIOMS [propext, Classical.choice, Quot.sound]
AUDIT_DECLARATION KakeyaFormal.Bush.incidenceMass AXIOMS [propext, Classical.choice, Quot.sound]
AUDIT_THEOREM KakeyaFormal.Bush.farCells.eq_1 AXIOMS [propext, Classical.choice, Quot.sound]
AUDIT_THEOREM KakeyaFormal.Bush.cumulative_bush_product AXIOMS [propext, Classical.choice, Quot.sound]
AUDIT_THEOREM KakeyaFormal.Bush.degree.eq_1 AXIOMS [propext, Classical.choice, Quot.sound]
AUDIT_DECLARATION KakeyaFormal.Bush.squareConstant AXIOMS [propext, Classical.choice, Quot.sound]
AUDIT_THEOREM KakeyaFormal.Bush.incidenceMass_eq_sum_degree._simp_1_2 AXIOMS [propext]
AUDIT_THEOREM KakeyaFormal.Bush.incidenceMass.eq_1 AXIOMS [propext, Classical.choice, Quot.sound]
AUDIT_THEOREM KakeyaFormal.Bush.incidenceMass_eq_sum_degree AXIOMS [propext, Classical.choice, Quot.sound]
AUDIT_THEOREM KakeyaFormal.Bush.squareConstant_pos AXIOMS [propext, Classical.choice, Quot.sound]
AUDIT_THEOREM KakeyaFormal.Bush.localConstant_ge_one AXIOMS [propext, Classical.choice, Quot.sound]
AUDIT_THEOREM KakeyaFormal.Bush.localConstant_ge_one._proof_1_1 AXIOMS [propext, Classical.choice, Quot.sound]
AUDIT_THEOREM KakeyaFormal.Bush.nearCells_bound AXIOMS [propext, Classical.choice, Quot.sound]
AUDIT_THEOREM KakeyaFormal.Bush.squareConstant._proof_2 AXIOMS [propext]
AUDIT_THEOREM KakeyaFormal.Bush.exists_bush_cell AXIOMS [propext, Classical.choice, Quot.sound]
AUDIT_THEOREM KakeyaFormal.Bush.bush_far_incidence_bound._simp_1_3 AXIOMS [propext, Classical.choice, Quot.sound]
AUDIT_DECLARATION KakeyaFormal.Bush.degree AXIOMS [propext, Classical.choice, Quot.sound]
AUDIT_DECLARATION KakeyaFormal.Bush.farCells AXIOMS [propext, Classical.choice, Quot.sound]
AUDIT_DECLARATION KakeyaFormal.Bush.localConstant AXIOMS [propext, Classical.choice, Quot.sound]
AUDIT_THEOREM KakeyaFormal.Bush.localConstant._proof_2 AXIOMS [propext]
AUDIT_THEOREM KakeyaFormal.Bush.dense_bush_square._simp_1_8 AXIOMS [propext]
AUDIT_THEOREM KakeyaFormal.Bush.dense_bush_square._simp_1_3 AXIOMS [propext]
AUDIT_THEOREM KakeyaFormal.Bush.bush_discrete_estimate AXIOMS [propext, Classical.choice, Quot.sound]
AUDIT_THEOREM KakeyaFormal.Bush.dense_bush_square._simp_1_5 AXIOMS [propext]
AUDIT_THEOREM KakeyaFormal.Bush.farCells_lower AXIOMS [propext, Classical.choice, Quot.sound]
AUDIT_THEOREM KakeyaFormal.Bush.admissible_width_mono AXIOMS [propext, Classical.choice, Quot.sound]
AUDIT_THEOREM KakeyaFormal.Bush.nearCells.eq_1 AXIOMS [propext, Classical.choice, Quot.sound]
AUDIT_DECLARATION KakeyaFormal.Bush.bushConstant AXIOMS [propext, Classical.choice, Quot.sound]
AUDIT_THEOREM KakeyaFormal.Bush.densityThreshold_pos AXIOMS [propext, Classical.choice, Quot.sound]
AUDIT_THEOREM KakeyaFormal.Bush.cumulative_bush_linear_product AXIOMS [propext, Classical.choice, Quot.sound]
AUDIT_DECLARATION KakeyaFormal.Bush.retainedTubes AXIOMS [propext, Classical.choice, Quot.sound]
AUDIT_THEOREM KakeyaFormal.Bush.bushConstant_pos AXIOMS [propext, Classical.choice, Quot.sound]
AUDIT_THEOREM KakeyaFormal.Bush.bush_real_cap_estimate AXIOMS [propext, Classical.choice, Quot.sound]
AUDIT_THEOREM KakeyaFormal.Bush.cumulative_bush_square AXIOMS [propext, Classical.choice, Quot.sound]
AUDIT_THEOREM KakeyaFormal.Bush.bush_far_incidence_bound._simp_1_4 AXIOMS [propext]
AUDIT_THEOREM KakeyaFormal.Bush.incidenceMass_eq_sum_degree._simp_1_1 AXIOMS [propext, Classical.choice, Quot.sound]
AUDIT_THEOREM KakeyaFormal.Bush.squareConstant._proof_1 AXIOMS [propext]
AUDIT_THEOREM KakeyaFormal.Bush.retained_incidence_mass AXIOMS [propext, Classical.choice, Quot.sound]
AUDIT_THEOREM KakeyaFormal.Bush.cumulative_bush_estimate AXIOMS [propext, Classical.choice, Quot.sound]
AUDIT_THEOREM KakeyaFormal.Bush.densityThreshold._proof_1 AXIOMS [propext]
AUDIT_THEOREM KakeyaFormal.Bush.union_card_ge_one AXIOMS [propext, Classical.choice, Quot.sound]
AUDIT_THEOREM KakeyaFormal.Bush.bushTubes.eq_1 AXIOMS [propext, Classical.choice, Quot.sound]
AUDIT_THEOREM KakeyaFormal.Bush.dense_bush_square._simp_1_2 AXIOMS [propext]
AUDIT_THEOREM KakeyaFormal.Bush.dense_bush_square._simp_1_6 AXIOMS [propext]
AUDIT_THEOREM KakeyaFormal.Bush.dense_bush_square._simp_1_7 AXIOMS [propext, Classical.choice, Quot.sound]
AUDIT_THEOREM KakeyaFormal.Bush.cumulative_bush_lower_bound AXIOMS [propext, Classical.choice, Quot.sound]
AUDIT_THEOREM KakeyaFormal.Bush.dense_bush_square._simp_1_4 AXIOMS [propext]
AUDIT_THEOREM KakeyaFormal.Bush.dense_bush_square AXIOMS [propext, Classical.choice, Quot.sound]
AUDIT_THEOREM KakeyaFormal.Bush.retainedTubes.eq_1 AXIOMS [propext, Classical.choice, Quot.sound]
AUDIT_THEOREM KakeyaFormal.Bush.near_far_card AXIOMS [propext, Classical.choice, Quot.sound]
AUDIT_THEOREM KakeyaFormal.Bush.dense_bush_square_ratio AXIOMS [propext, Classical.choice, Quot.sound]
AUDIT_DECLARATION KakeyaFormal.Bush.nearCells AXIOMS [propext, Classical.choice, Quot.sound]
AUDIT_DECLARATION KakeyaFormal.Bush.bushTubes AXIOMS [propext, Classical.choice, Quot.sound]
