AUDIT_THEOREM KakeyaFormal.ClosingEnergyAlgebra.liftCoefficient_pos AXIOMS [propext, Classical.choice, Quot.sound]
AUDIT_THEOREM KakeyaFormal.ClosingEnergyAlgebra.closingCoefficient_pos AXIOMS [propext, Classical.choice, Quot.sound]
AUDIT_THEOREM KakeyaFormal.ClosingEnergyAlgebra.actual_count_bounds AXIOMS [propext, Classical.choice, Quot.sound]
AUDIT_DECLARATION KakeyaFormal.ClosingEnergyAlgebra.pivotCoefficient AXIOMS [propext, Classical.choice, Quot.sound]
AUDIT_THEOREM KakeyaFormal.ClosingEnergyAlgebra.closing_energy_six AXIOMS [propext, Classical.choice, Quot.sound]
AUDIT_THEOREM KakeyaFormal.ClosingEnergyAlgebra.source_from_energy AXIOMS [propext, Classical.choice, Quot.sound]
AUDIT_DECLARATION KakeyaFormal.ClosingEnergyAlgebra.closingCoefficient AXIOMS [propext, Classical.choice, Quot.sound]
AUDIT_THEOREM KakeyaFormal.ClosingEnergyAlgebra.pivotCoefficient._proof_2 AXIOMS [propext]
AUDIT_THEOREM KakeyaFormal.ClosingEnergyAlgebra.density_combination._simp_1_2 AXIOMS [propext]
AUDIT_THEOREM KakeyaFormal.ClosingEnergyAlgebra.density_combination._simp_1_6 AXIOMS [propext,
 Classical.choice,
 Quot.sound]
AUDIT_THEOREM KakeyaFormal.ClosingEnergyAlgebra.density_combination._simp_1_7 AXIOMS [propext]
AUDIT_THEOREM KakeyaFormal.ClosingEnergyAlgebra.density_combination._simp_1_4 AXIOMS [propext]
AUDIT_THEOREM KakeyaFormal.ClosingEnergyAlgebra.kappa_power_identity AXIOMS [propext, Classical.choice, Quot.sound]
AUDIT_DECLARATION KakeyaFormal.ClosingEnergyAlgebra.liftCoefficient AXIOMS [propext, Classical.choice, Quot.sound]
AUDIT_THEOREM KakeyaFormal.ClosingEnergyAlgebra.density_combination AXIOMS [propext, Classical.choice, Quot.sound]
AUDIT_THEOREM KakeyaFormal.ClosingEnergyAlgebra.error_kappa_weakening AXIOMS [propext, Classical.choice, Quot.sound]
AUDIT_THEOREM KakeyaFormal.ClosingEnergyAlgebra.retained_grouped_closing AXIOMS [propext, Classical.choice, Quot.sound]
AUDIT_THEOREM KakeyaFormal.ClosingEnergyAlgebra.density_combination._simp_1_1 AXIOMS [propext]
AUDIT_THEOREM KakeyaFormal.ClosingEnergyAlgebra.pivotCoefficient_pos AXIOMS [propext, Classical.choice, Quot.sound]
AUDIT_THEOREM KakeyaFormal.ClosingEnergyAlgebra.source_density_combination AXIOMS [propext,
 Classical.choice,
 Quot.sound]
AUDIT_THEOREM KakeyaFormal.ClosingEnergyAlgebra.density_combination._simp_1_3 AXIOMS [propext]
AUDIT_THEOREM KakeyaFormal.ClosingEnergyAlgebra.pivotCoefficient._proof_1 AXIOMS [propext]
AUDIT_THEOREM KakeyaFormal.ClosingEnergyAlgebra.density_combination._simp_1_5 AXIOMS [propext]
AUDIT_THEOREM KakeyaFormal.ClosingEnergyAlgebra.grouped_witness_bound AXIOMS [propext, Classical.choice, Quot.sound]
AUDIT_THEOREM KakeyaFormal.ClosingEnergyAlgebra.closing_energy AXIOMS [propext, Classical.choice, Quot.sound]
AUDIT_THEOREM KakeyaFormal.ClosingEnergyAlgebra.liftCoefficient._proof_1 AXIOMS [propext]
