AUDIT_THEOREM KakeyaFormal.Coarsening.family_union_subset AXIOMS [propext, Classical.choice, Quot.sound]
AUDIT_THEOREM KakeyaFormal.Coarsening.fiberConstant_pos AXIOMS [propext, Classical.choice, Quot.sound]
AUDIT_THEOREM KakeyaFormal.Coarsening.family.eq_1 AXIOMS [propext, Classical.choice, Quot.sound]
AUDIT_DECLARATION KakeyaFormal.Coarsening.coarseLabel AXIOMS [propext, Classical.choice, Quot.sound]
AUDIT_THEOREM KakeyaFormal.Coarsening.coarse_count_lower._simp_1_3 AXIOMS [propext]
AUDIT_THEOREM KakeyaFormal.Coarsening.family_union AXIOMS [propext, Classical.choice, Quot.sound]
AUDIT_THEOREM KakeyaFormal.Coarsening.family_admissible AXIOMS [propext, Classical.choice, Quot.sound]
AUDIT_THEOREM KakeyaFormal.TubeFamily.unionCells.eq_1 AXIOMS [propext, Classical.choice, Quot.sound]
AUDIT_THEOREM KakeyaFormal.Coarsening.coarse_count_lower AXIOMS [propext, Classical.choice, Quot.sound]
AUDIT_THEOREM KakeyaFormal.Coarsening.coarse_count_lower._simp_1_8 AXIOMS [propext]
AUDIT_THEOREM KakeyaFormal.Coarsening.coarse_fiber_count AXIOMS [propext, Classical.choice, Quot.sound]
AUDIT_THEOREM KakeyaFormal.Coarsening.fiberConstant._proof_1 AXIOMS [propext]
AUDIT_THEOREM KakeyaFormal.Coarsening.coarse_count_lower._simp_1_5 AXIOMS [propext]
AUDIT_THEOREM KakeyaFormal.Coarsening.heavy_cell_mass AXIOMS [propext, Classical.choice, Quot.sound]
AUDIT_THEOREM KakeyaFormal.Coarsening.coarse_count_lower._simp_1_2 AXIOMS [propext]
AUDIT_THEOREM KakeyaFormal.Coarsening.coarse_count_lower._simp_1_6 AXIOMS [propext]
AUDIT_THEOREM KakeyaFormal.Coarsening.coarse_count_lower._simp_1_4 AXIOMS [propext]
AUDIT_THEOREM KakeyaFormal.Coarsening.coarse_count_lower._simp_1_7 AXIOMS [propext, Classical.choice, Quot.sound]
AUDIT_DECLARATION KakeyaFormal.Coarsening.fiberConstant AXIOMS [propext, Classical.choice, Quot.sound]
AUDIT_THEOREM KakeyaFormal.Coarsening.fiberConstant._proof_2 AXIOMS [propext]
AUDIT_THEOREM KakeyaFormal.Coarsening.coarse_center_distance AXIOMS [propext, Classical.choice, Quot.sound]
AUDIT_DECLARATION KakeyaFormal.Coarsening.family AXIOMS [propext, Classical.choice, Quot.sound]
