'KakeyaFormal.Cumulative.subfamily_bound' depends on axioms: [propext, Classical.choice, Quot.sound]
'KakeyaFormal.Cumulative.finite_bin_bound' depends on axioms: [propext, Classical.choice, Quot.sound]
'KakeyaFormal.Cumulative.uniform_bin_budget' depends on axioms: [propext, Classical.choice, Quot.sound]
'KakeyaFormal.DiscreteEstimate.to_cumulative' depends on axioms: [propext, Classical.choice, Quot.sound]
'KakeyaFormal.RealCapEstimate.to_cumulative' depends on axioms: [propext, Classical.choice, Quot.sound]
AUDIT_THEOREM KakeyaFormal.Cumulative.finite_bin_bound AXIOMS [propext, Classical.choice, Quot.sound]
AUDIT_DECLARATION _private.CumulativeEstimate_AxiomAudit.0.KakeyaFormal.Cumulative.binDensity.match_1.splitter AXIOMS []
AUDIT_THEOREM KakeyaFormal.DiscreteEstimate.to_cumulative._simp_1_4 AXIOMS [propext]
AUDIT_THEOREM KakeyaFormal.DiscreteEstimate.to_cumulative._simp_1_6 AXIOMS [propext]
AUDIT_THEOREM KakeyaFormal.DiscreteEstimate.to_cumulative._simp_1_2 AXIOMS [propext]
AUDIT_THEOREM _private.CumulativeEstimate_AxiomAudit.0.KakeyaFormal.Cumulative.binDensity.match_1.eq_2 AXIOMS []
AUDIT_THEOREM KakeyaFormal.DiscreteEstimate.to_cumulative._simp_1_7 AXIOMS [propext, Classical.choice, Quot.sound]
AUDIT_DECLARATION KakeyaFormal.Cumulative.binDensity.match_1 AXIOMS []
AUDIT_DECLARATION KakeyaFormal.CumulativeConfiguration AXIOMS [propext, Classical.choice, Quot.sound]
AUDIT_THEOREM _private.CumulativeEstimate_AxiomAudit.0.KakeyaFormal.Cumulative.binDensity.match_1.eq_1 AXIOMS []
AUDIT_DECLARATION KakeyaFormal.CumulativeConfiguration.δ AXIOMS [propext, Classical.choice, Quot.sound]
AUDIT_DECLARATION KakeyaFormal.CumulativeConfiguration.rec AXIOMS [propext, Classical.choice, Quot.sound]
AUDIT_DECLARATION KakeyaFormal.CumulativeConfiguration.A AXIOMS [propext, Classical.choice, Quot.sound]
AUDIT_THEOREM KakeyaFormal.DiscreteEstimate.to_cumulative._simp_1_5 AXIOMS [propext]
AUDIT_THEOREM KakeyaFormal.Cumulative.binLabel_some AXIOMS [propext, Classical.choice, Quot.sound]
AUDIT_THEOREM KakeyaFormal.CumulativeConfiguration.cap_bound AXIOMS [propext, Classical.choice, Quot.sound]
AUDIT_DECLARATION KakeyaFormal.Cumulative.binDensity AXIOMS [propext, Classical.choice, Quot.sound]
AUDIT_THEOREM KakeyaFormal.Cumulative.binLabel.eq_1 AXIOMS [propext, Classical.choice, Quot.sound]
AUDIT_DECLARATION KakeyaFormal.CumulativeConfiguration.recOn AXIOMS [propext, Classical.choice, Quot.sound]
AUDIT_THEOREM KakeyaFormal.Cumulative.binLabel._proof_1 AXIOMS [propext, Quot.sound]
AUDIT_THEOREM KakeyaFormal.Cumulative.binDensity.eq_1 AXIOMS [propext, Classical.choice, Quot.sound]
AUDIT_DECLARATION KakeyaFormal.CumulativeConfiguration.noConfusion AXIOMS [propext, Classical.choice, Quot.sound]
AUDIT_DECLARATION KakeyaFormal.CumulativeEstimate AXIOMS [propext, Classical.choice, Quot.sound]
AUDIT_THEOREM KakeyaFormal.CumulativeConfiguration.scale_pos AXIOMS [propext, Classical.choice, Quot.sound]
AUDIT_THEOREM KakeyaFormal.DiscreteEstimate.to_cumulative AXIOMS [propext, Classical.choice, Quot.sound]
AUDIT_THEOREM KakeyaFormal.Cumulative.binDensity.eq_2 AXIOMS [propext, Classical.choice, Quot.sound]
AUDIT_THEOREM KakeyaFormal.CumulativeConfiguration.mk.injEq AXIOMS [propext, Classical.choice, Quot.sound]
AUDIT_DECLARATION KakeyaFormal.Cumulative.binLabel AXIOMS [propext, Classical.choice, Quot.sound]
AUDIT_THEOREM KakeyaFormal.DiscreteEstimate.to_cumulative._simp_1_8 AXIOMS [propext]
AUDIT_DECLARATION KakeyaFormal.CumulativeConfiguration._sizeOf_1 AXIOMS [propext, Classical.choice, Quot.sound]
AUDIT_DECLARATION KakeyaFormal.CumulativeConfiguration.mk.noConfusion AXIOMS [propext, Classical.choice, Quot.sound]
AUDIT_THEOREM KakeyaFormal.DiscreteEstimate.to_cumulative._simp_1_3 AXIOMS [propext]
AUDIT_THEOREM KakeyaFormal.Cumulative.binLabel._proof_2 AXIOMS [propext, Classical.choice, Quot.sound]
AUDIT_DECLARATION KakeyaFormal.CumulativeConfiguration.s AXIOMS [propext, Classical.choice, Quot.sound]
AUDIT_DECLARATION KakeyaFormal.CumulativeConfiguration.M AXIOMS [propext, Classical.choice, Quot.sound]
AUDIT_THEOREM KakeyaFormal.CumulativeConfiguration.mk.inj AXIOMS [propext, Classical.choice, Quot.sound]
AUDIT_THEOREM KakeyaFormal.Cumulative.binDensity_lower AXIOMS [propext, Classical.choice, Quot.sound]
AUDIT_THEOREM KakeyaFormal.CumulativeConfiguration.cap_ge_one AXIOMS [propext, Classical.choice, Quot.sound]
AUDIT_THEOREM KakeyaFormal.Cumulative.uniform_bin_budget AXIOMS [propext, Classical.choice, Quot.sound]
AUDIT_THEOREM KakeyaFormal.CumulativeConfiguration.cumulative AXIOMS [propext, Classical.choice, Quot.sound]
AUDIT_THEOREM KakeyaFormal.Cumulative.binDensity._proof_1 AXIOMS [propext]
AUDIT_THEOREM KakeyaFormal.CumulativeConfiguration.density_nonneg AXIOMS [propext, Classical.choice, Quot.sound]
AUDIT_DECLARATION KakeyaFormal.CumulativeConfiguration.mk AXIOMS [propext, Classical.choice, Quot.sound]
AUDIT_THEOREM KakeyaFormal.CumulativeConfiguration.scale_le_one AXIOMS [propext, Classical.choice, Quot.sound]
AUDIT_THEOREM KakeyaFormal.Cumulative.subfamily_bound AXIOMS [propext, Classical.choice, Quot.sound]
AUDIT_DECLARATION KakeyaFormal.CumulativeConfiguration.noConfusionType AXIOMS [propext, Classical.choice, Quot.sound]
AUDIT_DECLARATION KakeyaFormal.CumulativeConfiguration._sizeOf_inst AXIOMS [propext, Classical.choice, Quot.sound]
AUDIT_THEOREM KakeyaFormal.CumulativeConfiguration.separated AXIOMS [propext, Classical.choice, Quot.sound]
AUDIT_THEOREM KakeyaFormal.CumulativeConfiguration.admissible AXIOMS [propext, Classical.choice, Quot.sound]
AUDIT_DECLARATION KakeyaFormal.CumulativeConfiguration.ctorIdx AXIOMS [propext, Classical.choice, Quot.sound]
AUDIT_DECLARATION KakeyaFormal.CumulativeConfiguration.family AXIOMS [propext, Classical.choice, Quot.sound]
AUDIT_THEOREM KakeyaFormal.RealCapEstimate.to_cumulative AXIOMS [propext, Classical.choice, Quot.sound]
AUDIT_DECLARATION KakeyaFormal.CumulativeConfiguration.mk._flat_ctor AXIOMS [propext, Classical.choice, Quot.sound]
AUDIT_THEOREM KakeyaFormal.CumulativeConfiguration.bounded AXIOMS [propext, Classical.choice, Quot.sound]
AUDIT_THEOREM KakeyaFormal.CumulativeConfiguration.mk.sizeOf_spec AXIOMS [propext, Classical.choice, Quot.sound]
AUDIT_DECLARATION KakeyaFormal.CumulativeConfiguration.casesOn AXIOMS [propext, Classical.choice, Quot.sound]
