'KakeyaFormal.DensityBroadnessRecovery.marked_mass' depends on axioms: [propext, Classical.choice, Quot.sound]
'KakeyaFormal.DensityBroadnessRecovery.recover' depends on axioms: [propext, Classical.choice, Quot.sound]
'KakeyaFormal.DensityBroadnessRecovery.selected_geometry' depends on axioms: [propext, Classical.choice, Quot.sound]
AUDIT_THEOREM KakeyaFormal.DensityBroadnessRecovery.incidence_sum._simp_1_1 AXIOMS [propext,
 Classical.choice,
 Quot.sound]
AUDIT_THEOREM KakeyaFormal.DensityBroadnessRecovery.selected_two_ends AXIOMS [propext, Classical.choice, Quot.sound]
AUDIT_THEOREM KakeyaFormal.DensityBroadnessRecovery.selected_row_image AXIOMS [propext, Classical.choice, Quot.sound]
AUDIT_DECLARATION KakeyaFormal.DensityBroadnessRecovery.good AXIOMS [propext, Classical.choice, Quot.sound]
AUDIT_THEOREM KakeyaFormal.DensityBroadnessRecovery.marked_mass AXIOMS [propext, Classical.choice, Quot.sound]
AUDIT_THEOREM KakeyaFormal.DensityBroadnessRecovery.selectedIndex.eq_1 AXIOMS [propext, Classical.choice, Quot.sound]
AUDIT_THEOREM KakeyaFormal.DensityBroadnessRecovery.selectedIndex_injective AXIOMS [propext,
 Classical.choice,
 Quot.sound]
AUDIT_THEOREM KakeyaFormal.DensityBroadnessRecovery.row.eq_1 AXIOMS [propext, Classical.choice, Quot.sound]
AUDIT_THEOREM KakeyaFormal.DensityBroadnessRecovery.selected_geometry AXIOMS [propext, Classical.choice, Quot.sound]
AUDIT_THEOREM KakeyaFormal.DensityBroadnessRecovery.selected_mass AXIOMS [propext, Classical.choice, Quot.sound]
AUDIT_THEOREM KakeyaFormal.DensityBroadnessRecovery.selected_row_card AXIOMS [propext, Classical.choice, Quot.sound]
AUDIT_DECLARATION KakeyaFormal.DensityBroadnessRecovery.cells AXIOMS [propext, Classical.choice, Quot.sound]
AUDIT_THEOREM KakeyaFormal.DensityBroadnessRecovery.marked_shading_mass AXIOMS [propext, Classical.choice, Quot.sound]
AUDIT_THEOREM KakeyaFormal.DensityBroadnessRecovery.original_card_ratio AXIOMS [propext, Classical.choice, Quot.sound]
AUDIT_THEOREM KakeyaFormal.DensityBroadnessRecovery.selected_broad AXIOMS [propext, Classical.choice, Quot.sound]
AUDIT_THEOREM KakeyaFormal.DensityBroadnessRecovery.marked_shading_mass._simp_1_1 AXIOMS [propext]
AUDIT_THEOREM KakeyaFormal.DensityBroadnessRecovery.recover AXIOMS [propext, Classical.choice, Quot.sound]
AUDIT_THEOREM KakeyaFormal.DensityBroadnessRecovery.good._proof_1 AXIOMS [propext]
AUDIT_THEOREM KakeyaFormal.DensityBroadnessRecovery.incidence_sum AXIOMS [propext, Classical.choice, Quot.sound]
AUDIT_THEOREM KakeyaFormal.DensityBroadnessRecovery.marked_subset_union AXIOMS [propext, Classical.choice, Quot.sound]
AUDIT_THEOREM KakeyaFormal.DensityBroadnessRecovery.selectedFamily.eq_1 AXIOMS [propext, Classical.choice, Quot.sound]
AUDIT_THEOREM KakeyaFormal.DensityBroadnessRecovery.selectedIndex_mem AXIOMS [propext, Classical.choice, Quot.sound]
AUDIT_DECLARATION KakeyaFormal.DensityBroadnessRecovery.row AXIOMS [propext, Classical.choice, Quot.sound]
AUDIT_DECLARATION KakeyaFormal.DensityBroadnessRecovery.selectedFamily AXIOMS [propext, Classical.choice, Quot.sound]
AUDIT_THEOREM KakeyaFormal.DensityBroadnessRecovery.good_mass_and_count._simp_1_1 AXIOMS [propext, Quot.sound]
AUDIT_DECLARATION KakeyaFormal.DensityBroadnessRecovery.selectedIndex AXIOMS [propext, Classical.choice, Quot.sound]
AUDIT_THEOREM KakeyaFormal.DensityBroadnessRecovery.marked._proof_1 AXIOMS [propext]
AUDIT_THEOREM KakeyaFormal.DensityBroadnessRecovery.good_mass_and_count AXIOMS [propext, Classical.choice, Quot.sound]
AUDIT_DECLARATION KakeyaFormal.DensityBroadnessRecovery.marked AXIOMS [propext, Classical.choice, Quot.sound]
