AUDIT_DECLARATION KakeyaFormal.DensityLogNormalization.lowerFactor AXIOMS [propext, Classical.choice, Quot.sound]
AUDIT_THEOREM KakeyaFormal.DensityLogNormalization.density_ratio_identity._simp_1_1 AXIOMS [propext]
AUDIT_THEOREM KakeyaFormal.DensityLogNormalization.lowerFactor_le AXIOMS [propext, Classical.choice, Quot.sound]
AUDIT_THEOREM KakeyaFormal.DensityLogNormalization.density_ratio_identity AXIOMS [propext, Classical.choice, Quot.sound]
AUDIT_THEOREM KakeyaFormal.DensityLogNormalization.density_ratio_identity._simp_1_5 AXIOMS [propext]
AUDIT_THEOREM KakeyaFormal.DensityLogNormalization.twoEndsFactor_ge_one AXIOMS [propext, Classical.choice, Quot.sound]
AUDIT_THEOREM KakeyaFormal.DensityLogNormalization.normalized_density AXIOMS [propext, Classical.choice, Quot.sound]
AUDIT_THEOREM KakeyaFormal.DensityLogNormalization.density_ratio_identity._simp_1_4 AXIOMS [propext]
AUDIT_THEOREM KakeyaFormal.DensityLogNormalization.density_ratio_identity._simp_1_6 AXIOMS [propext,
 Classical.choice,
 Quot.sound]
AUDIT_THEOREM KakeyaFormal.DensityLogNormalization.density_ratio_identity._simp_1_2 AXIOMS [propext]
AUDIT_THEOREM KakeyaFormal.DensityLogNormalization.density_ratio_identity._simp_1_7 AXIOMS [propext]
AUDIT_THEOREM KakeyaFormal.DensityLogNormalization.density_loss_identity AXIOMS [propext, Classical.choice, Quot.sound]
AUDIT_THEOREM KakeyaFormal.DensityLogNormalization.twoEndsFactor_ge AXIOMS [propext, Classical.choice, Quot.sound]
AUDIT_THEOREM KakeyaFormal.DensityLogNormalization.lowerFactor._proof_1 AXIOMS [propext]
AUDIT_THEOREM KakeyaFormal.DensityLogNormalization.max_one_budget AXIOMS [propext, Classical.choice, Quot.sound]
AUDIT_DECLARATION KakeyaFormal.DensityLogNormalization.twoEndsFactor AXIOMS [propext, Classical.choice, Quot.sound]
AUDIT_THEOREM KakeyaFormal.DensityLogNormalization.density_ratio_identity._simp_1_3 AXIOMS [propext]
AUDIT_THEOREM KakeyaFormal.DensityLogNormalization.lowerFactor_pos AXIOMS [propext, Classical.choice, Quot.sound]
