'KakeyaFormal.DiscreteMeasurable.injective_tube_restriction' depends on axioms: [propext, Classical.choice, Quot.sound]
'KakeyaFormal.DiscreteMeasurable.gridCountConstant_ge_one' depends on axioms: [propext, Classical.choice, Quot.sound]
'KakeyaFormal.DiscreteMeasurable.admissible_count_bound' depends on axioms: [propext, Classical.choice, Quot.sound]
'KakeyaFormal.DiscreteMeasurable.normalize_family' depends on axioms: [propext, Classical.choice, Quot.sound]
'KakeyaFormal.DiscreteMeasurable.selectedIndex_injective' depends on axioms: [propext, Classical.choice, Quot.sound]
'KakeyaFormal.DiscreteMeasurable.selectedIndex_mem' depends on axioms: [propext, Classical.choice, Quot.sound]
'KakeyaFormal.DiscreteMeasurable.selectedFamily_card' depends on axioms: [propext, Classical.choice, Quot.sound]
'KakeyaFormal.DiscreteMeasurable.selectedFamily_admissible' depends on axioms: [propext, Classical.choice, Quot.sound]
'KakeyaFormal.DiscreteMeasurable.selectedFamily_union_volume' depends on axioms: [propext, Classical.choice, Quot.sound]
'KakeyaFormal.DiscreteMeasurable.selection_configuration' depends on axioms: [propext, Classical.choice, Quot.sound]
'KakeyaFormal.DiscreteMeasurable.selection_measurable_bound' depends on axioms: [propext, Classical.choice, Quot.sound]
'KakeyaFormal.DiscreteMeasurable.selection_measure_class_losses' depends on axioms: [propext,
 Classical.choice,
 Quot.sound]
'KakeyaFormal.DiscreteMeasurable.discrete_estimate_measurable' depends on axioms: [propext,
 Classical.choice,
 Quot.sound]
'KakeyaFormal.DiscreteMeasurable.logarithmic_class_budgets' depends on axioms: [propext, Classical.choice, Quot.sound]
'KakeyaFormal.DiscreteMeasurable.positive_incidence_count' depends on axioms: [propext, Classical.choice, Quot.sound]
'KakeyaFormal.DiscreteMeasurable.actual_occupancy_selection' depends on axioms: [propext, Classical.choice, Quot.sound]
'KakeyaFormal.DiscreteMeasurable.small_density_scale' depends on axioms: [propext, Classical.choice, Quot.sound]
'KakeyaFormal.DiscreteMeasurable.small_density_measurable' depends on axioms: [propext, Classical.choice, Quot.sound]
'KakeyaFormal.DiscreteMeasurable.small_density_actual_tube' depends on axioms: [propext, Classical.choice, Quot.sound]
AUDIT_THEOREM KakeyaFormal.DiscreteMeasurable.logarithmic_class_budgets AXIOMS [propext, Classical.choice, Quot.sound]
AUDIT_THEOREM KakeyaFormal.DiscreteMeasurable.selectedFamily_union_volume AXIOMS [propext, Classical.choice, Quot.sound]
AUDIT_THEOREM KakeyaFormal.GridCells.cellSystem.congr_simp AXIOMS [propext, Classical.choice, Quot.sound]
AUDIT_THEOREM KakeyaFormal.DiscreteMeasurable.selectedFamily_admissible._simp_1_1 AXIOMS [propext]
AUDIT_THEOREM KakeyaFormal.DiscreteMeasurable.small_density_actual_tube AXIOMS [propext, Classical.choice, Quot.sound]
AUDIT_THEOREM KakeyaFormal.DiscreteMeasurable.small_density_measurable._simp_1_1 AXIOMS [propext]
AUDIT_THEOREM KakeyaFormal.DiscreteMeasurable.injective_tube_restriction AXIOMS [propext, Classical.choice, Quot.sound]
AUDIT_THEOREM KakeyaFormal.DiscreteMeasurable.small_density_measurable._simp_1_3 AXIOMS [propext]
AUDIT_DECLARATION KakeyaFormal.DiscreteMeasurable.gridCountConstant AXIOMS [propext, Classical.choice, Quot.sound]
AUDIT_THEOREM KakeyaFormal.DiscreteMeasurable.selectedIndex._proof_2 AXIOMS [propext, Classical.choice, Quot.sound]
AUDIT_THEOREM KakeyaFormal.DiscreteMeasurable.logarithmic_class_budgets._proof_1_1 AXIOMS [propext, Quot.sound]
AUDIT_THEOREM KakeyaFormal.DiscreteMeasurable.selectedIndex_injective AXIOMS [propext, Classical.choice, Quot.sound]
AUDIT_THEOREM KakeyaFormal.DiscreteMeasurable.normalize_family AXIOMS [propext, Classical.choice, Quot.sound]
AUDIT_THEOREM KakeyaFormal.DiscreteMeasurable.actual_occupancy_selection AXIOMS [propext, Classical.choice, Quot.sound]
AUDIT_THEOREM KakeyaFormal.DiscreteMeasurable.discrete_estimate_measurable AXIOMS [propext,
 Classical.choice,
 Quot.sound]
AUDIT_THEOREM KakeyaFormal.DiscreteMeasurable.selectedIndex_mem AXIOMS [propext, Classical.choice, Quot.sound]
AUDIT_THEOREM KakeyaFormal.DiscreteMeasurable.selection_configuration AXIOMS [propext, Classical.choice, Quot.sound]
AUDIT_THEOREM KakeyaFormal.DiscreteMeasurable.small_density_measurable._simp_1_5 AXIOMS [propext]
AUDIT_THEOREM KakeyaFormal.DiscreteMeasurable.selection_measure_class_losses AXIOMS [propext,
 Classical.choice,
 Quot.sound]
AUDIT_THEOREM KakeyaFormal.DiscreteMeasurable.positive_incidence_count AXIOMS [propext, Classical.choice, Quot.sound]
AUDIT_DECLARATION KakeyaFormal.DiscreteMeasurable.selectedFamily AXIOMS [propext, Classical.choice, Quot.sound]
AUDIT_THEOREM KakeyaFormal.DiscreteMeasurable.gridCountConstant_ge_one AXIOMS [propext, Classical.choice, Quot.sound]
AUDIT_THEOREM KakeyaFormal.DiscreteMeasurable.small_density_measurable AXIOMS [propext, Classical.choice, Quot.sound]
AUDIT_THEOREM KakeyaFormal.DiscreteMeasurable.small_density_measurable._simp_1_6 AXIOMS [propext,
 Classical.choice,
 Quot.sound]
AUDIT_THEOREM KakeyaFormal.DiscreteMeasurable.small_density_measurable._simp_1_7 AXIOMS [propext]
AUDIT_THEOREM KakeyaFormal.DiscreteMeasurable.small_density_measurable._simp_1_4 AXIOMS [propext]
AUDIT_THEOREM KakeyaFormal.DiscreteMeasurable.small_density_measurable._simp_1_2 AXIOMS [propext]
AUDIT_THEOREM KakeyaFormal.DiscreteMeasurable.selection_measurable_bound AXIOMS [propext, Classical.choice, Quot.sound]
AUDIT_THEOREM KakeyaFormal.DiscreteMeasurable.selectedFamily_card AXIOMS [propext, Classical.choice, Quot.sound]
AUDIT_THEOREM KakeyaFormal.DiscreteMeasurable.small_density_scale AXIOMS [propext, Classical.choice, Quot.sound]
AUDIT_DECLARATION KakeyaFormal.DiscreteMeasurable.selectedIndex AXIOMS [propext, Classical.choice, Quot.sound]
AUDIT_THEOREM KakeyaFormal.DiscreteMeasurable.selectedIndex._proof_1 AXIOMS [propext, Classical.choice, Quot.sound]
AUDIT_THEOREM KakeyaFormal.DiscreteMeasurable.admissible_count_bound AXIOMS [propext, Classical.choice, Quot.sound]
AUDIT_THEOREM KakeyaFormal.DiscreteMeasurable.positive_incidence_count._simp_1_1 AXIOMS [propext]
AUDIT_THEOREM KakeyaFormal.DiscreteMeasurable.selectedFamily_admissible AXIOMS [propext, Classical.choice, Quot.sound]
AUDIT_THEOREM KakeyaFormal.DiscreteMeasurable.gridCountConstant._proof_1 AXIOMS [propext]
