'KakeyaFinite.weighted_power' depends on axioms: [propext, Classical.choice, Quot.sound]
'KakeyaFinite.cumulative_from_bins' depends on axioms: [propext, Classical.choice, Quot.sound]
'KakeyaFinite.dyadic_bin_membership' depends on axioms: [propext, Classical.choice, Quot.sound]
'KakeyaFinite.nonempty_floor_truncation' depends on axioms: [propext, Classical.choice, Quot.sound]
'KakeyaFinite.proportional_bad_mass' depends on axioms: [propext, Classical.choice, Quot.sound]
'KakeyaFinite.proportional_good_mass' depends on axioms: [propext, Classical.choice, Quot.sound]
'KakeyaFinite.retain_good_pieces' depends on axioms: [propext, Classical.choice, Quot.sound]
'KakeyaFinite.restoration_constants' depends on axioms: [propext, Classical.choice, Quot.sound]
'KakeyaFinite.grouped_cutoff_retains_half' depends on axioms: [propext, Classical.choice, Quot.sound]
'KakeyaFinite.cutoff_calibration_identity' depends on axioms: [propext, Classical.choice, Quot.sound]
'KakeyaFinite.bounded_multiplicity_energy' depends on axioms: [propext, Classical.choice, Quot.sound]
'KakeyaFinite.support_card_by_fibers' depends on axioms: [propext, Classical.choice, Quot.sound]
'KakeyaFinite.finite_support_energy' depends on axioms: [propext, Classical.choice, Quot.sound]
'KakeyaFinite.close_energy' depends on axioms: [propext, Classical.choice, Quot.sound]
AUDIT_THEOREM KakeyaFinite.weighted_power AXIOMS [propext, Classical.choice, Quot.sound]
AUDIT_THEOREM KakeyaFinite.dyadic_bin_membership._proof_1_1 AXIOMS [propext, Quot.sound]
AUDIT_THEOREM KakeyaFinite.restoration_constants AXIOMS [propext, Classical.choice, Quot.sound]
AUDIT_THEOREM KakeyaFinite.cumulative_from_bins AXIOMS [propext, Classical.choice, Quot.sound]
AUDIT_THEOREM KakeyaFinite.cutoff_calibration_identity._simp_1_1 AXIOMS [propext]
AUDIT_THEOREM KakeyaFinite.nonempty_floor_truncation AXIOMS [propext, Classical.choice, Quot.sound]
AUDIT_THEOREM KakeyaFinite.cutoff_calibration_identity._simp_1_3 AXIOMS [propext]
AUDIT_THEOREM KakeyaFinite.proportional_bad_mass AXIOMS [propext, Classical.choice, Quot.sound]
AUDIT_THEOREM KakeyaFinite.bounded_multiplicity_energy AXIOMS [propext, Classical.choice, Quot.sound]
AUDIT_THEOREM KakeyaFinite.grouped_cutoff_retains_half AXIOMS [propext, Classical.choice, Quot.sound]
AUDIT_THEOREM KakeyaFinite.retain_good_pieces AXIOMS [propext, Classical.choice, Quot.sound]
AUDIT_THEOREM KakeyaFinite.proportional_good_mass AXIOMS [propext, Classical.choice, Quot.sound]
AUDIT_THEOREM KakeyaFinite.cutoff_calibration_identity._simp_1_5 AXIOMS [propext]
AUDIT_THEOREM KakeyaFinite.finite_support_energy AXIOMS [propext, Classical.choice, Quot.sound]
AUDIT_THEOREM KakeyaFinite.cutoff_calibration_identity AXIOMS [propext, Classical.choice, Quot.sound]
AUDIT_THEOREM KakeyaFinite.cutoff_calibration_identity._simp_1_7 AXIOMS [propext]
AUDIT_THEOREM KakeyaFinite.cutoff_calibration_identity._simp_1_4 AXIOMS [propext]
AUDIT_THEOREM KakeyaFinite.cutoff_calibration_identity._simp_1_6 AXIOMS [propext, Classical.choice, Quot.sound]
AUDIT_THEOREM KakeyaFinite.cutoff_calibration_identity._simp_1_2 AXIOMS [propext]
AUDIT_THEOREM KakeyaFinite.dyadic_bin_membership AXIOMS [propext, Classical.choice, Quot.sound]
AUDIT_THEOREM KakeyaFinite.close_energy AXIOMS [propext, Classical.choice, Quot.sound]
AUDIT_THEOREM KakeyaFinite.support_card_by_fibers AXIOMS [propext, Classical.choice, Quot.sound]
AUDIT_THEOREM KakeyaFinite.dyadic_bin_membership._proof_1_2 AXIOMS [propext, Quot.sound]
