AUDIT_THEOREM KakeyaFormal.GaussianGoodDirections.good_probability._simp_1_1 AXIOMS [propext]
AUDIT_THEOREM KakeyaFormal.GaussianGoodDirections.small_event_bound._simp_1_2 AXIOMS [propext,
 Classical.choice,
 Quot.sound]
AUDIT_THEOREM KakeyaFormal.GaussianGoodDirections.goodIndices.eq_1 AXIOMS [propext, Classical.choice, Quot.sound]
AUDIT_THEOREM KakeyaFormal.GaussianGoodDirections.half_bad_probability_five AXIOMS [propext,
 Classical.choice,
 Quot.sound]
AUDIT_THEOREM KakeyaFormal.GaussianGoodDirections.badCount_measurable AXIOMS [propext, Classical.choice, Quot.sound]
AUDIT_THEOREM KakeyaFormal.GaussianGoodDirections.badCount_sum AXIOMS [propext, Classical.choice, Quot.sound]
AUDIT_DECLARATION KakeyaFormal.GaussianGoodDirections.goodIndices AXIOMS [propext, Classical.choice, Quot.sound]
AUDIT_THEOREM KakeyaFormal.GaussianGoodDirections.badCount_integrable AXIOMS [propext, Classical.choice, Quot.sound]
AUDIT_THEOREM KakeyaFormal.GaussianGoodDirections.expected_badCount AXIOMS [propext, Classical.choice, Quot.sound]
AUDIT_THEOREM KakeyaFormal.GaussianGoodDirections.countFailure_bound AXIOMS [propext, Classical.choice, Quot.sound]
AUDIT_DECLARATION KakeyaFormal.GaussianGoodDirections.goodEvent AXIOMS [propext, Classical.choice, Quot.sound]
AUDIT_DECLARATION KakeyaFormal.GaussianGoodDirections.badIndices AXIOMS [propext, Classical.choice, Quot.sound]
AUDIT_THEOREM KakeyaFormal.GaussianGoodDirections.small_event_bound AXIOMS [propext, Classical.choice, Quot.sound]
AUDIT_THEOREM KakeyaFormal.GaussianGoodDirections.small_event_bound._simp_1_1 AXIOMS [propext]
AUDIT_THEOREM KakeyaFormal.GaussianGoodDirections.good_probability_three_quarters AXIOMS [propext,
 Classical.choice,
 Quot.sound]
AUDIT_THEOREM KakeyaFormal.GaussianGoodDirections.badIndices.eq_1 AXIOMS [propext, Classical.choice, Quot.sound]
AUDIT_THEOREM KakeyaFormal.GaussianGoodDirections.good_probability._simp_1_2 AXIOMS [propext]
AUDIT_THEOREM KakeyaFormal.GaussianGoodDirections.small_event_measurable AXIOMS [propext, Classical.choice, Quot.sound]
AUDIT_THEOREM KakeyaFormal.GaussianGoodDirections.good_probability AXIOMS [propext, Classical.choice, Quot.sound]
AUDIT_THEOREM KakeyaFormal.GaussianGoodDirections.countFailure_measurable AXIOMS [propext, Classical.choice, Quot.sound]
AUDIT_THEOREM KakeyaFormal.GaussianGoodDirections.goodEvent_measurable AXIOMS [propext, Classical.choice, Quot.sound]
AUDIT_THEOREM KakeyaFormal.GaussianGoodDirections.goodCount_measurable AXIOMS [propext, Classical.choice, Quot.sound]
AUDIT_DECLARATION KakeyaFormal.GaussianGoodDirections.countFailure AXIOMS [propext, Classical.choice, Quot.sound]
AUDIT_THEOREM KakeyaFormal.GaussianGoodDirections.exists_good_matrix AXIOMS [propext, Classical.choice, Quot.sound]
AUDIT_THEOREM KakeyaFormal.GaussianGoodDirections.countFailure.eq_1 AXIOMS [propext, Classical.choice, Quot.sound]
AUDIT_THEOREM KakeyaFormal.GaussianGoodDirections.goodEvent._proof_3 AXIOMS [propext]
AUDIT_THEOREM KakeyaFormal.GaussianGoodDirections.goodEvent._proof_2 AXIOMS [propext]
AUDIT_THEOREM KakeyaFormal.GaussianGoodDirections.goodEvent._proof_1 AXIOMS [propext]
AUDIT_THEOREM KakeyaFormal.GaussianGoodDirections.bad_good_count._simp_1_3 AXIOMS [propext]
AUDIT_DECLARATION KakeyaFormal.GaussianGoodDirections.badCount AXIOMS [propext, Classical.choice, Quot.sound]
AUDIT_THEOREM KakeyaFormal.GaussianGoodDirections.bad_good_count AXIOMS [propext, Classical.choice, Quot.sound]
AUDIT_THEOREM KakeyaFormal.GaussianGoodDirections.good_probability._simp_1_3 AXIOMS [propext]
AUDIT_THEOREM KakeyaFormal.GaussianGoodDirections.badCount.eq_1 AXIOMS [propext, Classical.choice, Quot.sound]
AUDIT_THEOREM KakeyaFormal.GaussianGoodDirections.half_bad_probability AXIOMS [propext, Classical.choice, Quot.sound]
