AUDIT_THEOREM KakeyaFormal.GaussianCollisionExpectation.expectationCoefficient_pos AXIOMS [propext,
 Classical.choice,
 Quot.sound]
AUDIT_THEOREM KakeyaFormal.GaussianCollisionExpectation.pairEvent.eq_1 AXIOMS [propext, Classical.choice, Quot.sound]
AUDIT_THEOREM KakeyaFormal.GaussianCollisionExpectation.collisionCount.eq_1 AXIOMS [propext,
 Classical.choice,
 Quot.sound]
AUDIT_DECLARATION KakeyaFormal.GaussianCollisionExpectation.pairEvent AXIOMS [propext, Classical.choice, Quot.sound]
AUDIT_THEOREM KakeyaFormal.GaussianCollisionExpectation.mem_orderedCollisions AXIOMS [propext,
 Classical.choice,
 Quot.sound]
AUDIT_THEOREM KakeyaFormal.GaussianCollisionExpectation.count_measurable AXIOMS [propext, Classical.choice, Quot.sound]
AUDIT_DECLARATION KakeyaFormal.GaussianCollisionExpectation.expectationCoefficient AXIOMS [propext,
 Classical.choice,
 Quot.sound]
AUDIT_THEOREM KakeyaFormal.GaussianCollisionExpectation.orderedCollisions.eq_1 AXIOMS [propext,
 Classical.choice,
 Quot.sound]
AUDIT_THEOREM KakeyaFormal.GaussianCollisionExpectation.expectationCoefficient.eq_1 AXIOMS [propext,
 Classical.choice,
 Quot.sound]
AUDIT_DECLARATION KakeyaFormal.GaussianCollisionExpectation.collisionCount AXIOMS [propext,
 Classical.choice,
 Quot.sound]
AUDIT_DECLARATION KakeyaFormal.GaussianCollisionExpectation.orderedCollisions AXIOMS [propext,
 Classical.choice,
 Quot.sound]
AUDIT_THEOREM KakeyaFormal.GaussianCollisionExpectation.expected_count_bound AXIOMS [propext,
 Classical.choice,
 Quot.sound]
AUDIT_THEOREM KakeyaFormal.GaussianCollisionExpectation.pairEvent_measurable AXIOMS [propext,
 Classical.choice,
 Quot.sound]
AUDIT_THEOREM KakeyaFormal.GaussianCollisionExpectation.count_eq_sum AXIOMS [propext, Classical.choice, Quot.sound]
AUDIT_THEOREM KakeyaFormal.GaussianCollisionExpectation.pair_probability AXIOMS [propext, Classical.choice, Quot.sound]
AUDIT_THEOREM KakeyaFormal.GaussianCollisionExpectation.expected_count_eq AXIOMS [propext, Classical.choice, Quot.sound]
