AUDIT_THEOREM KakeyaFormal.GaussianCollisionKernel.rowCoefficient._proof_2 AXIOMS [propext]
AUDIT_THEOREM KakeyaFormal.GaussianCollisionKernel.kernel_nonneg AXIOMS [propext, Classical.choice, Quot.sound]
AUDIT_THEOREM KakeyaFormal.GaussianCollisionKernel.quartic_shell_sum._simp_1_6 AXIOMS [propext,
 Classical.choice,
 Quot.sound]
AUDIT_THEOREM KakeyaFormal.GaussianCollisionKernel.quartic_shell_sum._simp_1_7 AXIOMS [propext]
AUDIT_THEOREM KakeyaFormal.GaussianCollisionKernel.quartic_shell_sum._simp_1_4 AXIOMS [propext]
AUDIT_THEOREM KakeyaFormal.GaussianCollisionKernel.quartic_shell_sum._simp_1_2 AXIOMS [propext]
AUDIT_THEOREM KakeyaFormal.GaussianCollisionKernel.shell_kernel_bound AXIOMS [propext, Classical.choice, Quot.sound]
AUDIT_THEOREM KakeyaFormal.GaussianCollisionKernel.rowCoefficient._proof_1 AXIOMS [propext]
AUDIT_THEOREM KakeyaFormal.GaussianCollisionKernel.all_radius_cap AXIOMS [propext, Classical.choice, Quot.sound]
AUDIT_THEOREM KakeyaFormal.GaussianCollisionKernel.quartic_shell_sum._simp_1_5 AXIOMS [propext]
AUDIT_THEOREM KakeyaFormal.GaussianCollisionKernel.family_row_bound AXIOMS [propext, Classical.choice, Quot.sound]
AUDIT_THEOREM KakeyaFormal.GaussianCollisionKernel.depth_log AXIOMS [propext, Classical.choice, Quot.sound]
AUDIT_THEOREM KakeyaFormal.GaussianCollisionKernel.quartic_shell_sum._simp_1_1 AXIOMS [propext]
AUDIT_DECLARATION KakeyaFormal.GaussianCollisionKernel.kernel AXIOMS [propext, Classical.choice, Quot.sound]
AUDIT_THEOREM KakeyaFormal.GaussianCollisionKernel.rowCoefficient_pos AXIOMS [propext, Classical.choice, Quot.sound]
AUDIT_DECLARATION KakeyaFormal.GaussianCollisionKernel.rowCoefficient AXIOMS [propext, Classical.choice, Quot.sound]
AUDIT_THEOREM KakeyaFormal.GaussianCollisionKernel.quartic_shell_sum._simp_1_3 AXIOMS [propext]
AUDIT_THEOREM KakeyaFormal.GaussianCollisionKernel.quartic_shell_sum AXIOMS [propext, Classical.choice, Quot.sound]
