AUDIT_DECLARATION KakeyaFormal.GridGeometry.gridBox AXIOMS [propext, Classical.choice, Quot.sound]
AUDIT_THEOREM KakeyaFormal.GridGeometry.gridBox.eq_1 AXIOMS [propext, Classical.choice, Quot.sound]
AUDIT_THEOREM KakeyaFormal.GridGeometry.segment_cell_mem_cover AXIOMS [propext, Classical.choice, Quot.sound]
AUDIT_THEOREM KakeyaFormal.GridGeometry.coordinate_dist_le AXIOMS [propext, Classical.choice, Quot.sound]
AUDIT_THEOREM KakeyaFormal.GridGeometry.gridBox_card._proof_1_2 AXIOMS [propext, Quot.sound]
AUDIT_THEOREM KakeyaFormal.GridGeometry.unit_tube_grid_count AXIOMS [propext, Classical.choice, Quot.sound]
AUDIT_THEOREM KakeyaFormal.GridGeometry.segment_grid_count_of_length_le AXIOMS [propext, Classical.choice, Quot.sound]
AUDIT_THEOREM KakeyaFormal.GridGeometry.tube_cell_mem_cover AXIOMS [propext, Classical.choice, Quot.sound]
AUDIT_THEOREM KakeyaFormal.GridGeometry.gridBox_card AXIOMS [propext, Classical.choice, Quot.sound]
AUDIT_THEOREM KakeyaFormal.GridGeometry.scaled_coordinate_bound._simp_1_3 AXIOMS [propext]
AUDIT_THEOREM KakeyaFormal.GridGeometry.longitudinal_grid_count AXIOMS [propext, Classical.choice, Quot.sound]
AUDIT_THEOREM KakeyaFormal.GridGeometry.scaled_coordinate_bound._simp_1_5 AXIOMS [propext]
AUDIT_THEOREM KakeyaFormal.GridGeometry.admissible_shade_card_bound AXIOMS [propext, Classical.choice, Quot.sound]
AUDIT_THEOREM KakeyaFormal.GridGeometry.longitudinal_ball_bound AXIOMS [propext, Classical.choice, Quot.sound]
AUDIT_THEOREM KakeyaFormal.GridGeometry.scaled_coordinate_bound._simp_1_1 AXIOMS [propext]
AUDIT_THEOREM KakeyaFormal.GridGeometry.mem_gridBox._simp_1_2 AXIOMS [propext, Classical.choice, Quot.sound]
AUDIT_THEOREM KakeyaFormal.GridGeometry.unit_parameter_mesh AXIOMS [propext, Classical.choice, Quot.sound]
AUDIT_THEOREM KakeyaFormal.GridGeometry.segment_grid_count AXIOMS [propext, Classical.choice, Quot.sound]
AUDIT_THEOREM KakeyaFormal.GridGeometry.ball_subset_gridBox AXIOMS [propext, Classical.choice, Quot.sound]
AUDIT_DECLARATION KakeyaFormal.GridGeometry.tubeGridCover AXIOMS [propext, Classical.choice, Quot.sound]
AUDIT_THEOREM KakeyaFormal.GridGeometry.mem_gridBox AXIOMS [propext, Classical.choice, Quot.sound]
AUDIT_THEOREM KakeyaFormal.GridGeometry.segment_parameter_mesh AXIOMS [propext, Classical.choice, Quot.sound]
AUDIT_THEOREM KakeyaFormal.GridGeometry.one_mesh_interval_grid_count AXIOMS [propext, Classical.choice, Quot.sound]
AUDIT_DECLARATION KakeyaFormal.GridGeometry.segmentGridCover AXIOMS [propext, Classical.choice, Quot.sound]
AUDIT_THEOREM KakeyaFormal.GridGeometry.unit_tube_grid_count_real AXIOMS [propext, Classical.choice, Quot.sound]
AUDIT_THEOREM KakeyaFormal.GridGeometry.scaled_coordinate_bound._simp_1_6 AXIOMS [propext, Classical.choice, Quot.sound]
AUDIT_THEOREM KakeyaFormal.GridGeometry.scaled_coordinate_bound._simp_1_4 AXIOMS [propext]
AUDIT_THEOREM KakeyaFormal.GridGeometry.scaled_coordinate_bound._simp_1_7 AXIOMS [propext]
AUDIT_THEOREM KakeyaFormal.GridGeometry.scaled_coordinate_bound._simp_1_2 AXIOMS [propext]
AUDIT_THEOREM KakeyaFormal.GridGeometry.ball_grid_count_real AXIOMS [propext, Classical.choice, Quot.sound]
AUDIT_THEOREM KakeyaFormal.GridGeometry.scaled_coordinate_bound AXIOMS [propext, Classical.choice, Quot.sound]
AUDIT_THEOREM KakeyaFormal.GridGeometry.ball_grid_count AXIOMS [propext, Classical.choice, Quot.sound]
