AUDIT_THEOREM KakeyaFormal.GridCells.volume_gridCell AXIOMS [propext, Classical.choice, Quot.sound]
AUDIT_DECLARATION KakeyaFormal.GridCells.cellSystem AXIOMS [propext, Classical.choice, Quot.sound]
AUDIT_THEOREM KakeyaFormal.GridCells.positive_tube_cell_count._simp_1_1 AXIOMS [propext]
AUDIT_THEOREM KakeyaFormal.GridCells.touching_bounded_set_label._simp_1_3 AXIOMS [propext]
AUDIT_THEOREM KakeyaFormal.GridCells.cell_center_distance._simp_1_1 AXIOMS [propext, Classical.choice, Quot.sound]
AUDIT_THEOREM KakeyaFormal.GridCells.touching_tube_center AXIOMS [propext, Classical.choice, Quot.sound]
AUDIT_DECLARATION KakeyaFormal.GridCells.coordinateCell AXIOMS [propext, Classical.choice, Quot.sound]
AUDIT_THEOREM KakeyaFormal.GridCells.touching_bounded_set_label._simp_1_1 AXIOMS [propext]
AUDIT_THEOREM KakeyaFormal.GridCells.gridCell_covers AXIOMS [propext, Classical.choice, Quot.sound]
AUDIT_THEOREM KakeyaFormal.GridCells.mem_gridCell._simp_1_3 AXIOMS [propext]
AUDIT_THEOREM KakeyaFormal.GridCells.coordinateCell.eq_1 AXIOMS [propext, Classical.choice, Quot.sound]
AUDIT_THEOREM KakeyaFormal.GridCells.touching_bounded_set_label AXIOMS [propext, Classical.choice, Quot.sound]
AUDIT_THEOREM KakeyaFormal.GridCells.cellSystem._proof_5 AXIOMS [propext, Classical.choice, Quot.sound]
AUDIT_THEOREM KakeyaFormal.GridCells.finite_gridCell AXIOMS [propext, Classical.choice, Quot.sound]
AUDIT_THEOREM KakeyaFormal.GridCells.cellSystem._proof_3 AXIOMS [propext, Classical.choice, Quot.sound]
AUDIT_THEOREM KakeyaFormal.GridCells.cellSystem._proof_2 AXIOMS [propext, Classical.choice, Quot.sound]
AUDIT_THEOREM KakeyaFormal.GridCells.finiteCellSystem._proof_1 AXIOMS [propext, Classical.choice, Quot.sound]
AUDIT_THEOREM KakeyaFormal.GridCells.touching_bounded_set_label._simp_1_5 AXIOMS [propext]
AUDIT_THEOREM KakeyaFormal.GridCells.label.eq_1 AXIOMS [propext, Classical.choice, Quot.sound]
AUDIT_THEOREM KakeyaFormal.GridCells.bounded_set_covered AXIOMS [propext, Classical.choice, Quot.sound]
AUDIT_THEOREM KakeyaFormal.GridCells.real_volume_gridCell AXIOMS [propext, Classical.choice, Quot.sound]
AUDIT_DECLARATION KakeyaFormal.GridCells.gridCell AXIOMS [propext, Classical.choice, Quot.sound]
AUDIT_THEOREM KakeyaFormal.GridCells.gridCell_disjoint AXIOMS [propext, Classical.choice, Quot.sound]
AUDIT_THEOREM KakeyaFormal.GridCells.coordinateCell._proof_1 AXIOMS [propext]
AUDIT_THEOREM KakeyaFormal.GridCells.touching_bounded_set_label._simp_1_4 AXIOMS [propext]
AUDIT_THEOREM KakeyaFormal.GridCells.touching_bounded_set_label._simp_1_7 AXIOMS [propext]
AUDIT_THEOREM KakeyaFormal.GridCells.touching_bounded_set_label._simp_1_2 AXIOMS [propext]
AUDIT_THEOREM KakeyaFormal.GridCells.touching_bounded_set_label._simp_1_6 AXIOMS [propext, Classical.choice, Quot.sound]
AUDIT_DECLARATION KakeyaFormal.GridCells.label AXIOMS [propext, Classical.choice, Quot.sound]
AUDIT_THEOREM KakeyaFormal.GridCells.measurable_gridCell AXIOMS [propext, Classical.choice, Quot.sound]
AUDIT_THEOREM KakeyaFormal.GridCells.cell_center_distance AXIOMS [propext, Classical.choice, Quot.sound]
AUDIT_THEOREM KakeyaFormal.GridCells.positive_tube_cell_count AXIOMS [propext, Classical.choice, Quot.sound]
AUDIT_THEOREM KakeyaFormal.GridCells.cellSystem._proof_1 AXIOMS [propext, Classical.choice, Quot.sound]
AUDIT_THEOREM KakeyaFormal.GridCells.cellSystem._proof_4 AXIOMS [propext, Classical.choice, Quot.sound]
AUDIT_THEOREM KakeyaFormal.GridCells.mem_gridCell AXIOMS [propext, Classical.choice, Quot.sound]
AUDIT_THEOREM KakeyaFormal.GridCells.mem_gridCell_iff_label AXIOMS [propext, Classical.choice, Quot.sound]
AUDIT_THEOREM KakeyaFormal.GridCells.measurable_coordinateCell AXIOMS [propext, Classical.choice, Quot.sound]
AUDIT_DECLARATION KakeyaFormal.GridCells.finiteCellSystem AXIOMS [propext, Classical.choice, Quot.sound]
AUDIT_THEOREM KakeyaFormal.GridCells.gridCell.eq_1 AXIOMS [propext, Classical.choice, Quot.sound]
