AUDIT_THEOREM KakeyaFormal.GridShadingMeasure.pointwise_multiplicity AXIOMS [propext, Classical.choice, Quot.sound]
AUDIT_THEOREM KakeyaFormal.GridShadingMeasure.pointwise_broadness AXIOMS [propext, Classical.choice, Quot.sound]
AUDIT_THEOREM KakeyaFormal.GridShadingMeasure.group_overlap AXIOMS [propext, Classical.choice, Quot.sound]
AUDIT_DECLARATION KakeyaFormal.GridShadingMeasure.cellUnion AXIOMS [propext, Classical.choice, Quot.sound]
AUDIT_THEOREM KakeyaFormal.GridShadingMeasure.cellUnion.eq_1 AXIOMS [propext, Classical.choice, Quot.sound]
AUDIT_THEOREM KakeyaFormal.GridShadingMeasure.cellUnion_measurable AXIOMS [propext, Classical.choice, Quot.sound]
AUDIT_THEOREM KakeyaFormal.GridShadingMeasure.cellUnion_biUnion AXIOMS [propext, Classical.choice, Quot.sound]
AUDIT_THEOREM KakeyaFormal.GridShadingMeasure.cellUnion_carrier AXIOMS [propext, Classical.choice, Quot.sound]
AUDIT_THEOREM KakeyaFormal.GridShadingMeasure.mem_cellUnion._simp_1_2 AXIOMS [propext]
AUDIT_THEOREM KakeyaFormal.GridShadingMeasure.two_ends AXIOMS [propext, Classical.choice, Quot.sound]
AUDIT_THEOREM KakeyaFormal.TubeFamily.unionCells.eq_1 AXIOMS [propext, Classical.choice, Quot.sound]
AUDIT_THEOREM KakeyaFormal.GridShadingMeasure.family_union._simp_1_1 AXIOMS [propext, Classical.choice, Quot.sound]
AUDIT_THEOREM KakeyaFormal.GridShadingMeasure.ball_volume_le AXIOMS [propext, Classical.choice, Quot.sound]
AUDIT_THEOREM KakeyaFormal.GridShadingMeasure.pointwise_incidence AXIOMS [propext, Classical.choice, Quot.sound]
AUDIT_THEOREM KakeyaFormal.GridShadingMeasure.cellUnion_biUnion._simp_1_2 AXIOMS [propext]
AUDIT_THEOREM KakeyaFormal.GridShadingMeasure.total_mass AXIOMS [propext, Classical.choice, Quot.sound]
AUDIT_THEOREM KakeyaFormal.GridShadingMeasure.mem_cellUnion AXIOMS [propext, Classical.choice, Quot.sound]
AUDIT_THEOREM KakeyaFormal.GridShadingMeasure.ball_subset AXIOMS [propext, Classical.choice, Quot.sound]
AUDIT_THEOREM KakeyaFormal.GridShadingMeasure.family_union AXIOMS [propext, Classical.choice, Quot.sound]
AUDIT_THEOREM KakeyaFormal.GridShadingMeasure.cellUnion_mono AXIOMS [propext, Classical.choice, Quot.sound]
AUDIT_THEOREM KakeyaFormal.GridShadingMeasure.cellUnion_finite AXIOMS [propext, Classical.choice, Quot.sound]
AUDIT_THEOREM KakeyaFormal.GridShadingMeasure.cellUnion_biUnion._simp_1_3 AXIOMS [propext, Classical.choice, Quot.sound]
AUDIT_THEOREM KakeyaFormal.GridShadingMeasure.pointwise_incidence._simp_1_1 AXIOMS [propext,
 Classical.choice,
 Quot.sound]
AUDIT_THEOREM KakeyaFormal.GridShadingMeasure.cellUnion_volume AXIOMS [propext, Classical.choice, Quot.sound]
