'KakeyaFormal.GroupedCumulative.total_incidence' depends on axioms: [propext, Classical.choice, Quot.sound]
'KakeyaFormal.GroupedCumulative.total_support' depends on axioms: [propext, Classical.choice, Quot.sound]
'KakeyaFormal.GroupedCumulative.grouped_bound' depends on axioms: [propext, Classical.choice, Quot.sound]
'KakeyaFormal.GroupedCumulative.pruning' depends on axioms: [propext, Classical.choice, Quot.sound]
'KakeyaFormal.GroupedCumulative.discrete_pruning' depends on axioms: [propext, Classical.choice, Quot.sound]
AUDIT_THEOREM KakeyaFormal.GroupedCumulative.discrete_pruning AXIOMS [propext, Classical.choice, Quot.sound]
AUDIT_THEOREM KakeyaFormal.GroupedCumulative.total_support AXIOMS [propext, Classical.choice, Quot.sound]
AUDIT_DECLARATION KakeyaFormal.GroupedCumulative.support AXIOMS []
AUDIT_DECLARATION KakeyaFormal.GroupedCumulative.shade AXIOMS [propext, Classical.choice, Quot.sound]
AUDIT_DECLARATION KakeyaFormal.GroupedCumulative.Index AXIOMS []
AUDIT_THEOREM KakeyaFormal.GroupedCumulative.grouped_bound AXIOMS [propext, Classical.choice, Quot.sound]
AUDIT_THEOREM KakeyaFormal.GroupedCumulative.density.eq_1 AXIOMS [propext, Classical.choice, Quot.sound]
AUDIT_THEOREM KakeyaFormal.GroupedCumulative.tube_count_pos AXIOMS [propext, Classical.choice, Quot.sound]
AUDIT_THEOREM KakeyaFormal.GroupedCumulative.density_mass._simp_1_8 AXIOMS [propext]
AUDIT_THEOREM KakeyaFormal.GroupedCumulative.density_mass._simp_1_3 AXIOMS [propext]
AUDIT_THEOREM KakeyaFormal.GroupedCumulative.density_mass._simp_1_5 AXIOMS [propext]
AUDIT_THEOREM KakeyaFormal.GroupedCumulative.union_mem AXIOMS [propext, Classical.choice, Quot.sound]
AUDIT_DECLARATION KakeyaFormal.GroupedCumulative.Record AXIOMS []
AUDIT_THEOREM KakeyaFormal.GroupedCumulative.shade_card AXIOMS [propext, Classical.choice, Quot.sound]
AUDIT_DECLARATION KakeyaFormal.GroupedCumulative.family AXIOMS [propext, Classical.choice, Quot.sound]
AUDIT_THEOREM KakeyaFormal.GroupedCumulative.family_geometry AXIOMS [propext, Classical.choice, Quot.sound]
AUDIT_DECLARATION KakeyaFormal.GroupedCumulative.density AXIOMS [propext, Classical.choice, Quot.sound]
AUDIT_THEOREM KakeyaFormal.GroupedCumulative.pruning AXIOMS [propext, Classical.choice, Quot.sound]
AUDIT_THEOREM KakeyaFormal.GroupedCumulative.density_mass._simp_1_6 AXIOMS [propext]
AUDIT_THEOREM KakeyaFormal.GroupedCumulative.density_mass._simp_1_2 AXIOMS [propext]
AUDIT_THEOREM KakeyaFormal.GroupedCumulative.density_mass._simp_1_7 AXIOMS [propext, Classical.choice, Quot.sound]
AUDIT_THEOREM KakeyaFormal.GroupedCumulative.density_mass._simp_1_4 AXIOMS [propext]
AUDIT_THEOREM KakeyaFormal.GroupedCumulative.total_incidence AXIOMS [propext, Classical.choice, Quot.sound]
AUDIT_THEOREM KakeyaFormal.GroupedCumulative.colored_support_card AXIOMS [propext, Classical.choice, Quot.sound]
AUDIT_THEOREM KakeyaFormal.GroupedCumulative.total_density_mass AXIOMS [propext, Classical.choice, Quot.sound]
AUDIT_THEOREM KakeyaFormal.GroupedCumulative.density_mass AXIOMS [propext, Classical.choice, Quot.sound]
AUDIT_THEOREM KakeyaFormal.GroupedCumulative.tube_count_pos._proof_1_1 AXIOMS [propext, Quot.sound]
AUDIT_THEOREM KakeyaFormal.GroupedCumulative.mem_shade AXIOMS [propext, Classical.choice, Quot.sound]
