AUDIT_THEOREM KakeyaFormal.HairbrushSelection.multiplicity_measurable AXIOMS [propext, Classical.choice, Quot.sound]
AUDIT_THEOREM KakeyaFormal.HairbrushSelection.exists_mass_shell._simp_1_5 AXIOMS [propext]
AUDIT_THEOREM KakeyaFormal.HairbrushSelection.multiplicity_le_card AXIOMS [propext, Classical.choice, Quot.sound]
AUDIT_THEOREM KakeyaFormal.HairbrushSelection.shell_mass_cover AXIOMS [propext, Classical.choice, Quot.sound]
AUDIT_THEOREM KakeyaFormal.HairbrushSelection.exists_stem_in_shell._simp_1_6 AXIOMS [propext,
 Classical.choice,
 Quot.sound]
AUDIT_THEOREM KakeyaFormal.HairbrushSelection.exists_stem_in_shell._simp_1_2 AXIOMS [propext]
AUDIT_THEOREM KakeyaFormal.HairbrushSelection.exists_stem_in_shell._simp_1_7 AXIOMS [propext]
AUDIT_THEOREM KakeyaFormal.HairbrushSelection.exists_stem_in_shell._simp_1_4 AXIOMS [propext]
AUDIT_THEOREM KakeyaFormal.HairbrushSelection.exists_mass_shell._simp_1_1 AXIOMS [propext]
AUDIT_THEOREM KakeyaFormal.HairbrushSelection.exists_mass_shell._simp_1_3 AXIOMS [propext]
AUDIT_THEOREM KakeyaFormal.HairbrushSelection.shell_measurable AXIOMS [propext, Classical.choice, Quot.sound]
AUDIT_THEOREM KakeyaFormal.HairbrushSelection.exists_stem_in_shell AXIOMS [propext, Classical.choice, Quot.sound]
AUDIT_THEOREM KakeyaFormal.HairbrushSelection.shell_bounds._simp_1_1 AXIOMS [propext]
AUDIT_THEOREM KakeyaFormal.HairbrushSelection.multiplicity_ge_one AXIOMS [propext, Classical.choice, Quot.sound]
AUDIT_THEOREM KakeyaFormal.HairbrushSelection.exists_mass_shell AXIOMS [propext, Classical.choice, Quot.sound]
AUDIT_THEOREM KakeyaFormal.HairbrushSelection.exists_stem_in_shell._simp_1_1 AXIOMS [propext]
AUDIT_DECLARATION KakeyaFormal.HairbrushSelection.multiplicityShell AXIOMS [propext, Classical.choice, Quot.sound]
AUDIT_THEOREM KakeyaFormal.HairbrushSelection.exists_stem_in_shell._simp_1_3 AXIOMS [propext]
AUDIT_THEOREM KakeyaFormal.HairbrushSelection.exists_stem_in_shell._simp_1_5 AXIOMS [propext]
AUDIT_DECLARATION KakeyaFormal.HairbrushSelection.markedMass AXIOMS [propext, Classical.choice, Quot.sound]
AUDIT_THEOREM KakeyaFormal.HairbrushSelection.shell_mass_union_upper AXIOMS [propext, Classical.choice, Quot.sound]
AUDIT_THEOREM KakeyaFormal.HairbrushSelection.exists_mass_shell._simp_1_6 AXIOMS [propext, Classical.choice, Quot.sound]
AUDIT_THEOREM KakeyaFormal.HairbrushSelection.exists_mass_shell._simp_1_2 AXIOMS [propext]
AUDIT_THEOREM KakeyaFormal.HairbrushSelection.exists_mass_shell._simp_1_7 AXIOMS [propext]
AUDIT_THEOREM KakeyaFormal.HairbrushSelection.exists_mass_shell._simp_1_4 AXIOMS [propext]
AUDIT_THEOREM KakeyaFormal.HairbrushSelection.shell_bounds AXIOMS [propext, Classical.choice, Quot.sound]
