'KakeyaFormal.HairbrushStem.stem_hairbrush_union_lower' depends on axioms: [propext, Classical.choice, Quot.sound]
AUDIT_THEOREM KakeyaFormal.HairbrushStem.incidence_integral_lower AXIOMS [propext, Classical.choice, Quot.sound]
AUDIT_THEOREM KakeyaFormal.HairbrushStem.stem_hairbrush_union_lower AXIOMS [propext, Classical.choice, Quot.sound]
AUDIT_THEOREM KakeyaFormal.HairbrushStem.bristle_count._simp_1_3 AXIOMS [propext]
AUDIT_THEOREM KakeyaFormal.HairbrushStem.pairConstant._proof_1 AXIOMS [propext]
AUDIT_THEOREM KakeyaFormal.HairbrushStem.stem_hairbrush_union_lower._simp_1_3 AXIOMS [propext]
AUDIT_THEOREM KakeyaFormal.HairbrushStem.bristle_count._simp_1_1 AXIOMS [propext]
AUDIT_THEOREM KakeyaFormal.HairbrushStem.stemConstant_pos AXIOMS [propext, Classical.choice, Quot.sound]
AUDIT_THEOREM KakeyaFormal.HairbrushStem.stem_hairbrush_union_lower._simp_1_1 AXIOMS [propext]
AUDIT_DECLARATION KakeyaFormal.HairbrushStem.stemConstant AXIOMS [propext, Classical.choice, Quot.sound]
AUDIT_THEOREM KakeyaFormal.HairbrushStem.bristle_count AXIOMS [propext, Classical.choice, Quot.sound]
AUDIT_THEOREM KakeyaFormal.HairbrushStem.pairConstant_pos AXIOMS [propext, Classical.choice, Quot.sound]
AUDIT_THEOREM KakeyaFormal.HairbrushStem.bristle_count._simp_1_5 AXIOMS [propext]
AUDIT_DECLARATION KakeyaFormal.HairbrushStem.pairConstant AXIOMS [propext, Classical.choice, Quot.sound]
AUDIT_THEOREM KakeyaFormal.HairbrushStem.bristle_count._simp_1_7 AXIOMS [propext]
AUDIT_THEOREM KakeyaFormal.HairbrushStem.bristle_count._simp_1_2 AXIOMS [propext]
AUDIT_THEOREM KakeyaFormal.HairbrushStem.bristle_count._simp_1_6 AXIOMS [propext, Classical.choice, Quot.sound]
AUDIT_THEOREM KakeyaFormal.HairbrushStem.pairConstant._proof_2 AXIOMS [propext]
AUDIT_THEOREM KakeyaFormal.HairbrushStem.bristle_count._simp_1_4 AXIOMS [propext]
AUDIT_THEOREM KakeyaFormal.HairbrushStem.stem_hairbrush_union_lower._simp_1_4 AXIOMS [propext]
AUDIT_THEOREM KakeyaFormal.HairbrushStem.stem_hairbrush_union_lower._simp_1_2 AXIOMS [propext]
AUDIT_THEOREM KakeyaFormal.HairbrushStem.stem_hairbrush_union_lower._simp_1_6 AXIOMS [propext,
 Classical.choice,
 Quot.sound]
AUDIT_THEOREM KakeyaFormal.HairbrushStem.stem_hairbrush_union_lower._simp_1_7 AXIOMS [propext]
AUDIT_THEOREM KakeyaFormal.HairbrushStem.stem_hairbrush_union_lower._simp_1_5 AXIOMS [propext]
