AUDIT_THEOREM KakeyaFormal.HairbrushUnion.assigned_hairbrush_union_lower._simp_1_3 AXIOMS [propext]
AUDIT_THEOREM KakeyaFormal.HairbrushUnion.bin_union_volume_overlap AXIOMS [propext, Classical.choice, Quot.sound]
AUDIT_THEOREM KakeyaFormal.HairbrushUnion.bin_union_overlap_count AXIOMS [propext, Classical.choice, Quot.sound]
AUDIT_THEOREM KakeyaFormal.HairbrushUnion.far_hairbrush_union_lower AXIOMS [propext, Classical.choice, Quot.sound]
AUDIT_THEOREM KakeyaFormal.HairbrushUnion.hairbrushConstant._proof_1 AXIOMS [propext]
AUDIT_THEOREM KakeyaFormal.HairbrushUnion.assigned_shading_plank AXIOMS [propext, Classical.choice, Quot.sound]
AUDIT_THEOREM KakeyaFormal.HairbrushUnion.sum_bin_card AXIOMS [propext, Classical.choice, Quot.sound]
AUDIT_DECLARATION KakeyaFormal.HairbrushUnion.hairbrushConstant AXIOMS [propext, Classical.choice, Quot.sound]
AUDIT_THEOREM KakeyaFormal.HairbrushUnion.assigned_hairbrush_union_lower._simp_1_6 AXIOMS [propext,
 Classical.choice,
 Quot.sound]
AUDIT_THEOREM KakeyaFormal.HairbrushUnion.assigned_hairbrush_union_lower._simp_1_2 AXIOMS [propext]
AUDIT_THEOREM KakeyaFormal.HairbrushUnion.assigned_hairbrush_union_lower._simp_1_7 AXIOMS [propext]
AUDIT_THEOREM KakeyaFormal.HairbrushUnion.assigned_hairbrush_union_lower._simp_1_4 AXIOMS [propext]
AUDIT_DECLARATION KakeyaFormal.HairbrushUnion.binUnion AXIOMS []
AUDIT_THEOREM KakeyaFormal.HairbrushUnion.hairbrushConstant._proof_2 AXIOMS [propext]
AUDIT_THEOREM KakeyaFormal.HairbrushUnion.assigned_hairbrush_union_lower AXIOMS [propext, Classical.choice, Quot.sound]
AUDIT_THEOREM KakeyaFormal.HairbrushUnion.assigned_hairbrush_union_lower._simp_1_1 AXIOMS [propext]
AUDIT_THEOREM KakeyaFormal.HairbrushUnion.binUnion.eq_1 AXIOMS []
AUDIT_THEOREM KakeyaFormal.HairbrushUnion.assigned_hairbrush_union_lower._simp_1_5 AXIOMS [propext]
AUDIT_THEOREM KakeyaFormal.HairbrushUnion.hairbrushConstant_pos AXIOMS [propext, Classical.choice, Quot.sound]
AUDIT_THEOREM KakeyaFormal.HairbrushUnion.union_binUnion AXIOMS [propext, Quot.sound]
