'KakeyaFormal.HeavyIncidence.many_large' depends on axioms: [propext, Classical.choice, Quot.sound]
'KakeyaFormal.HeavyIncidence.select_heavy' depends on axioms: [propext, Classical.choice, Quot.sound]
'KakeyaFormal.HeavyIncidence.excess_forces_union_normalized' depends on axioms: [propext, Classical.choice, Quot.sound]
'KakeyaFormal.HeavyIncidence.calibrated_mass_bound' depends on axioms: [propext, Classical.choice, Quot.sound]
'KakeyaFormal.HeavyIncidence.discrete_heavy_mass_bound' depends on axioms: [propext, Classical.choice, Quot.sound]
AUDIT_THEOREM KakeyaFormal.HeavyIncidence.excess_forces_union AXIOMS [propext, Classical.choice, Quot.sound]
AUDIT_THEOREM KakeyaFormal.HeavyIncidence.heavy_identity AXIOMS [propext, Classical.choice, Quot.sound]
AUDIT_DECLARATION KakeyaFormal.HeavyIncidence.heavyShade AXIOMS [propext, Classical.choice, Quot.sound]
AUDIT_THEOREM KakeyaFormal.HeavyIncidence.heavy_identity._simp_1_2 AXIOMS [propext]
AUDIT_THEOREM KakeyaFormal.HeavyIncidence.heavy_identity._simp_1_6 AXIOMS [propext, Classical.choice, Quot.sound]
AUDIT_THEOREM KakeyaFormal.HeavyIncidence.heavy_identity._simp_1_4 AXIOMS [propext]
AUDIT_THEOREM KakeyaFormal.HeavyIncidence.heavy_identity._simp_1_7 AXIOMS [propext]
AUDIT_THEOREM KakeyaFormal.HeavyIncidence.heavyShade.eq_1 AXIOMS [propext, Classical.choice, Quot.sound]
AUDIT_THEOREM KakeyaFormal.HeavyIncidence.union_pos_of_excess AXIOMS [propext, Classical.choice, Quot.sound]
AUDIT_THEOREM KakeyaFormal.HeavyIncidence.calibrated_mass_bound AXIOMS [propext, Classical.choice, Quot.sound]
AUDIT_THEOREM KakeyaFormal.HeavyIncidence.threshold_identity._simp_1_3 AXIOMS [propext]
AUDIT_THEOREM KakeyaFormal.HeavyIncidence.threshold_identity._simp_1_5 AXIOMS [propext]
AUDIT_THEOREM KakeyaFormal.HeavyIncidence.excess_forces_union_normalized AXIOMS [propext, Classical.choice, Quot.sound]
AUDIT_THEOREM KakeyaFormal.HeavyIncidence.heavy_identity._simp_1_1 AXIOMS [propext]
AUDIT_THEOREM KakeyaFormal.HeavyIncidence.threshold_identity._simp_1_1 AXIOMS [propext]
AUDIT_THEOREM KakeyaFormal.HeavyIncidence.heavyLabels.eq_1 AXIOMS [propext, Classical.choice, Quot.sound]
AUDIT_THEOREM KakeyaFormal.HeavyIncidence.heavy_identity._simp_1_3 AXIOMS [propext]
AUDIT_THEOREM KakeyaFormal.HeavyIncidence.discrete_heavy_mass_bound AXIOMS [propext, Classical.choice, Quot.sound]
AUDIT_THEOREM KakeyaFormal.HeavyIncidence.threshold_identity._simp_1_6 AXIOMS [propext, Classical.choice, Quot.sound]
AUDIT_THEOREM KakeyaFormal.HeavyIncidence.threshold_identity._simp_1_2 AXIOMS [propext]
AUDIT_THEOREM KakeyaFormal.HeavyIncidence.threshold_identity._simp_1_7 AXIOMS [propext]
AUDIT_THEOREM KakeyaFormal.HeavyIncidence.threshold_identity._simp_1_4 AXIOMS [propext]
AUDIT_THEOREM KakeyaFormal.HeavyIncidence.threshold_identity AXIOMS [propext, Classical.choice, Quot.sound]
AUDIT_THEOREM KakeyaFormal.HeavyIncidence.heavy_identity._simp_1_5 AXIOMS [propext]
AUDIT_DECLARATION KakeyaFormal.HeavyIncidence.heavyLabels AXIOMS [propext, Classical.choice, Quot.sound]
AUDIT_THEOREM KakeyaFormal.HeavyIncidence.select_heavy AXIOMS [propext, Classical.choice, Quot.sound]
AUDIT_THEOREM KakeyaFormal.HeavyIncidence.many_large AXIOMS [propext, Classical.choice, Quot.sound]
