AUDIT_THEOREM KakeyaFormal.LebesgueRealCap.Configuration.core._proof_4 AXIOMS [propext, Classical.choice, Quot.sound]
AUDIT_THEOREM KakeyaFormal.LebesgueRealCap.Configuration.core._proof_1 AXIOMS [propext, Classical.choice, Quot.sound]
AUDIT_THEOREM KakeyaFormal.LebesgueRealCap.Configuration.scale_pos AXIOMS [propext, Classical.choice, Quot.sound]
AUDIT_THEOREM KakeyaFormal.LebesgueRealCap.Configuration.borel_union_ae_eq AXIOMS [propext,
 Classical.choice,
 Quot.sound]
AUDIT_DECLARATION KakeyaFormal.LebesgueRealCap.Configuration.A AXIOMS [propext, Classical.choice, Quot.sound]
AUDIT_DECLARATION KakeyaFormal.LebesgueRealCap.Configuration.mk.noConfusion AXIOMS [propext,
 Classical.choice,
 Quot.sound]
AUDIT_THEOREM KakeyaFormal.LebesgueRealCap.globalize AXIOMS [propext, Classical.choice, Quot.sound]
AUDIT_THEOREM KakeyaFormal.LebesgueRealCap.volume_estimate_iff_borel AXIOMS [propext, Classical.choice, Quot.sound]
AUDIT_THEOREM KakeyaFormal.LebesgueRealCap.Configuration.mk.inj AXIOMS [propext, Classical.choice, Quot.sound]
AUDIT_DECLARATION KakeyaFormal.LebesgueRealCap.Configuration.casesOn AXIOMS [propext, Classical.choice, Quot.sound]
AUDIT_DECLARATION KakeyaFormal.LebesgueRealCap.Configuration.mk AXIOMS [propext, Classical.choice, Quot.sound]
AUDIT_THEOREM KakeyaFormal.LebesgueRealCap.length_diagonal_endpoint AXIOMS [propext, Classical.choice, Quot.sound]
AUDIT_DECLARATION KakeyaFormal.LebesgueRealCap.Configuration.lam AXIOMS [propext, Classical.choice, Quot.sound]
AUDIT_THEOREM KakeyaFormal.LebesgueRealCap.length_real_cap_endpoint AXIOMS [propext, Classical.choice, Quot.sound]
AUDIT_THEOREM KakeyaFormal.LebesgueRealCap.Configuration.borel._proof_1 AXIOMS [propext, Classical.choice, Quot.sound]
AUDIT_DECLARATION KakeyaFormal.LebesgueRealCap.Configuration.mk._flat_ctor AXIOMS [propext,
 Classical.choice,
 Quot.sound]
AUDIT_THEOREM KakeyaFormal.LebesgueRealCap.estimate_iff_borel AXIOMS [propext, Classical.choice, Quot.sound]
AUDIT_THEOREM KakeyaFormal.LebesgueRealCap.Configuration.shading_subset AXIOMS [propext, Classical.choice, Quot.sound]
AUDIT_THEOREM KakeyaFormal.LebesgueRealCap.Configuration.mk.sizeOf_spec AXIOMS [propext, Classical.choice, Quot.sound]
AUDIT_THEOREM KakeyaFormal.LebesgueRealCap.Configuration.core_subset AXIOMS [propext, Classical.choice, Quot.sound]
AUDIT_THEOREM KakeyaFormal.LebesgueRealCap.Configuration.mk.injEq AXIOMS [propext, Classical.choice, Quot.sound]
AUDIT_DECLARATION KakeyaFormal.LebesgueRealCap.Configuration.noConfusionType AXIOMS [propext,
 Classical.choice,
 Quot.sound]
AUDIT_DECLARATION KakeyaFormal.LebesgueRealCap.Configuration.borel AXIOMS [propext, Classical.choice, Quot.sound]
AUDIT_DECLARATION KakeyaFormal.LebesgueRealCap.Configuration.core AXIOMS [propext, Classical.choice, Quot.sound]
AUDIT_THEOREM KakeyaFormal.LebesgueRealCap.Configuration.borel_union_volume AXIOMS [propext,
 Classical.choice,
 Quot.sound]
AUDIT_DECLARATION KakeyaFormal.LebesgueRealCap.Configuration.unionSet AXIOMS [propext, Classical.choice, Quot.sound]
AUDIT_THEOREM KakeyaFormal.LebesgueRealCap.of_borel AXIOMS [propext, Classical.choice, Quot.sound]
AUDIT_THEOREM KakeyaFormal.LebesgueRealCap.Configuration.core._proof_3 AXIOMS [propext, Classical.choice, Quot.sound]
AUDIT_THEOREM KakeyaFormal.LebesgueRealCap.Configuration.core._proof_2 AXIOMS [propext, Classical.choice, Quot.sound]
AUDIT_DECLARATION KakeyaFormal.LebesgueRealCap.Configuration.family AXIOMS [propext, Classical.choice, Quot.sound]
AUDIT_THEOREM KakeyaFormal.LebesgueRealCap.diagonal_volume AXIOMS [propext, Classical.choice, Quot.sound]
AUDIT_DECLARATION KakeyaFormal.LebesgueRealCap.Configuration AXIOMS [propext, Classical.choice, Quot.sound]
AUDIT_THEOREM KakeyaFormal.LebesgueRealCap.length_estimate_iff_borel AXIOMS [propext, Classical.choice, Quot.sound]
AUDIT_THEOREM KakeyaFormal.LebesgueRealCap.Configuration.core_ae_eq AXIOMS [propext, Classical.choice, Quot.sound]
AUDIT_THEOREM KakeyaFormal.LebesgueRealCap.to_borel AXIOMS [propext, Classical.choice, Quot.sound]
AUDIT_DECLARATION KakeyaFormal.LebesgueRealCap.Configuration.M AXIOMS [propext, Classical.choice, Quot.sound]
AUDIT_THEOREM KakeyaFormal.LebesgueRealCap.Configuration.core_measurable AXIOMS [propext, Classical.choice, Quot.sound]
AUDIT_DECLARATION KakeyaFormal.LebesgueRealCap.VolumeEstimate AXIOMS [propext, Classical.choice, Quot.sound]
AUDIT_THEOREM KakeyaFormal.LebesgueRealCap.Configuration.shading_nullMeasurable AXIOMS [propext,
 Classical.choice,
 Quot.sound]
AUDIT_THEOREM KakeyaFormal.LebesgueRealCap.volume_to_borel AXIOMS [propext, Classical.choice, Quot.sound]
AUDIT_THEOREM KakeyaFormal.LebesgueRealCap.Configuration.density_pos AXIOMS [propext, Classical.choice, Quot.sound]
AUDIT_THEOREM KakeyaFormal.LebesgueRealCap.diagonal_endpoint AXIOMS [propext, Classical.choice, Quot.sound]
AUDIT_DECLARATION KakeyaFormal.LebesgueRealCap.Configuration.ofBorel AXIOMS [propext, Classical.choice, Quot.sound]
AUDIT_THEOREM KakeyaFormal.LebesgueRealCap.volume_of_borel AXIOMS [propext, Classical.choice, Quot.sound]
AUDIT_THEOREM KakeyaFormal.LebesgueRealCap.real_cap_endpoint AXIOMS [propext, Classical.choice, Quot.sound]
AUDIT_THEOREM KakeyaFormal.LebesgueRealCap.Configuration.scale_le_one AXIOMS [propext, Classical.choice, Quot.sound]
AUDIT_THEOREM KakeyaFormal.LebesgueRealCap.Configuration.density_le_one AXIOMS [propext, Classical.choice, Quot.sound]
AUDIT_DECLARATION KakeyaFormal.LebesgueRealCap.Configuration.δ AXIOMS [propext, Classical.choice, Quot.sound]
AUDIT_DECLARATION KakeyaFormal.LebesgueRealCap.Configuration.rec AXIOMS [propext, Classical.choice, Quot.sound]
AUDIT_DECLARATION KakeyaFormal.LebesgueRealCap.Configuration.recOn AXIOMS [propext, Classical.choice, Quot.sound]
AUDIT_THEOREM KakeyaFormal.LebesgueRealCap.Configuration.cap_ge_one AXIOMS [propext, Classical.choice, Quot.sound]
AUDIT_DECLARATION KakeyaFormal.LebesgueRealCap.Configuration.noConfusion AXIOMS [propext, Classical.choice, Quot.sound]
AUDIT_DECLARATION KakeyaFormal.LebesgueRealCap.LengthEstimate AXIOMS [propext, Classical.choice, Quot.sound]
AUDIT_THEOREM KakeyaFormal.LebesgueRealCap.Configuration.borel._proof_2 AXIOMS [propext, Classical.choice, Quot.sound]
AUDIT_THEOREM KakeyaFormal.LebesgueRealCap.Configuration.cap_bound AXIOMS [propext, Classical.choice, Quot.sound]
AUDIT_THEOREM KakeyaFormal.LebesgueRealCap.Configuration.bounded AXIOMS [propext, Classical.choice, Quot.sound]
AUDIT_THEOREM KakeyaFormal.LebesgueRealCap.lengths_to_borel AXIOMS [propext, Classical.choice, Quot.sound]
AUDIT_THEOREM KakeyaFormal.LebesgueRealCap.lengths_of_borel AXIOMS [propext, Classical.choice, Quot.sound]
AUDIT_THEOREM KakeyaFormal.LebesgueRealCap.Configuration.ofBorel._proof_1 AXIOMS [propext, Classical.choice, Quot.sound]
AUDIT_DECLARATION KakeyaFormal.LebesgueRealCap.Estimate AXIOMS [propext, Classical.choice, Quot.sound]
AUDIT_THEOREM KakeyaFormal.LebesgueRealCap.Configuration.shading_mass AXIOMS [propext, Classical.choice, Quot.sound]
AUDIT_DECLARATION KakeyaFormal.LebesgueRealCap.Configuration._sizeOf_1 AXIOMS [propext, Classical.choice, Quot.sound]
AUDIT_THEOREM KakeyaFormal.LebesgueRealCap.Configuration.separated AXIOMS [propext, Classical.choice, Quot.sound]
AUDIT_DECLARATION KakeyaFormal.LebesgueRealCap.Configuration._sizeOf_inst AXIOMS [propext, Classical.choice, Quot.sound]
AUDIT_DECLARATION KakeyaFormal.LebesgueRealCap.Configuration.ctorIdx AXIOMS [propext, Classical.choice, Quot.sound]
AUDIT_DECLARATION KakeyaFormal.LebesgueRealCap.Configuration.shading AXIOMS [propext, Classical.choice, Quot.sound]
