AUDIT_DECLARATION KakeyaFormal.LebesgueLocalization.NullSelection.recOn AXIOMS [propext, Classical.choice, Quot.sound]
AUDIT_DECLARATION KakeyaFormal.LebesgueLocalization.NullSelection AXIOMS [propext, Classical.choice, Quot.sound]
AUDIT_THEOREM KakeyaFormal.LebesgueLocalization.NullSelection.mk.inj AXIOMS [propext, Classical.choice, Quot.sound]
AUDIT_THEOREM KakeyaFormal.LebesgueLocalization.NullSelection.density_depth_bound AXIOMS [propext,
 Classical.choice,
 Quot.sound]
AUDIT_DECLARATION KakeyaFormal.LebesgueLocalization.NullSelection.selected AXIOMS [propext,
 Classical.choice,
 Quot.sound]
AUDIT_DECLARATION KakeyaFormal.LebesgueLocalization.NullSelection.mk.noConfusion AXIOMS [propext,
 Classical.choice,
 Quot.sound]
AUDIT_THEOREM KakeyaFormal.LebesgueLocalization.NullSelection.density_range AXIOMS [propext,
 Classical.choice,
 Quot.sound]
AUDIT_THEOREM KakeyaFormal.LebesgueLocalization.NullSelection.radius_lower AXIOMS [propext,
 Classical.choice,
 Quot.sound]
AUDIT_THEOREM KakeyaFormal.LebesgueLocalization.NullSelection.localized_nullMeasurable AXIOMS [propext,
 Classical.choice,
 Quot.sound]
AUDIT_THEOREM KakeyaFormal.LebesgueLocalization.NullSelection.radius_depth_bound AXIOMS [propext,
 Classical.choice,
 Quot.sound]
AUDIT_THEOREM KakeyaFormal.LebesgueLocalization.NullSelection.selected_nonempty AXIOMS [propext,
 Classical.choice,
 Quot.sound]
AUDIT_THEOREM KakeyaFormal.LebesgueLocalization.NullSelection.common_mass_lower AXIOMS [propext,
 Classical.choice,
 Quot.sound]
AUDIT_THEOREM KakeyaFormal.LebesgueLocalization.NullSelection.density_depth_log_bound AXIOMS [propext,
 Classical.choice,
 Quot.sound]
AUDIT_THEOREM KakeyaFormal.LebesgueLocalization.NullSelection.two_ends AXIOMS [propext, Classical.choice, Quot.sound]
AUDIT_THEOREM KakeyaFormal.LebesgueLocalization.NullSelection.radius_upper AXIOMS [propext,
 Classical.choice,
 Quot.sound]
AUDIT_DECLARATION KakeyaFormal.LebesgueLocalization.NullSelection.mk AXIOMS [propext, Classical.choice, Quot.sound]
AUDIT_THEOREM KakeyaFormal.LebesgueLocalization.NullSelection.count_lower AXIOMS [propext, Classical.choice, Quot.sound]
AUDIT_DECLARATION KakeyaFormal.LebesgueLocalization.NullSelection.densityDepth AXIOMS [propext,
 Classical.choice,
 Quot.sound]
AUDIT_DECLARATION KakeyaFormal.LebesgueLocalization.NullSelection.noConfusionType AXIOMS [propext,
 Classical.choice,
 Quot.sound]
AUDIT_DECLARATION KakeyaFormal.LebesgueLocalization.NullSelection._sizeOf_inst AXIOMS [propext,
 Classical.choice,
 Quot.sound]
AUDIT_DECLARATION KakeyaFormal.LebesgueLocalization.NullSelection.ctorIdx AXIOMS [propext, Classical.choice, Quot.sound]
AUDIT_DECLARATION KakeyaFormal.LebesgueLocalization.NullSelection.radiusDepth AXIOMS [propext,
 Classical.choice,
 Quot.sound]
AUDIT_THEOREM KakeyaFormal.LebesgueLocalization.exists_selection AXIOMS [propext, Classical.choice, Quot.sound]
AUDIT_DECLARATION KakeyaFormal.LebesgueLocalization.NullSelection.casesOn AXIOMS [propext, Classical.choice, Quot.sound]
AUDIT_DECLARATION KakeyaFormal.LebesgueLocalization.NullSelection.noConfusion AXIOMS [propext,
 Classical.choice,
 Quot.sound]
AUDIT_DECLARATION KakeyaFormal.LebesgueLocalization.NullSelection.rec AXIOMS [propext, Classical.choice, Quot.sound]
AUDIT_THEOREM KakeyaFormal.LebesgueLocalization.NullSelection.original_mass_fraction AXIOMS [propext,
 Classical.choice,
 Quot.sound]
AUDIT_DECLARATION KakeyaFormal.LebesgueLocalization.NullSelection.radiusIndex AXIOMS [propext,
 Classical.choice,
 Quot.sound]
AUDIT_DECLARATION KakeyaFormal.LebesgueLocalization.NullSelection._sizeOf_1 AXIOMS [propext,
 Classical.choice,
 Quot.sound]
AUDIT_THEOREM KakeyaFormal.LebesgueLocalization.NullSelection.mk.injEq AXIOMS [propext, Classical.choice, Quot.sound]
AUDIT_THEOREM KakeyaFormal.LebesgueLocalization.NullSelection.mk.sizeOf_spec AXIOMS [propext,
 Classical.choice,
 Quot.sound]
AUDIT_DECLARATION KakeyaFormal.LebesgueLocalization.NullSelection.centers AXIOMS [propext, Classical.choice, Quot.sound]
AUDIT_DECLARATION KakeyaFormal.LebesgueLocalization.NullSelection.mk._flat_ctor AXIOMS [propext,
 Classical.choice,
 Quot.sound]
AUDIT_DECLARATION KakeyaFormal.LebesgueLocalization.NullSelection.densityIndex AXIOMS [propext,
 Classical.choice,
 Quot.sound]
