AUDIT_DECLARATION KakeyaFormal.LegalSampleSelection.sampleBudget AXIOMS [propext, Classical.choice, Quot.sound]
AUDIT_THEOREM KakeyaFormal.LegalSampleSelection.sampleBudget._proof_1 AXIOMS [propext]
AUDIT_THEOREM KakeyaFormal.LegalSampleSelection.cutoff_calibration._simp_1_3 AXIOMS [propext]
AUDIT_THEOREM KakeyaFormal.LegalSampleSelection.cutoff_calibration._simp_1_1 AXIOMS [propext]
AUDIT_THEOREM KakeyaFormal.LegalSampleSelection.cutoff_calibration AXIOMS [propext, Classical.choice, Quot.sound]
AUDIT_DECLARATION KakeyaFormal.LegalSampleSelection.cutoff AXIOMS [propext, Classical.choice, Quot.sound]
AUDIT_THEOREM KakeyaFormal.LegalSampleSelection.fiberBudget.eq_1 AXIOMS [propext, Classical.choice, Quot.sound]
AUDIT_THEOREM KakeyaFormal.LegalSampleSelection.cutoff_calibration._simp_1_5 AXIOMS [propext]
AUDIT_THEOREM KakeyaFormal.LegalSampleSelection.fiberBudget._proof_1 AXIOMS [propext]
AUDIT_THEOREM KakeyaFormal.AngleFiberSelection.size.eq_1 AXIOMS [propext, Classical.choice, Quot.sound]
AUDIT_THEOREM KakeyaFormal.LegalSampleSelection.cutoff_calibration._simp_1_7 AXIOMS [propext]
AUDIT_THEOREM KakeyaFormal.LegalSampleSelection.cutoff._proof_1 AXIOMS [propext]
AUDIT_THEOREM KakeyaFormal.LegalSampleSelection.cutoff_calibration._simp_1_2 AXIOMS [propext]
AUDIT_THEOREM KakeyaFormal.LegalSampleSelection.cutoff_calibration._simp_1_6 AXIOMS [propext,
 Classical.choice,
 Quot.sound]
AUDIT_THEOREM KakeyaFormal.LegalSampleSelection.cutoff_calibration._simp_1_4 AXIOMS [propext]
AUDIT_THEOREM KakeyaFormal.LegalSampleSelection.dyadic_selection AXIOMS [propext, Classical.choice, Quot.sound]
AUDIT_DECLARATION KakeyaFormal.LegalSampleSelection.fiberBudget AXIOMS [propext, Classical.choice, Quot.sound]
AUDIT_THEOREM KakeyaFormal.AngleFiberSelection.fiber.eq_1 AXIOMS [propext, Classical.choice, Quot.sound]
AUDIT_DECLARATION KakeyaFormal.LegalSampleSelection.outputBudget AXIOMS [propext, Classical.choice, Quot.sound]
