AUDIT_DECLARATION KakeyaFormal.LegalSampleOutputs.outputConstant AXIOMS [propext, Classical.choice, Quot.sound]
AUDIT_THEOREM KakeyaFormal.LegalSampleOutputs.fiber_count._simp_1_5 AXIOMS [propext]
AUDIT_THEOREM KakeyaFormal.LegalSampleOutputs.output.congr_simp AXIOMS [propext, Classical.choice, Quot.sound]
AUDIT_THEOREM KakeyaFormal.LegalSampleOutputs.integer_fiber_count AXIOMS [propext, Classical.choice, Quot.sound]
AUDIT_THEOREM KakeyaFormal.LegalSampleOutputs.output_count._simp_1_3 AXIOMS [propext]
AUDIT_THEOREM KakeyaFormal.LegalSampleOutputs.output_count._simp_1_5 AXIOMS [propext]
AUDIT_THEOREM KakeyaFormal.LegalSampleOutputs.output._proof_1 AXIOMS [propext]
AUDIT_THEOREM KakeyaFormal.LegalSampleOutputs.output_count._simp_1_1 AXIOMS [propext]
AUDIT_THEOREM KakeyaFormal.LegalSampleOutputs.fiber_count._simp_1_1 AXIOMS [propext]
AUDIT_THEOREM KakeyaFormal.LegalSampleOutputs.outputConstant_pos AXIOMS [propext, Classical.choice, Quot.sound]
AUDIT_THEOREM KakeyaFormal.LegalSampleOutputs.outputConstant._proof_1 AXIOMS [propext]
AUDIT_THEOREM KakeyaFormal.LegalSampleOutputs.fiber_count._simp_1_3 AXIOMS [propext]
AUDIT_THEOREM KakeyaFormal.LegalSampleOutputs.output.eq_1 AXIOMS [propext, Classical.choice, Quot.sound]
AUDIT_THEOREM KakeyaFormal.LegalSampleOutputs.output_encode AXIOMS [propext, Classical.choice, Quot.sound]
AUDIT_THEOREM KakeyaFormal.LegalSampleOutputs.fiber_count AXIOMS [propext, Classical.choice, Quot.sound]
AUDIT_THEOREM KakeyaFormal.LegalSampleOutputs.output_count._simp_1_7 AXIOMS [propext]
AUDIT_THEOREM KakeyaFormal.LegalSampleOutputs.output_count._simp_1_4 AXIOMS [propext]
AUDIT_THEOREM KakeyaFormal.LegalSampleOutputs.output_count._simp_1_6 AXIOMS [propext, Classical.choice, Quot.sound]
AUDIT_THEOREM KakeyaFormal.LegalSampleOutputs.output_count._simp_1_2 AXIOMS [propext]
AUDIT_THEOREM KakeyaFormal.LegalSampleOutputs.output_count AXIOMS [propext, Classical.choice, Quot.sound]
AUDIT_THEOREM KakeyaFormal.LegalSampleOutputs.density_output_count AXIOMS [propext, Classical.choice, Quot.sound]
AUDIT_THEOREM KakeyaFormal.LegalSampleOutputs.fiber_count._simp_1_2 AXIOMS [propext]
AUDIT_THEOREM KakeyaFormal.LegalSampleOutputs.fiber_count._simp_1_4 AXIOMS [propext]
AUDIT_THEOREM KakeyaFormal.LegalSampleOutputs.fiber_count._simp_1_7 AXIOMS [propext]
AUDIT_THEOREM KakeyaFormal.LegalSampleOutputs.fiber_count._simp_1_6 AXIOMS [propext, Classical.choice, Quot.sound]
AUDIT_DECLARATION KakeyaFormal.LegalSampleOutputs.output AXIOMS [propext, Classical.choice, Quot.sound]
