'KakeyaFormal.LiftedAnalytic.color_density_mass' depends on axioms: [propext, Classical.choice, Quot.sound]
'KakeyaFormal.LiftedAnalytic.colored_cumulative_bound' depends on axioms: [propext, Classical.choice, Quot.sound]
'KakeyaFormal.LiftedAnalytic.segment_mass' depends on axioms: [propext, Classical.choice, Quot.sound]
'KakeyaFormal.LiftedAnalytic.discrete_pruned_lifted_union' depends on axioms: [propext, Classical.choice, Quot.sound]
AUDIT_THEOREM KakeyaFormal.LiftedAnalytic.color_density_mass._simp_1_7 AXIOMS [propext]
AUDIT_THEOREM KakeyaFormal.LiftedAnalytic.color_density_mass._simp_1_6 AXIOMS [propext]
AUDIT_THEOREM KakeyaFormal.LiftedAnalytic.color_density_mass._simp_1_4 AXIOMS [propext]
AUDIT_THEOREM KakeyaFormal.LiftedAnalytic.color_density_mass._proof_1_1 AXIOMS [propext, Classical.choice, Quot.sound]
AUDIT_THEOREM KakeyaFormal.LiftedAnalytic.unitPieces_pos AXIOMS [propext, Classical.choice, Quot.sound]
AUDIT_DECLARATION KakeyaFormal.LiftedAnalytic.colorDensity AXIOMS [propext, Classical.choice, Quot.sound]
AUDIT_THEOREM KakeyaFormal.LiftedAnalytic.color_density_mass AXIOMS [propext, Classical.choice, Quot.sound]
AUDIT_DECLARATION KakeyaFormal.LiftedAnalytic.graphNormalization AXIOMS [propext, Classical.choice, Quot.sound]
AUDIT_THEOREM KakeyaFormal.LiftedAnalytic.discrete_pruned_lifted_union AXIOMS [propext, Classical.choice, Quot.sound]
AUDIT_THEOREM KakeyaFormal.LiftedAnalytic.colorDensity.eq_1 AXIOMS [propext, Classical.choice, Quot.sound]
AUDIT_THEOREM KakeyaFormal.LiftedAnalytic.segment_mass AXIOMS [propext, Classical.choice, Quot.sound]
AUDIT_THEOREM KakeyaFormal.LiftedAnalytic.color_density_mass._simp_1_5 AXIOMS [propext]
AUDIT_THEOREM KakeyaFormal.LiftedAnalytic.color_density_mass._simp_1_3 AXIOMS [propext]
AUDIT_THEOREM KakeyaFormal.LiftedAnalytic.color_density_mass._simp_1_9 AXIOMS [propext]
AUDIT_THEOREM KakeyaFormal.LiftedAnalytic.color_density_mass._simp_1_8 AXIOMS [propext, Classical.choice, Quot.sound]
AUDIT_THEOREM KakeyaFormal.LiftedAnalytic.colored_cumulative_bound AXIOMS [propext, Classical.choice, Quot.sound]
AUDIT_THEOREM KakeyaFormal.LiftedAnalytic.colorSize.eq_1 AXIOMS [propext, Classical.choice, Quot.sound]
AUDIT_DECLARATION KakeyaFormal.LiftedAnalytic.unitPieces AXIOMS [propext, Classical.choice, Quot.sound]
AUDIT_THEOREM KakeyaFormal.LiftedAnalytic.graphNormalization._proof_3 AXIOMS [propext, Classical.choice, Quot.sound]
AUDIT_THEOREM KakeyaFormal.LiftedAnalytic.graphNormalization._proof_2 AXIOMS [propext, Classical.choice, Quot.sound]
AUDIT_DECLARATION KakeyaFormal.LiftedAnalytic.colorSize AXIOMS [propext, Classical.choice, Quot.sound]
AUDIT_THEOREM KakeyaFormal.LiftedAnalytic.graphNormalization._proof_4 AXIOMS [propext, Classical.choice, Quot.sound]
AUDIT_THEOREM KakeyaFormal.LiftedAnalytic.graphNormalization._proof_1 AXIOMS [propext]
