AUDIT_THEOREM KakeyaFormal.LiftGraph.lifted_family_cap_bound AXIOMS [propext, Classical.choice, Quot.sound]
AUDIT_THEOREM KakeyaFormal.LiftGraph.graphDirection_chord_inverse AXIOMS [propext, Classical.choice, Quot.sound]
AUDIT_THEOREM KakeyaFormal.LiftGraph.graph_nonzero AXIOMS [propext, Classical.choice, Quot.sound]
AUDIT_THEOREM KakeyaFormal.LiftGraph.graph_cap_to_slope_ball AXIOMS [propext, Classical.choice, Quot.sound]
AUDIT_THEOREM KakeyaFormal.LiftGraph.graphDirection_forward AXIOMS [propext, Classical.choice, Quot.sound]
AUDIT_THEOREM KakeyaFormal.LiftGraph.graphDirection_inverse AXIOMS [propext, Classical.choice, Quot.sound]
AUDIT_DECLARATION KakeyaFormal.LiftGraph.graphDirection AXIOMS [propext, Classical.choice, Quot.sound]
AUDIT_THEOREM KakeyaFormal.LiftGraph.coordinate_gap AXIOMS [propext, Classical.choice, Quot.sound]
AUDIT_THEOREM KakeyaFormal.LiftGraph.graphDirection_recover AXIOMS [propext, Classical.choice, Quot.sound]
AUDIT_THEOREM KakeyaFormal.LiftGraph.graphDirection.eq_1 AXIOMS [propext, Classical.choice, Quot.sound]
AUDIT_THEOREM KakeyaFormal.LiftGraph.graphDirection_unit AXIOMS [propext, Classical.choice, Quot.sound]
AUDIT_THEOREM KakeyaFormal.LiftGraph.graphDirection_chord_inverse._simp_1_6 AXIOMS [propext,
 Classical.choice,
 Quot.sound]
AUDIT_THEOREM KakeyaFormal.LiftGraph.graphDirection_chord_inverse._simp_1_2 AXIOMS [propext]
AUDIT_THEOREM KakeyaFormal.LiftGraph.graphDirection_chord_inverse._simp_1_4 AXIOMS [propext]
AUDIT_THEOREM KakeyaFormal.LiftGraph.graphDirection_chord_inverse._simp_1_7 AXIOMS [propext]
AUDIT_THEOREM KakeyaFormal.LiftGraph.modular_grid_separation AXIOMS [propext, Classical.choice, Quot.sound]
AUDIT_THEOREM KakeyaFormal.LiftGraph.graph_norm_ge_one AXIOMS [propext, Classical.choice, Quot.sound]
AUDIT_THEOREM KakeyaFormal.LiftGraph.fixed_pivot_cap_count AXIOMS [propext, Classical.choice, Quot.sound]
AUDIT_THEOREM KakeyaFormal.LiftGraph.head_abs_le_norm AXIOMS [propext, Classical.choice, Quot.sound]
AUDIT_THEOREM KakeyaFormal.LiftGraph.graphDirection_chord_inverse._simp_1_5 AXIOMS [propext]
AUDIT_THEOREM KakeyaFormal.LiftGraph.fixed_pivot_cap_labels AXIOMS [propext, Classical.choice, Quot.sound]
AUDIT_THEOREM KakeyaFormal.LiftGraph.graphDirection_head AXIOMS [propext, Classical.choice, Quot.sound]
AUDIT_THEOREM KakeyaFormal.LiftGraph.graphDirection_chord_inverse._simp_1_1 AXIOMS [propext]
AUDIT_THEOREM KakeyaFormal.LiftGraph.residual_label_distance AXIOMS [propext, Classical.choice, Quot.sound]
AUDIT_THEOREM KakeyaFormal.EuclideanSplit.cons.eq_1 AXIOMS [propext, Classical.choice, Quot.sound]
AUDIT_THEOREM KakeyaFormal.LiftGraph.fixed_pivot_coloring AXIOMS [propext, Classical.choice, Quot.sound]
AUDIT_THEOREM KakeyaFormal.LiftGraph.graphDirection_chord_inverse._simp_1_3 AXIOMS [propext]
AUDIT_THEOREM KakeyaFormal.LiftGraph.graphDirection_tail AXIOMS [propext, Classical.choice, Quot.sound]
AUDIT_THEOREM KakeyaFormal.LiftGraph.graph_norm_upper AXIOMS [propext, Classical.choice, Quot.sound]
