AUDIT_THEOREM KakeyaFormal.LocalizedClusters.cluster_overlap AXIOMS [propext, Classical.choice, Quot.sound]
AUDIT_THEOREM KakeyaFormal.LocalizedClusters.cluster_ball AXIOMS [propext, Classical.choice, Quot.sound]
AUDIT_THEOREM KakeyaFormal.LocalizedClusters.center_near_origin AXIOMS [propext, Classical.choice, Quot.sound]
AUDIT_DECLARATION KakeyaFormal.LocalizedClusters.indices AXIOMS [propext, Classical.choice, Quot.sound]
AUDIT_THEOREM KakeyaFormal.LocalizedClusters.cluster_overlap._simp_1_1 AXIOMS [propext, Classical.choice, Quot.sound]
AUDIT_THEOREM KakeyaFormal.LocalizedClusters.indices.eq_1 AXIOMS [propext, Classical.choice, Quot.sound]
AUDIT_DECLARATION KakeyaFormal.LocalizedClusters.overlapConstant AXIOMS [propext, Classical.choice, Quot.sound]
AUDIT_THEOREM KakeyaFormal.LocalizedClusters.cluster_finite AXIOMS [propext, Classical.choice, Quot.sound]
AUDIT_DECLARATION KakeyaFormal.LocalizedClusters.labels AXIOMS [propext, Classical.choice, Quot.sound]
AUDIT_THEOREM KakeyaFormal.LocalizedClusters.normalized_cluster_family AXIOMS [propext, Classical.choice, Quot.sound]
AUDIT_THEOREM KakeyaFormal.LocalizedClusters.mem_cluster._simp_1_3 AXIOMS [propext]
AUDIT_THEOREM KakeyaFormal.LocalizedClusters.grouped_weight AXIOMS [propext, Classical.choice, Quot.sound]
AUDIT_THEOREM KakeyaFormal.LocalizedClusters.cluster_union AXIOMS [propext, Classical.choice, Quot.sound]
AUDIT_THEOREM KakeyaFormal.LocalizedClusters.overlapConstant._proof_2 AXIOMS [propext]
AUDIT_THEOREM KakeyaFormal.LocalizedClusters.cluster.eq_1 AXIOMS [propext, Classical.choice, Quot.sound]
AUDIT_THEOREM KakeyaFormal.LocalizedClusters.cluster_measurable AXIOMS [propext, Classical.choice, Quot.sound]
AUDIT_THEOREM KakeyaFormal.LocalizedClusters.mem_cluster AXIOMS [propext, Classical.choice, Quot.sound]
AUDIT_THEOREM KakeyaFormal.LocalizedClusters.cluster_volume_sum AXIOMS [propext, Classical.choice, Quot.sound]
AUDIT_THEOREM KakeyaFormal.LocalizedClusters.rescaled_cluster_volume_sum AXIOMS [propext, Classical.choice, Quot.sound]
AUDIT_THEOREM KakeyaFormal.LocalizedClusters.overlapConstant.eq_1 AXIOMS [propext, Classical.choice, Quot.sound]
AUDIT_THEOREM KakeyaFormal.LocalizedClusters.overlapConstant._proof_1 AXIOMS [propext]
AUDIT_THEOREM KakeyaFormal.LocalizedClusters.mem_cluster._simp_1_5 AXIOMS [propext, Classical.choice, Quot.sound]
AUDIT_DECLARATION KakeyaFormal.LocalizedClusters.cluster AXIOMS [propext, Classical.choice, Quot.sound]
AUDIT_THEOREM KakeyaFormal.LocalizedClusters.mem_cluster._simp_1_6 AXIOMS [propext]
AUDIT_THEOREM KakeyaFormal.LocalizedClusters.mem_cluster._simp_1_4 AXIOMS [propext, Classical.choice, Quot.sound]
