AUDIT_THEOREM KakeyaFormal.MarkedNormalizationAlgebra.refined_log_upper._simp_1_5 AXIOMS [propext]
AUDIT_DECLARATION KakeyaFormal.MarkedNormalizationAlgebra.transportFactor AXIOMS [propext, Classical.choice, Quot.sound]
AUDIT_THEOREM KakeyaFormal.MarkedNormalizationAlgebra.transport_fourth._simp_1_5 AXIOMS [propext]
AUDIT_THEOREM KakeyaFormal.MarkedNormalizationAlgebra.logFactor_ge_one AXIOMS [propext, Classical.choice, Quot.sound]
AUDIT_THEOREM KakeyaFormal.MarkedNormalizationAlgebra.logFactor._proof_1 AXIOMS [propext]
AUDIT_DECLARATION KakeyaFormal.MarkedNormalizationAlgebra.logFactor AXIOMS [propext, Classical.choice, Quot.sound]
AUDIT_THEOREM KakeyaFormal.MarkedNormalizationAlgebra.scale_identity AXIOMS [propext, Classical.choice, Quot.sound]
AUDIT_THEOREM KakeyaFormal.MarkedNormalizationAlgebra.transport_fourth._simp_1_1 AXIOMS [propext]
AUDIT_THEOREM KakeyaFormal.MarkedNormalizationAlgebra.transport_fourth._simp_1_3 AXIOMS [propext]
AUDIT_THEOREM KakeyaFormal.MarkedNormalizationAlgebra.refined_log_upper._simp_1_6 AXIOMS [propext,
 Classical.choice,
 Quot.sound]
AUDIT_THEOREM KakeyaFormal.MarkedNormalizationAlgebra.refined_log_upper._simp_1_7 AXIOMS [propext]
AUDIT_THEOREM KakeyaFormal.MarkedNormalizationAlgebra.refined_log_upper._simp_1_2 AXIOMS [propext]
AUDIT_THEOREM KakeyaFormal.MarkedNormalizationAlgebra.refined_log_upper._simp_1_4 AXIOMS [propext]
AUDIT_THEOREM KakeyaFormal.MarkedNormalizationAlgebra.transportFactor_pos AXIOMS [propext, Classical.choice, Quot.sound]
AUDIT_THEOREM KakeyaFormal.MarkedNormalizationAlgebra.transport_fourth AXIOMS [propext, Classical.choice, Quot.sound]
AUDIT_THEOREM KakeyaFormal.MarkedNormalizationAlgebra.refined_log_upper AXIOMS [propext, Classical.choice, Quot.sound]
AUDIT_THEOREM KakeyaFormal.MarkedNormalizationAlgebra.refined_log_upper._simp_1_1 AXIOMS [propext]
AUDIT_THEOREM KakeyaFormal.MarkedNormalizationAlgebra.transport_fourth._simp_1_2 AXIOMS [propext]
AUDIT_THEOREM KakeyaFormal.MarkedNormalizationAlgebra.transport_fourth._simp_1_7 AXIOMS [propext]
AUDIT_THEOREM KakeyaFormal.MarkedNormalizationAlgebra.transport_fourth._simp_1_4 AXIOMS [propext]
AUDIT_THEOREM KakeyaFormal.MarkedNormalizationAlgebra.transport_fourth._simp_1_6 AXIOMS [propext,
 Classical.choice,
 Quot.sound]
AUDIT_THEOREM KakeyaFormal.MarkedNormalizationAlgebra.refined_log_power AXIOMS [propext, Classical.choice, Quot.sound]
AUDIT_THEOREM KakeyaFormal.MarkedNormalizationAlgebra.refined_log_upper._simp_1_3 AXIOMS [propext]
