AUDIT_DECLARATION KakeyaFormal.MarkedGridPadding.Padding.casesOn AXIOMS [propext, Classical.choice, Quot.sound]
AUDIT_THEOREM KakeyaFormal.MarkedGridPadding.Padding.comparable._simp_1_1 AXIOMS [propext]
AUDIT_DECLARATION KakeyaFormal.MarkedGridPadding.Padding.mk AXIOMS [propext, Classical.choice, Quot.sound]
AUDIT_DECLARATION KakeyaFormal.MarkedGridPadding.Padding AXIOMS [propext, Classical.choice, Quot.sound]
AUDIT_THEOREM KakeyaFormal.MarkedGridPadding.endsFactor_ge_one AXIOMS [propext, Classical.choice, Quot.sound]
AUDIT_THEOREM KakeyaFormal.MarkedGridPadding.construct AXIOMS [propext, Classical.choice, Quot.sound]
AUDIT_DECLARATION KakeyaFormal.MarkedGridPadding.Padding.rec AXIOMS [propext, Classical.choice, Quot.sound]
AUDIT_THEOREM KakeyaFormal.MarkedGridPadding.Padding.comparable._simp_1_3 AXIOMS [propext]
AUDIT_DECLARATION KakeyaFormal.MarkedGridPadding.Padding.noConfusionType AXIOMS [propext, Classical.choice, Quot.sound]
AUDIT_DECLARATION KakeyaFormal.MarkedGridPadding.endsFactor AXIOMS [propext, Classical.choice, Quot.sound]
AUDIT_THEOREM KakeyaFormal.MarkedGridPadding.Padding.cap_bound AXIOMS [propext, Classical.choice, Quot.sound]
AUDIT_THEOREM KakeyaFormal.MarkedGridPadding.Padding.two_ends_fixed AXIOMS [propext, Classical.choice, Quot.sound]
AUDIT_THEOREM KakeyaFormal.MarkedGridPadding.Padding.bounded AXIOMS [propext, Classical.choice, Quot.sound]
AUDIT_THEOREM KakeyaFormal.MarkedGridPadding.Padding.comparable AXIOMS [propext, Classical.choice, Quot.sound]
AUDIT_THEOREM KakeyaFormal.MarkedGridPadding.Padding.union_card AXIOMS [propext, Classical.choice, Quot.sound]
AUDIT_THEOREM KakeyaFormal.MarkedGridPadding.marked_mass AXIOMS [propext, Classical.choice, Quot.sound]
AUDIT_THEOREM KakeyaFormal.MarkedGridPadding.Padding.admissible._simp_1_3 AXIOMS [propext]
AUDIT_DECLARATION KakeyaFormal.MarkedGridPadding.Padding.mk.noConfusion AXIOMS [propext, Classical.choice, Quot.sound]
AUDIT_DECLARATION KakeyaFormal.MarkedGridPadding.Padding.noConfusion AXIOMS [propext, Classical.choice, Quot.sound]
AUDIT_THEOREM KakeyaFormal.MarkedGridPadding.Padding.admissible._simp_1_5 AXIOMS [propext]
AUDIT_THEOREM KakeyaFormal.MarkedGridPadding.Padding.marks_subset AXIOMS [propext, Classical.choice, Quot.sound]
AUDIT_DECLARATION KakeyaFormal.MarkedGridPadding.Padding.mk._flat_ctor AXIOMS [propext, Classical.choice, Quot.sound]
AUDIT_THEOREM KakeyaFormal.MarkedGridPadding.Padding.child_subset AXIOMS [propext, Classical.choice, Quot.sound]
AUDIT_DECLARATION KakeyaFormal.MarkedGridPadding.Padding._sizeOf_1 AXIOMS [propext, Classical.choice, Quot.sound]
AUDIT_THEOREM KakeyaFormal.MarkedGridPadding.Padding.admissible._simp_1_1 AXIOMS [propext]
AUDIT_THEOREM KakeyaFormal.MarkedGridPadding.Padding.union_subset AXIOMS [propext, Classical.choice, Quot.sound]
AUDIT_THEOREM KakeyaFormal.MarkedGridPadding.marked_card AXIOMS [propext, Classical.choice, Quot.sound]
AUDIT_THEOREM KakeyaFormal.MarkedGridPadding.Padding.anchors_subset AXIOMS [propext, Classical.choice, Quot.sound]
AUDIT_THEOREM KakeyaFormal.MarkedGridPadding.Padding.marked_broad AXIOMS [propext, Classical.choice, Quot.sound]
AUDIT_THEOREM KakeyaFormal.MarkedGridPadding.Padding.two_ends AXIOMS [propext, Classical.choice, Quot.sound]
AUDIT_DECLARATION KakeyaFormal.MarkedGridPadding.Padding.shade AXIOMS [propext, Classical.choice, Quot.sound]
AUDIT_THEOREM KakeyaFormal.MarkedGridPadding.Padding.comparable._simp_1_7 AXIOMS [propext]
AUDIT_THEOREM KakeyaFormal.MarkedGridPadding.Padding.comparable._simp_1_4 AXIOMS [propext]
AUDIT_THEOREM KakeyaFormal.MarkedGridPadding.Padding.comparable._simp_1_2 AXIOMS [propext]
AUDIT_DECLARATION KakeyaFormal.MarkedGridPadding.Padding.recOn AXIOMS [propext, Classical.choice, Quot.sound]
AUDIT_THEOREM KakeyaFormal.MarkedGridPadding.Padding.comparable._simp_1_6 AXIOMS [propext, Classical.choice, Quot.sound]
AUDIT_DECLARATION KakeyaFormal.MarkedGridPadding.marked AXIOMS [propext, Classical.choice, Quot.sound]
AUDIT_THEOREM KakeyaFormal.MarkedGridPadding.Padding.mk.inj AXIOMS [propext, Classical.choice, Quot.sound]
AUDIT_THEOREM KakeyaFormal.MarkedGridPadding.Padding.card_eq AXIOMS [propext, Classical.choice, Quot.sound]
AUDIT_THEOREM KakeyaFormal.MarkedGridPadding.Padding.comparable._simp_1_5 AXIOMS [propext]
AUDIT_DECLARATION KakeyaFormal.MarkedGridPadding.Padding.family AXIOMS [propext, Classical.choice, Quot.sound]
AUDIT_THEOREM KakeyaFormal.MarkedGridPadding.Padding.original_card_le AXIOMS [propext, Classical.choice, Quot.sound]
AUDIT_THEOREM KakeyaFormal.MarkedGridPadding.Padding.admissible._simp_1_6 AXIOMS [propext, Classical.choice, Quot.sound]
AUDIT_THEOREM KakeyaFormal.MarkedGridPadding.Padding.admissible._simp_1_2 AXIOMS [propext]
AUDIT_THEOREM KakeyaFormal.MarkedGridPadding.Padding.admissible._simp_1_7 AXIOMS [propext]
AUDIT_THEOREM KakeyaFormal.MarkedGridPadding.Padding.admissible._simp_1_4 AXIOMS [propext]
AUDIT_DECLARATION KakeyaFormal.MarkedGridPadding.Padding.ctorIdx AXIOMS [propext, Classical.choice, Quot.sound]
AUDIT_THEOREM KakeyaFormal.MarkedGridPadding.Padding.mk.sizeOf_spec AXIOMS [propext, Classical.choice, Quot.sound]
AUDIT_THEOREM KakeyaFormal.MarkedGridPadding.Padding.separated AXIOMS [propext, Classical.choice, Quot.sound]
AUDIT_THEOREM KakeyaFormal.MarkedGridPadding.Padding.admissible AXIOMS [propext, Classical.choice, Quot.sound]
AUDIT_DECLARATION KakeyaFormal.MarkedGridPadding.Padding._sizeOf_inst AXIOMS [propext, Classical.choice, Quot.sound]
AUDIT_THEOREM KakeyaFormal.MarkedGridPadding.Padding.mk.injEq AXIOMS [propext, Classical.choice, Quot.sound]
