AUDIT_THEOREM KakeyaFormal.MarkedLengthInput.Input.scale_le_one AXIOMS [propext, Classical.choice, Quot.sound]
AUDIT_THEOREM KakeyaFormal.MarkedLengthInput.to_unit_input._simp_1_2 AXIOMS [propext]
AUDIT_DECLARATION KakeyaFormal.MarkedLengthInput.Input.recOn AXIOMS [propext, Classical.choice, Quot.sound]
AUDIT_THEOREM KakeyaFormal.MarkedLengthInput.to_unit_input._simp_1_6 AXIOMS [propext, Classical.choice, Quot.sound]
AUDIT_THEOREM KakeyaFormal.MarkedLengthInput.to_unit_input._simp_1_4 AXIOMS [propext]
AUDIT_THEOREM KakeyaFormal.MarkedLengthInput.to_unit_input._simp_1_7 AXIOMS [propext]
AUDIT_THEOREM KakeyaFormal.MarkedLengthInput.to_unit_input AXIOMS [propext, Classical.choice, Quot.sound]
AUDIT_THEOREM KakeyaFormal.MarkedLengthInput.Input.cap_ge_one AXIOMS [propext, Classical.choice, Quot.sound]
AUDIT_THEOREM KakeyaFormal.MarkedLengthInput.Input.marked_broad AXIOMS [propext, Classical.choice, Quot.sound]
AUDIT_THEOREM KakeyaFormal.MarkedLengthInput.Input.density_pos AXIOMS [propext, Classical.choice, Quot.sound]
AUDIT_THEOREM KakeyaFormal.MarkedLengthInput.Input.cap_bound AXIOMS [propext, Classical.choice, Quot.sound]
AUDIT_THEOREM KakeyaFormal.MarkedLengthInput.Input.upper AXIOMS [propext, Classical.choice, Quot.sound]
AUDIT_DECLARATION KakeyaFormal.MarkedLengthInput.Input.mk._flat_ctor AXIOMS [propext, Classical.choice, Quot.sound]
AUDIT_THEOREM KakeyaFormal.MarkedLengthInput.Input.marked_mass AXIOMS [propext, Classical.choice, Quot.sound]
AUDIT_THEOREM KakeyaFormal.MarkedLengthInput.Input.theta_le_one AXIOMS [propext, Classical.choice, Quot.sound]
AUDIT_THEOREM KakeyaFormal.MarkedLengthInput.bounded_lengths AXIOMS [propext, Classical.choice, Quot.sound]
AUDIT_THEOREM KakeyaFormal.MarkedLengthInput.Input.density_le_one AXIOMS [propext, Classical.choice, Quot.sound]
AUDIT_DECLARATION KakeyaFormal.MarkedLengthInput.Input.rec AXIOMS [propext, Classical.choice, Quot.sound]
AUDIT_THEOREM KakeyaFormal.MarkedLengthInput.Input.marks_subset AXIOMS [propext, Classical.choice, Quot.sound]
AUDIT_THEOREM KakeyaFormal.MarkedLengthInput.Input.ends_ge_one AXIOMS [propext, Classical.choice, Quot.sound]
AUDIT_THEOREM KakeyaFormal.MarkedLengthInput.Input.scale_pos AXIOMS [propext, Classical.choice, Quot.sound]
AUDIT_THEOREM KakeyaFormal.MarkedLengthInput.Input.count_pos AXIOMS [propext, Classical.choice, Quot.sound]
AUDIT_THEOREM KakeyaFormal.MarkedLengthInput.Input.lower AXIOMS [propext, Classical.choice, Quot.sound]
AUDIT_THEOREM KakeyaFormal.MarkedLengthInput.Input.theta_pos AXIOMS [propext, Classical.choice, Quot.sound]
AUDIT_DECLARATION KakeyaFormal.MarkedLengthInput.Input.casesOn AXIOMS [propext, Classical.choice, Quot.sound]
AUDIT_THEOREM KakeyaFormal.MarkedLengthInput.Input.bounded AXIOMS [propext, Classical.choice, Quot.sound]
AUDIT_DECLARATION KakeyaFormal.MarkedLengthInput.Input AXIOMS [propext, Classical.choice, Quot.sound]
AUDIT_THEOREM KakeyaFormal.MarkedLengthInput.Input.separated AXIOMS [propext, Classical.choice, Quot.sound]
AUDIT_THEOREM KakeyaFormal.MarkedLengthInput.Input.admissible AXIOMS [propext, Classical.choice, Quot.sound]
AUDIT_THEOREM KakeyaFormal.MarkedLengthInput.to_unit_input._simp_1_3 AXIOMS [propext]
AUDIT_THEOREM KakeyaFormal.MarkedLengthInput.to_unit_input._simp_1_5 AXIOMS [propext]
AUDIT_THEOREM KakeyaFormal.MarkedLengthInput.to_unit_input._simp_1_1 AXIOMS [propext]
AUDIT_DECLARATION KakeyaFormal.MarkedLengthInput.Input.mk AXIOMS [propext, Classical.choice, Quot.sound]
AUDIT_THEOREM KakeyaFormal.MarkedLengthInput.Input.cover AXIOMS [propext, Classical.choice, Quot.sound]
AUDIT_THEOREM KakeyaFormal.MarkedLengthInput.Input.fraction_pos AXIOMS [propext, Classical.choice, Quot.sound]
AUDIT_THEOREM KakeyaFormal.MarkedLengthInput.Input.fraction_le_one AXIOMS [propext, Classical.choice, Quot.sound]
AUDIT_THEOREM KakeyaFormal.MarkedLengthInput.Input.two_ends AXIOMS [propext, Classical.choice, Quot.sound]
