AUDIT_THEOREM KakeyaFormal.MarkedGridRefinement.children_unique AXIOMS [propext, Classical.choice, Quot.sound]
AUDIT_DECLARATION KakeyaFormal.MarkedGridRefinement.factor AXIOMS []
AUDIT_THEOREM KakeyaFormal.MarkedGridRefinement.refined_ball_count AXIOMS [propext, Classical.choice, Quot.sound]
AUDIT_THEOREM KakeyaFormal.MarkedGridRefinement.children.eq_1 AXIOMS [propext, Classical.choice, Quot.sound]
AUDIT_THEOREM KakeyaFormal.MarkedGridRefinement.refine.eq_1 AXIOMS [propext, Classical.choice, Quot.sound]
AUDIT_THEOREM KakeyaFormal.MarkedGridRefinement.center_anchor._simp_1_5 AXIOMS [propext]
AUDIT_THEOREM KakeyaFormal.MarkedGridRefinement.center_anchor._simp_1_3 AXIOMS [propext]
AUDIT_THEOREM KakeyaFormal.MarkedGridRefinement.anchor_injective AXIOMS [propext, Quot.sound]
AUDIT_THEOREM KakeyaFormal.MarkedGridRefinement.anchors.eq_1 AXIOMS [propext, Classical.choice, Quot.sound]
AUDIT_DECLARATION KakeyaFormal.MarkedGridRefinement.refine AXIOMS [propext, Classical.choice, Quot.sound]
AUDIT_THEOREM KakeyaFormal.MarkedGridRefinement.center_anchor._simp_1_1 AXIOMS [propext]
AUDIT_DECLARATION KakeyaFormal.MarkedGridRefinement.children AXIOMS [propext, Classical.choice, Quot.sound]
AUDIT_THEOREM KakeyaFormal.MarkedGridRefinement.anchor_marked_row AXIOMS [propext, Classical.choice, Quot.sound]
AUDIT_THEOREM KakeyaFormal.MarkedGridRefinement.parent_ball AXIOMS [propext, Classical.choice, Quot.sound]
AUDIT_THEOREM KakeyaFormal.MarkedGridRefinement.anchor_mem_children AXIOMS [propext, Classical.choice, Quot.sound]
AUDIT_THEOREM KakeyaFormal.MarkedGridRefinement.factor_pos._proof_1_1 AXIOMS [propext, Quot.sound]
AUDIT_THEOREM KakeyaFormal.MarkedGridRefinement.child_center_distance AXIOMS [propext, Classical.choice, Quot.sound]
AUDIT_THEOREM KakeyaFormal.MarkedGridRefinement.anchors_card AXIOMS [propext, Classical.choice, Quot.sound]
AUDIT_THEOREM KakeyaFormal.MarkedGridRefinement.anchor_mem_children._proof_1_2 AXIOMS [propext,
 Classical.choice,
 Quot.sound]
AUDIT_THEOREM KakeyaFormal.MarkedGridRefinement.child_center_mem AXIOMS [propext, Classical.choice, Quot.sound]
AUDIT_THEOREM KakeyaFormal.MarkedGridRefinement.children_unique._proof_1_3 AXIOMS [propext, Quot.sound]
AUDIT_THEOREM KakeyaFormal.MarkedGridRefinement.children_unique._proof_1_2 AXIOMS [propext, Quot.sound]
AUDIT_THEOREM KakeyaFormal.MarkedGridRefinement.center_anchor._simp_1_4 AXIOMS [propext]
AUDIT_THEOREM KakeyaFormal.MarkedGridRefinement.center_anchor._simp_1_6 AXIOMS [propext, Classical.choice, Quot.sound]
AUDIT_THEOREM KakeyaFormal.MarkedGridRefinement.factor_pos AXIOMS [propext, Quot.sound]
AUDIT_THEOREM KakeyaFormal.MarkedGridRefinement.center_anchor._simp_1_2 AXIOMS [propext]
AUDIT_THEOREM KakeyaFormal.MarkedGridRefinement.center_anchor._simp_1_7 AXIOMS [propext]
AUDIT_THEOREM KakeyaFormal.MarkedGridRefinement.nonanchor_marked_row AXIOMS [propext, Classical.choice, Quot.sound]
AUDIT_THEOREM KakeyaFormal.MarkedGridRefinement.center_anchor AXIOMS [propext, Classical.choice, Quot.sound]
AUDIT_THEOREM KakeyaFormal.MarkedGridRefinement.factor.eq_1 AXIOMS []
AUDIT_THEOREM KakeyaFormal.MarkedGridRefinement.refine_mono AXIOMS [propext, Classical.choice, Quot.sound]
AUDIT_THEOREM KakeyaFormal.MarkedGridRefinement.pad_row AXIOMS [propext, Classical.choice, Quot.sound]
AUDIT_THEOREM KakeyaFormal.MarkedGridRefinement.children_card AXIOMS [propext, Classical.choice, Quot.sound]
AUDIT_THEOREM KakeyaFormal.MarkedGridRefinement.refine_card AXIOMS [propext, Classical.choice, Quot.sound]
AUDIT_THEOREM KakeyaFormal.MarkedGridRefinement.anchors_subset AXIOMS [propext, Classical.choice, Quot.sound]
AUDIT_DECLARATION KakeyaFormal.MarkedGridRefinement.anchors AXIOMS [propext, Classical.choice, Quot.sound]
AUDIT_DECLARATION KakeyaFormal.MarkedGridRefinement.anchor AXIOMS []
AUDIT_THEOREM KakeyaFormal.MarkedGridRefinement.children_disjoint AXIOMS [propext, Classical.choice, Quot.sound]
