'KakeyaFormal.MeasurableConversion.finite_mass_trim' depends on axioms: [propext, Classical.choice, Quot.sound]
'KakeyaFormal.MeasurableConversion.measurable_mass_trim' depends on axioms: [propext, Classical.choice, Quot.sound]
'KakeyaFormal.MeasurableConversion.carrier_norm_bound' depends on axioms: [propext, Classical.choice, Quot.sound]
'KakeyaFormal.MeasurableConversion.class_log_bounds' depends on axioms: [propext, Classical.choice, Quot.sound]
'KakeyaFormal.MeasurableConversion.uniform_class_loss' depends on axioms: [propext, Classical.choice, Quot.sound]
'KakeyaFormal.MeasurableConversion.specialized_expression' depends on axioms: [propext, Classical.choice, Quot.sound]
'KakeyaFormal.MeasurableConversion.absorb_class_loss' depends on axioms: [propext, Classical.choice, Quot.sound]
'KakeyaFormal.MeasurableConversion.union_measurable' depends on axioms: [propext, Classical.choice, Quot.sound]
'KakeyaFormal.MeasurableConversion.union_norm_bound' depends on axioms: [propext, Classical.choice, Quot.sound]
'KakeyaFormal.MeasurableConversion.union_finite' depends on axioms: [propext, Classical.choice, Quot.sound]
'KakeyaFormal.MeasurableConversion.high_density_bound' depends on axioms: [propext, Classical.choice, Quot.sound]
'KakeyaFormal.MeasurableConversion.discrete_to_measurable_succ' depends on axioms: [propext,
 Classical.choice,
 Quot.sound]
'KakeyaFormal.DiscreteEstimate.to_measurable' depends on axioms: [propext, Classical.choice, Quot.sound]
'KakeyaFormal.MeasurableEstimate.volume_form' depends on axioms: [propext, Classical.choice, Quot.sound]
'KakeyaFormal.DiscreteEstimate.to_measurable_volume' depends on axioms: [propext, Classical.choice, Quot.sound]
'KakeyaFormal.RealCapEstimate.to_measurable' depends on axioms: [propext, Classical.choice, Quot.sound]
AUDIT_THEOREM KakeyaFormal.MeasurableConversion.specialized_expression._simp_1_3 AXIOMS [propext]
AUDIT_DECLARATION KakeyaFormal.MeasurableConfiguration.mk AXIOMS [propext, Classical.choice, Quot.sound]
AUDIT_THEOREM KakeyaFormal.MeasurableNormalization.mk.inj AXIOMS [propext, Classical.choice, Quot.sound]
AUDIT_DECLARATION KakeyaFormal.MeasurableConfiguration.lam AXIOMS [propext, Classical.choice, Quot.sound]
AUDIT_DECLARATION KakeyaFormal.MeasurableNormalization.radius AXIOMS [propext, Classical.choice, Quot.sound]
AUDIT_DECLARATION KakeyaFormal.MeasurableConfiguration.casesOn AXIOMS [propext, Classical.choice, Quot.sound]
AUDIT_DECLARATION KakeyaFormal.MeasurableConfiguration.A AXIOMS [propext, Classical.choice, Quot.sound]
AUDIT_DECLARATION KakeyaFormal.MeasurableConfiguration.mk._flat_ctor AXIOMS [propext, Classical.choice, Quot.sound]
AUDIT_THEOREM KakeyaFormal.MeasurableConfiguration.scale_pos AXIOMS [propext, Classical.choice, Quot.sound]
AUDIT_DECLARATION KakeyaFormal.MeasurableNormalization.mk.noConfusion AXIOMS [propext, Classical.choice, Quot.sound]
AUDIT_DECLARATION KakeyaFormal.MeasurableNormalization._sizeOf_inst AXIOMS [propext, Classical.choice, Quot.sound]
AUDIT_DECLARATION KakeyaFormal.MeasurableConfiguration.shading AXIOMS [propext, Classical.choice, Quot.sound]
AUDIT_DECLARATION KakeyaFormal.VolumeMeasurableEstimate AXIOMS [propext, Classical.choice, Quot.sound]
AUDIT_DECLARATION KakeyaFormal.MeasurableConfiguration AXIOMS [propext, Classical.choice, Quot.sound]
AUDIT_THEOREM KakeyaFormal.MeasurableConversion.class_log_bounds AXIOMS [propext, Classical.choice, Quot.sound]
AUDIT_DECLARATION KakeyaFormal.MeasurableNormalization.ctorIdx AXIOMS [propext, Classical.choice, Quot.sound]
AUDIT_DECLARATION KakeyaFormal.MeasurableConfiguration._sizeOf_inst AXIOMS [propext, Classical.choice, Quot.sound]
AUDIT_THEOREM KakeyaFormal.MeasurableNormalization.mk.injEq AXIOMS [propext, Classical.choice, Quot.sound]
AUDIT_THEOREM KakeyaFormal.MeasurableConfiguration.separated AXIOMS [propext, Classical.choice, Quot.sound]
AUDIT_THEOREM KakeyaFormal.MeasurableEstimate.volume_form._simp_1_5 AXIOMS [propext]
AUDIT_DECLARATION KakeyaFormal.MeasurableConfiguration.ctorIdx AXIOMS [propext, Classical.choice, Quot.sound]
AUDIT_THEOREM KakeyaFormal.MeasurableConversion.discrete_to_measurable_succ._proof_1_2 AXIOMS [propext,
 Classical.choice,
 Quot.sound]
AUDIT_THEOREM KakeyaFormal.MeasurableConfiguration.shading_mass AXIOMS [propext, Classical.choice, Quot.sound]
AUDIT_DECLARATION KakeyaFormal.MeasurableConfiguration._sizeOf_1 AXIOMS [propext, Classical.choice, Quot.sound]
AUDIT_THEOREM KakeyaFormal.MeasurableConversion.discreteNormalization._proof_1 AXIOMS [propext]
AUDIT_THEOREM KakeyaFormal.MeasurableConversion.union_finite AXIOMS [propext, Classical.choice, Quot.sound]
AUDIT_THEOREM KakeyaFormal.MeasurableConversion.measurable_mass_trim AXIOMS [propext, Classical.choice, Quot.sound]
AUDIT_THEOREM KakeyaFormal.MeasurableConversion.measurable_mass_trim._proof_1_1 AXIOMS [propext, Quot.sound]
AUDIT_THEOREM KakeyaFormal.MeasurableConfiguration.mk.injEq AXIOMS [propext, Classical.choice, Quot.sound]
AUDIT_DECLARATION KakeyaFormal.MeasurableNormalization.casesOn AXIOMS [propext, Classical.choice, Quot.sound]
AUDIT_THEOREM KakeyaFormal.MeasurableConfiguration.bounded AXIOMS [propext, Classical.choice, Quot.sound]
AUDIT_DECLARATION KakeyaFormal.MeasurableNormalization.mk AXIOMS [propext, Classical.choice, Quot.sound]
AUDIT_THEOREM KakeyaFormal.MeasurableEstimate.volume_form AXIOMS [propext, Classical.choice, Quot.sound]
AUDIT_THEOREM KakeyaFormal.MeasurableConfiguration.cap_bound AXIOMS [propext, Classical.choice, Quot.sound]
AUDIT_THEOREM KakeyaFormal.MeasurableConversion.discrete_to_measurable_succ AXIOMS [propext,
 Classical.choice,
 Quot.sound]
AUDIT_THEOREM KakeyaFormal.MeasurableEstimate.volume_form._simp_1_7 AXIOMS [propext]
AUDIT_DECLARATION KakeyaFormal.MeasurableConfiguration.noConfusion AXIOMS [propext, Classical.choice, Quot.sound]
AUDIT_THEOREM KakeyaFormal.MeasurableEstimate.volume_form._simp_1_2 AXIOMS [propext]
AUDIT_THEOREM KakeyaFormal.MeasurableEstimate._proof_1 AXIOMS [propext, Classical.choice, Quot.sound]
AUDIT_DECLARATION KakeyaFormal.MeasurableEstimate AXIOMS [propext, Classical.choice, Quot.sound]
AUDIT_THEOREM KakeyaFormal.MeasurableEstimate.volume_form._simp_1_6 AXIOMS [propext, Classical.choice, Quot.sound]
AUDIT_THEOREM KakeyaFormal.DiscreteEstimate.to_measurable_volume AXIOMS [propext, Classical.choice, Quot.sound]
AUDIT_THEOREM KakeyaFormal.MeasurableEstimate.volume_form._simp_1_4 AXIOMS [propext]
AUDIT_THEOREM KakeyaFormal.MeasurableConversion.uniform_class_loss AXIOMS [propext, Classical.choice, Quot.sound]
AUDIT_THEOREM KakeyaFormal.MeasurableConfiguration.cap_ge_one AXIOMS [propext, Classical.choice, Quot.sound]
AUDIT_THEOREM KakeyaFormal.DiscreteEstimate.to_measurable AXIOMS [propext, Classical.choice, Quot.sound]
AUDIT_DECLARATION KakeyaFormal.MeasurableConfiguration.recOn AXIOMS [propext, Classical.choice, Quot.sound]
AUDIT_DECLARATION KakeyaFormal.MeasurableConfiguration.δ AXIOMS [propext, Classical.choice, Quot.sound]
AUDIT_DECLARATION KakeyaFormal.MeasurableNormalization.noConfusionType AXIOMS [propext, Classical.choice, Quot.sound]
AUDIT_THEOREM KakeyaFormal.MeasurableConfiguration.density_le_one AXIOMS [propext, Classical.choice, Quot.sound]
AUDIT_THEOREM KakeyaFormal.MeasurableConfiguration.mk.inj AXIOMS [propext, Classical.choice, Quot.sound]
AUDIT_DECLARATION KakeyaFormal.MeasurableConfiguration.rec AXIOMS [propext, Classical.choice, Quot.sound]
AUDIT_THEOREM KakeyaFormal.MeasurableConversion.high_density_bound AXIOMS [propext, Classical.choice, Quot.sound]
AUDIT_THEOREM KakeyaFormal.MeasurableConfiguration.scale_le_one AXIOMS [propext, Classical.choice, Quot.sound]
AUDIT_THEOREM KakeyaFormal.RealCapEstimate.to_measurable AXIOMS [propext, Classical.choice, Quot.sound]
AUDIT_THEOREM KakeyaFormal.MeasurableConversion.union_measurable AXIOMS [propext, Classical.choice, Quot.sound]
AUDIT_THEOREM KakeyaFormal.MeasurableConversion.specialized_expression._simp_1_6 AXIOMS [propext,
 Classical.choice,
 Quot.sound]
AUDIT_THEOREM KakeyaFormal.MeasurableConversion.specialized_expression._simp_1_2 AXIOMS [propext]
AUDIT_THEOREM KakeyaFormal.MeasurableConversion.specialized_expression._simp_1_7 AXIOMS [propext]
AUDIT_THEOREM KakeyaFormal.MeasurableConversion.specialized_expression._simp_1_4 AXIOMS [propext]
AUDIT_THEOREM KakeyaFormal.MeasurableConfiguration.shading_measurable AXIOMS [propext, Classical.choice, Quot.sound]
AUDIT_THEOREM KakeyaFormal.MeasurableConfiguration.mk.sizeOf_spec AXIOMS [propext, Classical.choice, Quot.sound]
AUDIT_THEOREM KakeyaFormal.MeasurableNormalization.radius_pos AXIOMS [propext, Classical.choice, Quot.sound]
AUDIT_THEOREM KakeyaFormal.MeasurableConfiguration.density_pos AXIOMS [propext, Classical.choice, Quot.sound]
AUDIT_DECLARATION KakeyaFormal.MeasurableConversion.discreteNormalization AXIOMS [propext, Classical.choice, Quot.sound]
AUDIT_THEOREM KakeyaFormal.MeasurableEstimate._proof_2 AXIOMS [propext, Classical.choice, Quot.sound]
AUDIT_DECLARATION KakeyaFormal.MeasurableNormalization.noConfusion AXIOMS [propext, Classical.choice, Quot.sound]
AUDIT_DECLARATION KakeyaFormal.RealCapMeasurableEstimate AXIOMS [propext, Classical.choice, Quot.sound]
AUDIT_THEOREM KakeyaFormal.DiscreteEstimate.to_measurable._proof_1_1 AXIOMS [propext, Quot.sound]
AUDIT_DECLARATION KakeyaFormal.MeasurableConfiguration.M AXIOMS [propext, Classical.choice, Quot.sound]
AUDIT_THEOREM KakeyaFormal.MeasurableNormalization.mk.sizeOf_spec AXIOMS [propext, Classical.choice, Quot.sound]
AUDIT_THEOREM KakeyaFormal.MeasurableEstimate.volume_form._simp_1_1 AXIOMS [propext]
AUDIT_DECLARATION KakeyaFormal.MeasurableConfiguration.mk.noConfusion AXIOMS [propext, Classical.choice, Quot.sound]
AUDIT_THEOREM KakeyaFormal.MeasurableConversion.discreteNormalization._proof_2 AXIOMS [propext,
 Classical.choice,
 Quot.sound]
AUDIT_DECLARATION KakeyaFormal.MeasurableNormalization.mk._flat_ctor AXIOMS [propext, Classical.choice, Quot.sound]
AUDIT_THEOREM KakeyaFormal.MeasurableConversion.union_norm_bound AXIOMS [propext, Classical.choice, Quot.sound]
AUDIT_THEOREM KakeyaFormal.MeasurableConversion.carrier_norm_bound AXIOMS [propext, Classical.choice, Quot.sound]
AUDIT_DECLARATION KakeyaFormal.MeasurableNormalization._sizeOf_1 AXIOMS [propext, Classical.choice, Quot.sound]
AUDIT_THEOREM KakeyaFormal.MeasurableConversion.union_finite._simp_1_1 AXIOMS [propext, Classical.choice, Quot.sound]
AUDIT_THEOREM KakeyaFormal.MeasurableNormalization.separation_pos AXIOMS [propext, Classical.choice, Quot.sound]
AUDIT_DECLARATION KakeyaFormal.MeasurableNormalization AXIOMS [propext, Classical.choice, Quot.sound]
AUDIT_THEOREM KakeyaFormal.MeasurableConversion.finite_mass_trim._proof_1_1 AXIOMS [propext,
 Classical.choice,
 Quot.sound]
AUDIT_THEOREM KakeyaFormal.MeasurableConversion.absorb_class_loss AXIOMS [propext, Classical.choice, Quot.sound]
AUDIT_THEOREM KakeyaFormal.MeasurableEstimate.volume_form._simp_1_3 AXIOMS [propext]
AUDIT_DECLARATION KakeyaFormal.MeasurableConfiguration.family AXIOMS [propext, Classical.choice, Quot.sound]
AUDIT_THEOREM KakeyaFormal.MeasurableConversion.specialized_expression AXIOMS [propext, Classical.choice, Quot.sound]
AUDIT_DECLARATION KakeyaFormal.MeasurableConfiguration.unionSet AXIOMS [propext, Classical.choice, Quot.sound]
AUDIT_THEOREM KakeyaFormal.MeasurableConversion.specialized_expression._simp_1_1 AXIOMS [propext]
AUDIT_DECLARATION KakeyaFormal.MeasurableConfiguration.noConfusionType AXIOMS [propext, Classical.choice, Quot.sound]
AUDIT_DECLARATION KakeyaFormal.MeasurableNormalization.rec AXIOMS [propext, Classical.choice, Quot.sound]
AUDIT_THEOREM KakeyaFormal.MeasurableConversion.finite_mass_trim AXIOMS [propext, Classical.choice, Quot.sound]
AUDIT_DECLARATION KakeyaFormal.MeasurableNormalization.recOn AXIOMS [propext, Classical.choice, Quot.sound]
AUDIT_THEOREM KakeyaFormal.MeasurableConversion.discrete_to_measurable_succ._proof_1_1 AXIOMS [propext,
 Classical.choice,
 Quot.sound]
AUDIT_THEOREM KakeyaFormal.MeasurableConfiguration.shading_subset AXIOMS [propext, Classical.choice, Quot.sound]
AUDIT_THEOREM KakeyaFormal.MeasurableConversion.high_density_bound._proof_1_1 AXIOMS [propext,
 Classical.choice,
 Quot.sound]
AUDIT_DECLARATION KakeyaFormal.MeasurableNormalization.separation AXIOMS [propext, Classical.choice, Quot.sound]
AUDIT_THEOREM KakeyaFormal.MeasurableConversion.specialized_expression._simp_1_5 AXIOMS [propext]
