'KakeyaFormal.MeasurableRescaling.inverse_rescale' depends on axioms: [propext, Classical.choice, Quot.sound]
'KakeyaFormal.MeasurableRescaling.rescale_inverse' depends on axioms: [propext, Classical.choice, Quot.sound]
'KakeyaFormal.MeasurableRescaling.rescale_injective' depends on axioms: [propext, Classical.choice, Quot.sound]
'KakeyaFormal.MeasurableRescaling.image_eq_preimage' depends on axioms: [propext, Classical.choice, Quot.sound]
'KakeyaFormal.MeasurableRescaling.image_measurable' depends on axioms: [propext, Classical.choice, Quot.sound]
'KakeyaFormal.MeasurableRescaling.image_volume' depends on axioms: [propext, Classical.choice, Quot.sound]
'KakeyaFormal.MeasurableRescaling.image_finite' depends on axioms: [propext, Classical.choice, Quot.sound]
'KakeyaFormal.MeasurableRescaling.image_inter_ball' depends on axioms: [propext, Classical.choice, Quot.sound]
'KakeyaFormal.MeasurableRescaling.rescaled_two_ends' depends on axioms: [propext, Classical.choice, Quot.sound]
'KakeyaFormal.MeasurableRescaling.unit_two_ends' depends on axioms: [propext, Classical.choice, Quot.sound]
'KakeyaFormal.MeasurableRescaling.image_union' depends on axioms: [propext, Classical.choice, Quot.sound]
'KakeyaFormal.MeasurableRescaling.union_volume' depends on axioms: [propext, Classical.choice, Quot.sound]
'KakeyaFormal.MeasurableRescaling.localized_parameter_interval' depends on axioms: [propext,
 Classical.choice,
 Quot.sound]
'KakeyaFormal.MeasurableRescaling.localized_tube_image' depends on axioms: [propext, Classical.choice, Quot.sound]
'KakeyaFormal.MeasurableRescaling.shared_origin_family' depends on axioms: [propext, Classical.choice, Quot.sound]
'KakeyaFormal.MeasurableRescaling.localized_volume_upper' depends on axioms: [propext, Classical.choice, Quot.sound]
AUDIT_THEOREM KakeyaFormal.MeasurableRescaling.localized_volume_upper._simp_1_5 AXIOMS [propext]
AUDIT_THEOREM KakeyaFormal.MeasurableRescaling.rescaled_two_ends AXIOMS [propext, Classical.choice, Quot.sound]
AUDIT_THEOREM KakeyaFormal.MeasurableRescaling.union_volume AXIOMS [propext, Classical.choice, Quot.sound]
AUDIT_THEOREM KakeyaFormal.MeasurableRescaling.image_finite AXIOMS [propext, Classical.choice, Quot.sound]
AUDIT_THEOREM KakeyaFormal.MeasurableRescaling.image_measurable AXIOMS [propext, Classical.choice, Quot.sound]
AUDIT_THEOREM KakeyaFormal.MeasurableRescaling.image_inter_ball AXIOMS [propext, Classical.choice, Quot.sound]
AUDIT_THEOREM KakeyaFormal.MeasurableRescaling.image_volume AXIOMS [propext, Classical.choice, Quot.sound]
AUDIT_THEOREM KakeyaFormal.MeasurableRescaling.image_eq_preimage._simp_1_1 AXIOMS [propext]
AUDIT_THEOREM KakeyaFormal.MeasurableRescaling.inverse_rescale AXIOMS [propext, Classical.choice, Quot.sound]
AUDIT_THEOREM KakeyaFormal.MeasurableRescaling.inverse.eq_1 AXIOMS [propext, Classical.choice, Quot.sound]
AUDIT_THEOREM KakeyaFormal.MeasurableRescaling.localized_parameter_interval AXIOMS [propext,
 Classical.choice,
 Quot.sound]
AUDIT_THEOREM KakeyaFormal.MeasurableRescaling.rescaled_two_ends._simp_1_4 AXIOMS [propext]
AUDIT_THEOREM KakeyaFormal.MeasurableRescaling.rescaled_two_ends._simp_1_7 AXIOMS [propext]
AUDIT_THEOREM KakeyaFormal.MeasurableRescaling.rescaled_two_ends._simp_1_2 AXIOMS [propext]
AUDIT_THEOREM KakeyaFormal.MeasurableRescaling.rescaled_two_ends._simp_1_6 AXIOMS [propext,
 Classical.choice,
 Quot.sound]
AUDIT_THEOREM KakeyaFormal.MeasurableRescaling.localized_volume_upper._simp_1_7 AXIOMS [propext]
AUDIT_THEOREM KakeyaFormal.MeasurableRescaling.localized_volume_upper._simp_1_4 AXIOMS [propext]
AUDIT_THEOREM KakeyaFormal.MeasurableRescaling.localized_volume_upper._simp_1_2 AXIOMS [propext]
AUDIT_DECLARATION KakeyaFormal.MeasurableRescaling.inverse AXIOMS [propext, Classical.choice, Quot.sound]
AUDIT_THEOREM KakeyaFormal.MeasurableRescaling.localized_volume_upper._simp_1_6 AXIOMS [propext,
 Classical.choice,
 Quot.sound]
AUDIT_THEOREM KakeyaFormal.MeasurableRescaling.shared_origin_family AXIOMS [propext, Classical.choice, Quot.sound]
AUDIT_THEOREM KakeyaFormal.MeasurableRescaling.rescaled_two_ends._simp_1_5 AXIOMS [propext]
AUDIT_THEOREM KakeyaFormal.MeasurableRescaling.image_eq_preimage AXIOMS [propext, Classical.choice, Quot.sound]
AUDIT_THEOREM KakeyaFormal.MeasurableRescaling.rescale_injective AXIOMS [propext, Classical.choice, Quot.sound]
AUDIT_THEOREM KakeyaFormal.MeasurableRescaling.localized_tube_image AXIOMS [propext, Classical.choice, Quot.sound]
AUDIT_THEOREM KakeyaFormal.MeasurableRescaling.localized_volume_upper AXIOMS [propext, Classical.choice, Quot.sound]
AUDIT_THEOREM KakeyaFormal.MeasurableRescaling.rescale_inverse AXIOMS [propext, Classical.choice, Quot.sound]
AUDIT_THEOREM KakeyaFormal.MeasurableRescaling.rescaled_two_ends._simp_1_1 AXIOMS [propext]
AUDIT_THEOREM KakeyaFormal.MeasurableRescaling.localized_volume_upper._simp_1_1 AXIOMS [propext]
AUDIT_THEOREM KakeyaFormal.MeasurableRescaling.image_union AXIOMS [propext, Classical.choice, Quot.sound]
AUDIT_THEOREM KakeyaFormal.MeasurableRescaling.unit_two_ends AXIOMS [propext, Classical.choice, Quot.sound]
AUDIT_THEOREM KakeyaFormal.MeasurableRescaling.rescaled_two_ends._simp_1_3 AXIOMS [propext]
AUDIT_THEOREM KakeyaFormal.MeasurableRescaling.localized_volume_upper._simp_1_3 AXIOMS [propext]
