AUDIT_THEOREM KakeyaFormal.Occupancy.CellSystem.low_occupancy_loss AXIOMS [propext, Classical.choice, Quot.sound]
AUDIT_THEOREM KakeyaFormal.Occupancy.CellSystem.covered_finite AXIOMS [propext, Classical.choice, Quot.sound]
AUDIT_THEOREM KakeyaFormal.Occupancy.CellSystem.mk.injEq AXIOMS [propext, Classical.choice, Quot.sound]
AUDIT_THEOREM KakeyaFormal.Occupancy.CellSystem.cellMass_le_volume AXIOMS [propext, Classical.choice, Quot.sound]
AUDIT_DECLARATION KakeyaFormal.Occupancy.CellSystem.noConfusion AXIOMS [propext, Classical.choice, Quot.sound]
AUDIT_THEOREM KakeyaFormal.Occupancy.CellSystem.measurable AXIOMS [propext, Classical.choice, Quot.sound]
AUDIT_DECLARATION KakeyaFormal.Occupancy.CellSystem.recOn AXIOMS [propext, Classical.choice, Quot.sound]
AUDIT_THEOREM KakeyaFormal.Occupancy.CellSystem.mk.inj AXIOMS [propext, Classical.choice, Quot.sound]
AUDIT_THEOREM KakeyaFormal.Occupancy.CellSystem.occupancy_union_lower AXIOMS [propext, Classical.choice, Quot.sound]
AUDIT_THEOREM KakeyaFormal.Occupancy.CellSystem.mass_decomposition._simp_1_1 AXIOMS [propext]
AUDIT_THEOREM KakeyaFormal.Occupancy.CellSystem.cellMass_nonneg AXIOMS [propext, Classical.choice, Quot.sound]
AUDIT_THEOREM KakeyaFormal.Occupancy.CellSystem.finite AXIOMS [propext, Classical.choice, Quot.sound]
AUDIT_THEOREM KakeyaFormal.Occupancy.CellSystem.class_mass AXIOMS [propext, Classical.choice, Quot.sound]
AUDIT_THEOREM KakeyaFormal.Occupancy.CellSystem.class_mass._simp_1_2 AXIOMS [propext]
AUDIT_THEOREM KakeyaFormal.Occupancy.CellSystem.mass_decomposition._simp_1_3 AXIOMS [propext]
AUDIT_THEOREM KakeyaFormal.Occupancy.CellSystem.normalized_occupancy AXIOMS [propext, Classical.choice, Quot.sound]
AUDIT_THEOREM KakeyaFormal.Occupancy.CellSystem.sum_positiveCells AXIOMS [propext, Classical.choice, Quot.sound]
AUDIT_THEOREM KakeyaFormal.Occupancy.CellSystem.cellMass_mono AXIOMS [propext, Classical.choice, Quot.sound]
AUDIT_DECLARATION KakeyaFormal.Occupancy.CellSystem.covered AXIOMS [propext, Classical.choice, Quot.sound]
AUDIT_DECLARATION KakeyaFormal.Occupancy.CellSystem AXIOMS [propext, Classical.choice, Quot.sound]
AUDIT_DECLARATION KakeyaFormal.Occupancy.CellSystem.cellMass AXIOMS [propext, Classical.choice, Quot.sound]
AUDIT_THEOREM KakeyaFormal.Occupancy.CellSystem.disjoint AXIOMS [propext, Classical.choice, Quot.sound]
AUDIT_DECLARATION KakeyaFormal.Occupancy.CellSystem.positiveCells AXIOMS [propext, Classical.choice, Quot.sound]
AUDIT_DECLARATION KakeyaFormal.Occupancy.CellSystem.noConfusionType AXIOMS [propext, Classical.choice, Quot.sound]
AUDIT_THEOREM KakeyaFormal.Occupancy.CellSystem.covered.eq_1 AXIOMS [propext, Classical.choice, Quot.sound]
AUDIT_DECLARATION KakeyaFormal.Occupancy.CellSystem.rec AXIOMS [propext, Classical.choice, Quot.sound]
AUDIT_THEOREM KakeyaFormal.Occupancy.CellSystem.occupied_count_from_mass AXIOMS [propext, Classical.choice, Quot.sound]
AUDIT_THEOREM KakeyaFormal.Occupancy.CellSystem.class_mass._simp_1_1 AXIOMS [propext]
AUDIT_DECLARATION KakeyaFormal.Occupancy.CellSystem.mk AXIOMS [propext, Classical.choice, Quot.sound]
AUDIT_THEOREM KakeyaFormal.Occupancy.CellSystem.mass_decomposition AXIOMS [propext, Classical.choice, Quot.sound]
AUDIT_THEOREM KakeyaFormal.Occupancy.CellSystem.mk.sizeOf_spec AXIOMS [propext, Classical.choice, Quot.sound]
AUDIT_DECLARATION KakeyaFormal.Occupancy.CellSystem.casesOn AXIOMS [propext, Classical.choice, Quot.sound]
AUDIT_THEOREM KakeyaFormal.Occupancy.CellSystem.mass_decomposition._simp_1_4 AXIOMS [propext]
AUDIT_THEOREM KakeyaFormal.Occupancy.CellSystem.mass_decomposition._simp_1_2 AXIOMS [propext,
 Classical.choice,
 Quot.sound]
AUDIT_DECLARATION KakeyaFormal.Occupancy.CellSystem.mk._flat_ctor AXIOMS [propext, Classical.choice, Quot.sound]
AUDIT_DECLARATION KakeyaFormal.Occupancy.CellSystem.cell AXIOMS [propext, Classical.choice, Quot.sound]
AUDIT_DECLARATION KakeyaFormal.Occupancy.CellSystem._sizeOf_inst AXIOMS [propext, Classical.choice, Quot.sound]
AUDIT_DECLARATION KakeyaFormal.Occupancy.CellSystem.ctorIdx AXIOMS [propext, Classical.choice, Quot.sound]
AUDIT_DECLARATION KakeyaFormal.Occupancy.CellSystem._sizeOf_1 AXIOMS [propext, Classical.choice, Quot.sound]
AUDIT_DECLARATION KakeyaFormal.Occupancy.CellSystem.mk.noConfusion AXIOMS [propext, Classical.choice, Quot.sound]
AUDIT_THEOREM KakeyaFormal.Occupancy.CellSystem.cellMass.eq_1 AXIOMS [propext, Classical.choice, Quot.sound]
