AUDIT_DECLARATION KakeyaFormal.MeasurableEnergy.oneIndicator AXIOMS [propext, Classical.choice, Quot.sound]
AUDIT_THEOREM KakeyaFormal.MeasurableEnergy.multiplicity_square AXIOMS [propext, Classical.choice, Quot.sound]
AUDIT_THEOREM KakeyaFormal.MeasurableEnergy.integral_cauchy_schwarz AXIOMS [propext, Classical.choice, Quot.sound]
AUDIT_THEOREM KakeyaFormal.MeasurableEnergy.finite_shading_energy AXIOMS [propext, Classical.choice, Quot.sound]
AUDIT_THEOREM KakeyaFormal.MeasurableEnergy.oneIndicator.eq_1 AXIOMS [propext, Classical.choice, Quot.sound]
AUDIT_THEOREM KakeyaFormal.MeasurableEnergy.multiplicity_integral AXIOMS [propext, Classical.choice, Quot.sound]
AUDIT_THEOREM KakeyaFormal.MeasurableEnergy.finite_shading_energy_majorant AXIOMS [propext,
 Classical.choice,
 Quot.sound]
AUDIT_THEOREM KakeyaFormal.MeasurableEnergy.finite_shading_union_lower AXIOMS [propext, Classical.choice, Quot.sound]
AUDIT_THEOREM KakeyaFormal.MeasurableEnergy.multiplicity.eq_1 AXIOMS [propext, Classical.choice, Quot.sound]
AUDIT_THEOREM KakeyaFormal.MeasurableEnergy.indicator_integral AXIOMS [propext, Classical.choice, Quot.sound]
AUDIT_DECLARATION KakeyaFormal.MeasurableEnergy.overlapCount AXIOMS [propext, Classical.choice, Quot.sound]
AUDIT_THEOREM KakeyaFormal.MeasurableEnergy.multiplicity_eq_card AXIOMS [propext, Classical.choice, Quot.sound]
AUDIT_THEOREM KakeyaFormal.MeasurableEnergy.multiplicity_square_integral AXIOMS [propext, Classical.choice, Quot.sound]
AUDIT_THEOREM KakeyaFormal.MeasurableEnergy.indicator_integrable AXIOMS [propext, Classical.choice, Quot.sound]
AUDIT_THEOREM KakeyaFormal.MeasurableEnergy.tube_shading_energy AXIOMS [propext, Classical.choice, Quot.sound]
AUDIT_DECLARATION KakeyaFormal.MeasurableEnergy.multiplicity AXIOMS [propext, Classical.choice, Quot.sound]
AUDIT_THEOREM KakeyaFormal.MeasurableEnergy.finite_union_overlap AXIOMS [propext, Classical.choice, Quot.sound]
AUDIT_THEOREM KakeyaFormal.MeasurableEnergy.overlapCount.eq_1 AXIOMS [propext, Classical.choice, Quot.sound]
AUDIT_THEOREM KakeyaFormal.MeasurableEnergy.multiplicity_memLp AXIOMS [propext, Classical.choice, Quot.sound]
AUDIT_THEOREM KakeyaFormal.MeasurableEnergy.indicator_mul AXIOMS [propext, Classical.choice, Quot.sound]
