AUDIT_DECLARATION KakeyaFormal.MeasurableAngularDecomposition.Decomposition.mk._flat_ctor AXIOMS [propext,
 Classical.choice,
 Quot.sound]
AUDIT_THEOREM KakeyaFormal.MeasurableAngularDecomposition.Decomposition.containing_box AXIOMS [propext,
 Classical.choice,
 Quot.sound]
AUDIT_DECLARATION KakeyaFormal.MeasurableAngularDecomposition.Decomposition._sizeOf_1 AXIOMS [propext,
 Classical.choice,
 Quot.sound]
AUDIT_THEOREM KakeyaFormal.MeasurableAngularDecomposition.exists_angular_pieces AXIOMS [propext,
 Classical.choice,
 Quot.sound]
AUDIT_THEOREM KakeyaFormal.MeasurableAngularDecomposition.Decomposition.broad AXIOMS [propext,
 Classical.choice,
 Quot.sound]
AUDIT_DECLARATION KakeyaFormal.MeasurableAngularDecomposition.Decomposition.noConfusion AXIOMS [propext,
 Classical.choice,
 Quot.sound]
AUDIT_DECLARATION KakeyaFormal.MeasurableAngularDecomposition.Decomposition.casesOn AXIOMS [propext,
 Classical.choice,
 Quot.sound]
AUDIT_THEOREM KakeyaFormal.MeasurableAngularDecomposition.Decomposition.containing_tube AXIOMS [propext,
 Classical.choice,
 Quot.sound]
AUDIT_THEOREM KakeyaFormal.MeasurableAngularDecomposition.construct AXIOMS [propext, Classical.choice, Quot.sound]
AUDIT_THEOREM KakeyaFormal.MeasurableAngularDecomposition.cubic_log_rate AXIOMS [propext, Classical.choice, Quot.sound]
AUDIT_DECLARATION KakeyaFormal.MeasurableAngularDecomposition.Decomposition._sizeOf_inst AXIOMS [propext,
 Classical.choice,
 Quot.sound]
AUDIT_DECLARATION KakeyaFormal.MeasurableAngularDecomposition.Decomposition.ctorIdx AXIOMS [propext,
 Classical.choice,
 Quot.sound]
AUDIT_DECLARATION KakeyaFormal.MeasurableAngularDecomposition.Decomposition.noConfusionType AXIOMS [propext,
 Classical.choice,
 Quot.sound]
AUDIT_DECLARATION KakeyaFormal.MeasurableAngularDecomposition.Decomposition.angular AXIOMS [propext,
 Classical.choice,
 Quot.sound]
AUDIT_DECLARATION KakeyaFormal.MeasurableAngularDecomposition.Decomposition.mk.noConfusion AXIOMS [propext,
 Classical.choice,
 Quot.sound]
AUDIT_DECLARATION KakeyaFormal.MeasurableAngularDecomposition.Decomposition.mk AXIOMS [propext,
 Classical.choice,
 Quot.sound]
AUDIT_THEOREM KakeyaFormal.MeasurableAngularDecomposition.retentionConstant._proof_1 AXIOMS [propext]
AUDIT_THEOREM KakeyaFormal.MeasurableAngularDecomposition.Decomposition.mk.sizeOf_spec AXIOMS [propext,
 Classical.choice,
 Quot.sound]
AUDIT_DECLARATION KakeyaFormal.MeasurableAngularDecomposition.Decomposition.rec AXIOMS [propext,
 Classical.choice,
 Quot.sound]
AUDIT_THEOREM KakeyaFormal.MeasurableAngularDecomposition.Decomposition.retained AXIOMS [propext,
 Classical.choice,
 Quot.sound]
AUDIT_THEOREM KakeyaFormal.MeasurableAngularDecomposition.retentionConstant_pos AXIOMS [propext,
 Classical.choice,
 Quot.sound]
AUDIT_THEOREM KakeyaFormal.MeasurableAngularDecomposition.Decomposition.mk.inj AXIOMS [propext,
 Classical.choice,
 Quot.sound]
AUDIT_DECLARATION KakeyaFormal.MeasurableAngularDecomposition.Decomposition AXIOMS [propext,
 Classical.choice,
 Quot.sound]
AUDIT_DECLARATION KakeyaFormal.MeasurableAngularDecomposition.retentionConstant AXIOMS [propext,
 Classical.choice,
 Quot.sound]
AUDIT_THEOREM KakeyaFormal.MeasurableAngularDecomposition.retentionConstant._proof_3 AXIOMS [propext]
AUDIT_THEOREM KakeyaFormal.MeasurableAngularDecomposition.retentionConstant._proof_2 AXIOMS [propext]
AUDIT_THEOREM KakeyaFormal.MeasurableAngularDecomposition.Decomposition.overlap AXIOMS [propext,
 Classical.choice,
 Quot.sound]
AUDIT_THEOREM KakeyaFormal.MeasurableAngularDecomposition.exists_angular_pieces._proof_1_1 AXIOMS [propext, Quot.sound]
AUDIT_THEOREM KakeyaFormal.MeasurableAngularDecomposition.Decomposition.mk.injEq AXIOMS [propext,
 Classical.choice,
 Quot.sound]
AUDIT_DECLARATION KakeyaFormal.MeasurableAngularDecomposition.Decomposition.recOn AXIOMS [propext,
 Classical.choice,
 Quot.sound]
