AUDIT_THEOREM KakeyaFormal.MeasurableMarkedSelection.marks_broad AXIOMS [propext, Classical.choice, Quot.sound]
AUDIT_THEOREM KakeyaFormal.MeasurableMarkedSelection.marked_fraction._simp_1_4 AXIOMS [propext]
AUDIT_THEOREM KakeyaFormal.MeasurableMarkedSelection.marked_fraction._simp_1_2 AXIOMS [propext]
AUDIT_THEOREM KakeyaFormal.MeasurableMarkedSelection.marked_fraction._simp_1_7 AXIOMS [propext]
AUDIT_THEOREM KakeyaFormal.MeasurableMarkedSelection.marked_fraction._simp_1_6 AXIOMS [propext,
 Classical.choice,
 Quot.sound]
AUDIT_THEOREM KakeyaFormal.MeasurableMarkedSelection.reindexed_two_ends AXIOMS [propext, Classical.choice, Quot.sound]
AUDIT_DECLARATION KakeyaFormal.MeasurableMarkedSelection.index AXIOMS [propext, Classical.choice, Quot.sound]
AUDIT_THEOREM KakeyaFormal.MeasurableMarkedSelection.marked_fraction AXIOMS [propext, Classical.choice, Quot.sound]
AUDIT_THEOREM KakeyaFormal.MeasurableMarkedSelection.marks.eq_1 AXIOMS [propext, Classical.choice, Quot.sound]
AUDIT_THEOREM KakeyaFormal.MeasurableMarkedSelection.keep_measurable AXIOMS [propext, Classical.choice, Quot.sound]
AUDIT_THEOREM KakeyaFormal.MeasurableMarkedSelection.reindex_mass AXIOMS [propext, Classical.choice, Quot.sound]
AUDIT_THEOREM KakeyaFormal.MeasurableMarkedSelection.index_mem AXIOMS [propext, Classical.choice, Quot.sound]
AUDIT_DECLARATION KakeyaFormal.MeasurableMarkedSelection.keep AXIOMS [propext, Classical.choice, Quot.sound]
AUDIT_THEOREM KakeyaFormal.MeasurableMarkedSelection.select AXIOMS [propext, Classical.choice, Quot.sound]
AUDIT_THEOREM KakeyaFormal.MeasurableMarkedSelection.family_bounded AXIOMS [propext, Classical.choice, Quot.sound]
AUDIT_THEOREM KakeyaFormal.MeasurableMarkedSelection.family_cap_bound AXIOMS [propext, Classical.choice, Quot.sound]
AUDIT_THEOREM KakeyaFormal.MeasurableMarkedSelection.discarded_pointwise AXIOMS [propext, Classical.choice, Quot.sound]
AUDIT_DECLARATION KakeyaFormal.MeasurableMarkedSelection.reindex AXIOMS [propext, Classical.choice, Quot.sound]
AUDIT_THEOREM KakeyaFormal.MeasurableMarkedSelection.marked_fraction._simp_1_5 AXIOMS [propext]
AUDIT_THEOREM KakeyaFormal.MeasurableMarkedSelection.marked_fraction._simp_1_3 AXIOMS [propext]
AUDIT_DECLARATION KakeyaFormal.MeasurableMarkedSelection.marks AXIOMS [propext, Classical.choice, Quot.sound]
AUDIT_THEOREM KakeyaFormal.MeasurableMarkedSelection.marked_fraction._simp_1_1 AXIOMS [propext]
AUDIT_THEOREM KakeyaFormal.MeasurableMarkedSelection.index_injective AXIOMS [propext, Classical.choice, Quot.sound]
AUDIT_THEOREM KakeyaFormal.MeasurableMarkedSelection.marks_measurable AXIOMS [propext, Classical.choice, Quot.sound]
AUDIT_DECLARATION KakeyaFormal.MeasurableMarkedSelection.family AXIOMS [propext, Classical.choice, Quot.sound]
AUDIT_THEOREM KakeyaFormal.MeasurableMarkedSelection.family_separated AXIOMS [propext, Classical.choice, Quot.sound]
AUDIT_THEOREM KakeyaFormal.MeasurableMarkedSelection.marks_mass_lower AXIOMS [propext, Classical.choice, Quot.sound]
