AUDIT_THEOREM KakeyaFormal.MinPivotKappa.source_geometric_constraints AXIOMS [propext, Classical.choice, Quot.sound]
AUDIT_THEOREM KakeyaFormal.MinPivotKappa.product_le_optimal AXIOMS [propext, Classical.choice, Quot.sound]
AUDIT_THEOREM KakeyaFormal.MinPivotKappa.source_example AXIOMS [propext, Classical.choice, Quot.sound]
AUDIT_THEOREM KakeyaFormal.MinPivotKappa.source_admissible AXIOMS [propext, Classical.choice, Quot.sound]
AUDIT_THEOREM KakeyaFormal.MinPivotKappa.source_le_optimal AXIOMS [propext, Classical.choice, Quot.sound]
AUDIT_THEOREM KakeyaFormal.MinPivotKappa.optimal_pos AXIOMS [propext, Classical.choice, Quot.sound]
AUDIT_DECLARATION KakeyaFormal.MinPivotKappa.sourceChoice AXIOMS [propext, Classical.choice, Quot.sound]
AUDIT_THEOREM KakeyaFormal.MinPivotKappa.sourceConstant_bounds AXIOMS [propext, Classical.choice, Quot.sound]
AUDIT_THEOREM KakeyaFormal.MinPivotKappa.sourceChoice_pos AXIOMS [propext, Classical.choice, Quot.sound]
AUDIT_THEOREM KakeyaFormal.MinPivotKappa.physical_test_iff AXIOMS [propext, Classical.choice, Quot.sound]
AUDIT_DECLARATION KakeyaFormal.MinPivotKappa.sourceConstant AXIOMS [propext, Classical.choice, Quot.sound]
AUDIT_THEOREM KakeyaFormal.MinPivotKappa.maximal AXIOMS [propext, Classical.choice, Quot.sound]
AUDIT_THEOREM KakeyaFormal.MinPivotKappa.optimal_constraints AXIOMS [propext, Classical.choice, Quot.sound]
AUDIT_THEOREM KakeyaFormal.MinPivotKappa.optimal_admissible AXIOMS [propext, Classical.choice, Quot.sound]
AUDIT_THEOREM KakeyaFormal.MinPivotKappa.optimal._proof_1 AXIOMS [propext]
AUDIT_THEOREM KakeyaFormal.PivotKappa.choice.eq_1 AXIOMS [propext, Classical.choice, Quot.sound]
AUDIT_THEOREM KakeyaFormal.MinPivotKappa.sourceConstant.eq_1 AXIOMS [propext, Classical.choice, Quot.sound]
AUDIT_THEOREM KakeyaFormal.MinPivotKappa.physical_factor AXIOMS [propext, Classical.choice, Quot.sound]
AUDIT_THEOREM KakeyaFormal.MinPivotKappa.optimal_log_lower AXIOMS [propext, Classical.choice, Quot.sound]
AUDIT_THEOREM KakeyaFormal.MinPivotKappa.optimal._proof_3 AXIOMS [propext]
AUDIT_THEOREM KakeyaFormal.MinPivotKappa.optimal._proof_2 AXIOMS [propext]
AUDIT_THEOREM KakeyaFormal.MinPivotKappa.no_uniform_product_lower AXIOMS [propext, Classical.choice, Quot.sound]
AUDIT_THEOREM KakeyaFormal.MinPivotKappa.source_legal_two_ends AXIOMS [propext, Classical.choice, Quot.sound]
AUDIT_DECLARATION KakeyaFormal.MinPivotKappa.optimal AXIOMS [propext, Classical.choice, Quot.sound]
AUDIT_THEOREM KakeyaFormal.MinPivotKappa.product_example AXIOMS [propext, Classical.choice, Quot.sound]
