'KakeyaFormal.OriginalPivotSlabs.spatial_coefficient_ge_one' depends on axioms: [propext, Classical.choice, Quot.sound]
'KakeyaFormal.OriginalPivotSlabs.construct' depends on axioms: [propext, Classical.choice, Quot.sound]
AUDIT_DECLARATION KakeyaFormal.OriginalPivotSlabs.Package.rec AXIOMS [propext, Classical.choice, Quot.sound]
AUDIT_THEOREM KakeyaFormal.OriginalPivotSlabs.Hypotheses.scale_small AXIOMS [propext, Classical.choice, Quot.sound]
AUDIT_THEOREM KakeyaFormal.OriginalPivotSlabs.Package.full_subset AXIOMS [propext, Classical.choice, Quot.sound]
AUDIT_THEOREM KakeyaFormal.OriginalPivotSlabs.Hypotheses.two_ends_coefficient AXIOMS [propext,
 Classical.choice,
 Quot.sound]
AUDIT_DECLARATION KakeyaFormal.OriginalPivotSlabs.kappa AXIOMS [propext, Classical.choice, Quot.sound]
AUDIT_DECLARATION KakeyaFormal.OriginalPivotSlabs.Hypotheses.recOn AXIOMS [propext, Classical.choice, Quot.sound]
AUDIT_DECLARATION KakeyaFormal.OriginalPivotSlabs.Package.samples AXIOMS [propext, Classical.choice, Quot.sound]
AUDIT_DECLARATION KakeyaFormal.OriginalPivotSlabs.Package.casesOn AXIOMS [propext, Classical.choice, Quot.sound]
AUDIT_THEOREM KakeyaFormal.OriginalPivotSlabs.Hypotheses.angular_budget AXIOMS [propext, Classical.choice, Quot.sound]
AUDIT_THEOREM KakeyaFormal.OriginalPivotSlabs.Package.sigma_lower AXIOMS [propext, Classical.choice, Quot.sound]
AUDIT_THEOREM KakeyaFormal.OriginalPivotSlabs.Hypotheses.comparable AXIOMS [propext, Classical.choice, Quot.sound]
AUDIT_DECLARATION KakeyaFormal.OriginalPivotSlabs.Package.depth AXIOMS [propext, Classical.choice, Quot.sound]
AUDIT_THEOREM KakeyaFormal.OriginalPivotSlabs.Hypotheses.marked_broad AXIOMS [propext, Classical.choice, Quot.sound]
AUDIT_THEOREM KakeyaFormal.OriginalPivotSlabs.Hypotheses.density_pos AXIOMS [propext, Classical.choice, Quot.sound]
AUDIT_THEOREM KakeyaFormal.OriginalPivotSlabs.Hypotheses.cap_bound AXIOMS [propext, Classical.choice, Quot.sound]
AUDIT_THEOREM KakeyaFormal.OriginalPivotSlabs.Package.normalized_spatial AXIOMS [propext, Classical.choice, Quot.sound]
AUDIT_THEOREM KakeyaFormal.OriginalPivotSlabs.Package.kappa_le_one AXIOMS [propext, Classical.choice, Quot.sound]
AUDIT_THEOREM KakeyaFormal.OriginalPivotSlabs.Hypotheses.angular_radius_pos AXIOMS [propext,
 Classical.choice,
 Quot.sound]
AUDIT_THEOREM KakeyaFormal.OriginalPivotSlabs.Package.mk.sizeOf_spec AXIOMS [propext, Classical.choice, Quot.sound]
AUDIT_DECLARATION KakeyaFormal.OriginalPivotSlabs.Package.ctorIdx AXIOMS [propext, Classical.choice, Quot.sound]
AUDIT_THEOREM KakeyaFormal.OriginalPivotSlabs.Package.kappa_pos AXIOMS [propext, Classical.choice, Quot.sound]
AUDIT_THEOREM KakeyaFormal.OriginalPivotSlabs.Hypotheses.marked_mass AXIOMS [propext, Classical.choice, Quot.sound]
AUDIT_DECLARATION KakeyaFormal.OriginalPivotSlabs.Hypotheses.mk._flat_ctor AXIOMS [propext,
 Classical.choice,
 Quot.sound]
AUDIT_DECLARATION KakeyaFormal.OriginalPivotSlabs.Package._sizeOf_inst AXIOMS [propext, Classical.choice, Quot.sound]
AUDIT_DECLARATION KakeyaFormal.OriginalPivotSlabs.Package.noConfusionType AXIOMS [propext, Classical.choice, Quot.sound]
AUDIT_DECLARATION KakeyaFormal.OriginalPivotSlabs.Package.mk._flat_ctor AXIOMS [propext, Classical.choice, Quot.sound]
AUDIT_DECLARATION KakeyaFormal.OriginalPivotSlabs.Hypotheses.rec AXIOMS [propext, Classical.choice, Quot.sound]
AUDIT_THEOREM KakeyaFormal.OriginalPivotSlabs.Hypotheses.marks_subset AXIOMS [propext, Classical.choice, Quot.sound]
AUDIT_THEOREM KakeyaFormal.OriginalPivotSlabs.Hypotheses.count_pos AXIOMS [propext, Classical.choice, Quot.sound]
AUDIT_THEOREM KakeyaFormal.OriginalPivotSlabs.Package.pruned_union_subset AXIOMS [propext, Classical.choice, Quot.sound]
AUDIT_THEOREM KakeyaFormal.OriginalPivotSlabs.Hypotheses.scale_pos AXIOMS [propext, Classical.choice, Quot.sound]
AUDIT_THEOREM KakeyaFormal.OriginalPivotSlabs.Package.mk.inj AXIOMS [propext, Classical.choice, Quot.sound]
AUDIT_THEOREM KakeyaFormal.OriginalPivotSlabs.Package.tubes_eq AXIOMS [propext, Classical.choice, Quot.sound]
AUDIT_DECLARATION KakeyaFormal.OriginalPivotSlabs.Package.mk AXIOMS [propext, Classical.choice, Quot.sound]
AUDIT_DECLARATION KakeyaFormal.OriginalPivotSlabs.Package AXIOMS [propext, Classical.choice, Quot.sound]
AUDIT_THEOREM KakeyaFormal.OriginalPivotSlabs.Package.output_lower AXIOMS [propext, Classical.choice, Quot.sound]
AUDIT_DECLARATION KakeyaFormal.OriginalPivotSlabs.Hypotheses.casesOn AXIOMS [propext, Classical.choice, Quot.sound]
AUDIT_THEOREM KakeyaFormal.OriginalPivotSlabs.Package.graph_coefficient_ge_one AXIOMS [propext,
 Classical.choice,
 Quot.sound]
AUDIT_THEOREM KakeyaFormal.OriginalPivotSlabs.Hypotheses.bounded AXIOMS [propext, Classical.choice, Quot.sound]
AUDIT_DECLARATION KakeyaFormal.OriginalPivotSlabs.Hypotheses AXIOMS [propext, Classical.choice, Quot.sound]
AUDIT_THEOREM KakeyaFormal.OriginalPivotSlabs.Package.mk.injEq AXIOMS [propext, Classical.choice, Quot.sound]
AUDIT_THEOREM KakeyaFormal.OriginalPivotSlabs.cutoff._proof_1 AXIOMS [propext]
AUDIT_THEOREM KakeyaFormal.OriginalPivotSlabs.Hypotheses.separated AXIOMS [propext, Classical.choice, Quot.sound]
AUDIT_THEOREM KakeyaFormal.OriginalPivotSlabs.Hypotheses.admissible AXIOMS [propext, Classical.choice, Quot.sound]
AUDIT_THEOREM KakeyaFormal.OriginalPivotSlabs.Package.sigma_upper AXIOMS [propext, Classical.choice, Quot.sound]
AUDIT_DECLARATION KakeyaFormal.OriginalPivotSlabs.Package._sizeOf_1 AXIOMS [propext, Classical.choice, Quot.sound]
AUDIT_THEOREM KakeyaFormal.OriginalPivotSlabs.Hypotheses.cap_coefficient AXIOMS [propext, Classical.choice, Quot.sound]
AUDIT_THEOREM KakeyaFormal.OriginalPivotSlabs.Package.depth_bound AXIOMS [propext, Classical.choice, Quot.sound]
AUDIT_THEOREM KakeyaFormal.OriginalPivotSlabs.Package.scale_pos AXIOMS [propext, Classical.choice, Quot.sound]
AUDIT_THEOREM KakeyaFormal.OriginalPivotSlabs.kappa._proof_1 AXIOMS [propext]
AUDIT_DECLARATION KakeyaFormal.OriginalPivotSlabs.Hypotheses.mk AXIOMS [propext, Classical.choice, Quot.sound]
AUDIT_DECLARATION KakeyaFormal.OriginalPivotSlabs.Package.mk.noConfusion AXIOMS [propext, Classical.choice, Quot.sound]
AUDIT_DECLARATION KakeyaFormal.OriginalPivotSlabs.Package.noConfusion AXIOMS [propext, Classical.choice, Quot.sound]
AUDIT_THEOREM KakeyaFormal.OriginalPivotSlabs.construct AXIOMS [propext, Classical.choice, Quot.sound]
AUDIT_THEOREM KakeyaFormal.OriginalPivotSlabs.Hypotheses.cover AXIOMS [propext, Classical.choice, Quot.sound]
AUDIT_THEOREM KakeyaFormal.OriginalPivotSlabs.Hypotheses.marked_fraction_pos AXIOMS [propext,
 Classical.choice,
 Quot.sound]
AUDIT_DECLARATION KakeyaFormal.OriginalPivotSlabs.Package.recovered AXIOMS [propext, Classical.choice, Quot.sound]
AUDIT_DECLARATION KakeyaFormal.OriginalPivotSlabs.Package.recOn AXIOMS [propext, Classical.choice, Quot.sound]
AUDIT_THEOREM KakeyaFormal.OriginalPivotSlabs.Package.deletion AXIOMS [propext, Classical.choice, Quot.sound]
AUDIT_THEOREM KakeyaFormal.OriginalPivotSlabs.Package.width_nonneg AXIOMS [propext, Classical.choice, Quot.sound]
AUDIT_THEOREM KakeyaFormal.OriginalPivotSlabs.Hypotheses.angular_radius_le_one AXIOMS [propext,
 Classical.choice,
 Quot.sound]
AUDIT_THEOREM KakeyaFormal.OriginalPivotSlabs.Hypotheses.two_ends AXIOMS [propext, Classical.choice, Quot.sound]
AUDIT_THEOREM KakeyaFormal.OriginalPivotSlabs.Package.normalized_coefficient_ge_one AXIOMS [propext,
 Classical.choice,
 Quot.sound]
AUDIT_DECLARATION KakeyaFormal.OriginalPivotSlabs.Package.selection AXIOMS [propext, Classical.choice, Quot.sound]
AUDIT_DECLARATION KakeyaFormal.OriginalPivotSlabs.pruned AXIOMS [propext, Classical.choice, Quot.sound]
AUDIT_DECLARATION KakeyaFormal.OriginalPivotSlabs.cutoff AXIOMS [propext, Classical.choice, Quot.sound]
AUDIT_THEOREM KakeyaFormal.OriginalPivotSlabs.Package.small_radius AXIOMS [propext, Classical.choice, Quot.sound]
AUDIT_DECLARATION KakeyaFormal.OriginalPivotSlabs.Package.lines AXIOMS [propext, Classical.choice, Quot.sound]
AUDIT_THEOREM KakeyaFormal.OriginalPivotSlabs.spatial_coefficient_ge_one AXIOMS [propext, Classical.choice, Quot.sound]
AUDIT_THEOREM KakeyaFormal.OriginalPivotSlabs.Hypotheses.two_ends_budget AXIOMS [propext, Classical.choice, Quot.sound]
AUDIT_THEOREM KakeyaFormal.OriginalPivotSlabs.Package.geometry AXIOMS [propext, Classical.choice, Quot.sound]
