AUDIT_THEOREM KakeyaFormal.PivotFourthPower.population_scale_identity AXIOMS [propext, Classical.choice, Quot.sound]
AUDIT_THEOREM KakeyaFormal.PivotFourthPower.actual_cutoff_upper AXIOMS [propext, Classical.choice, Quot.sound]
AUDIT_THEOREM KakeyaFormal.PivotFourthPower.recovered_angle_count._simp_1_3 AXIOMS [propext]
AUDIT_THEOREM KakeyaFormal.PivotFourthPower.fourth_root_bound AXIOMS [propext, Classical.choice, Quot.sound]
AUDIT_THEOREM KakeyaFormal.PivotFourthPower.recovered_angle_count._simp_1_5 AXIOMS [propext]
AUDIT_THEOREM KakeyaFormal.PivotFourthPower.quarter_power AXIOMS [propext, Classical.choice, Quot.sound]
AUDIT_THEOREM KakeyaFormal.PivotFourthPower.population_linearization AXIOMS [propext, Classical.choice, Quot.sound]
AUDIT_THEOREM KakeyaFormal.PivotFourthPower.recovered_angle_count._simp_1_1 AXIOMS [propext]
AUDIT_THEOREM KakeyaFormal.PivotFourthPower.source_fourth_power AXIOMS [propext, Classical.choice, Quot.sound]
AUDIT_THEOREM KakeyaFormal.PivotFourthPower.fourth_power_substitution AXIOMS [propext, Classical.choice, Quot.sound]
AUDIT_THEOREM KakeyaFormal.PivotFourthPower.max_cutoff_bound AXIOMS [propext, Classical.choice, Quot.sound]
AUDIT_THEOREM KakeyaFormal.PivotFourthPower.source_fourth_power_density AXIOMS [propext, Classical.choice, Quot.sound]
AUDIT_THEOREM KakeyaFormal.PivotFourthPower.recovered_angle_count._simp_1_2 AXIOMS [propext]
AUDIT_THEOREM KakeyaFormal.PivotFourthPower.recovered_angle_count._simp_1_6 AXIOMS [propext,
 Classical.choice,
 Quot.sound]
AUDIT_THEOREM KakeyaFormal.PivotFourthPower.recovered_angle_count._simp_1_4 AXIOMS [propext]
AUDIT_THEOREM KakeyaFormal.PivotFourthPower.recovered_angle_count._simp_1_7 AXIOMS [propext]
AUDIT_THEOREM KakeyaFormal.PivotFourthPower.recovered_angle_count AXIOMS [propext, Classical.choice, Quot.sound]
AUDIT_THEOREM KakeyaFormal.PivotFourthPower.inverse_base_bound AXIOMS [propext, Classical.choice, Quot.sound]
AUDIT_THEOREM KakeyaFormal.PivotFourthPower.marked_budget_power AXIOMS [propext, Classical.choice, Quot.sound]
AUDIT_THEOREM KakeyaFormal.PivotFourthPower.recovered_density_power AXIOMS [propext, Classical.choice, Quot.sound]
