'KakeyaFormal.PivotKappa.legal_two_ends' depends on axioms: [propext, Classical.choice, Quot.sound]
'KakeyaFormal.PivotKappa.broad_half_cap' depends on axioms: [propext, Classical.choice, Quot.sound]
'KakeyaFormal.PivotKappa.choice_log_lower' depends on axioms: [propext, Classical.choice, Quot.sound]
AUDIT_THEOREM KakeyaFormal.PivotKappa.physical_radius_le_one AXIOMS [propext, Classical.choice, Quot.sound]
AUDIT_THEOREM KakeyaFormal.PivotKappa.choice_log_lower AXIOMS [propext, Classical.choice, Quot.sound]
AUDIT_THEOREM KakeyaFormal.PivotKappa.physical_radius_le._simp_1_5 AXIOMS [propext]
AUDIT_THEOREM KakeyaFormal.PivotKappa.choice_pos AXIOMS [propext, Classical.choice, Quot.sound]
AUDIT_THEOREM KakeyaFormal.PivotKappa.physical_radius_le AXIOMS [propext, Classical.choice, Quot.sound]
AUDIT_THEOREM KakeyaFormal.PivotKappa.physical_radius_le._simp_1_6 AXIOMS [propext, Classical.choice, Quot.sound]
AUDIT_THEOREM KakeyaFormal.PivotKappa.physical_radius_le._simp_1_7 AXIOMS [propext]
AUDIT_THEOREM KakeyaFormal.PivotKappa.physical_radius_le._simp_1_4 AXIOMS [propext]
AUDIT_THEOREM KakeyaFormal.PivotKappa.physical_radius_le._simp_1_2 AXIOMS [propext]
AUDIT_THEOREM KakeyaFormal.PivotKappa.normalized_legal_two_ends AXIOMS [propext, Classical.choice, Quot.sound]
AUDIT_THEOREM KakeyaFormal.PivotKappa.broad_half_cap AXIOMS [propext, Classical.choice, Quot.sound]
AUDIT_THEOREM KakeyaFormal.PivotKappa.choice._proof_3 AXIOMS [propext]
AUDIT_THEOREM KakeyaFormal.PivotKappa.choice._proof_2 AXIOMS [propext]
AUDIT_THEOREM KakeyaFormal.PivotKappa.angular_radius_le AXIOMS [propext, Classical.choice, Quot.sound]
AUDIT_DECLARATION KakeyaFormal.PivotKappa.choice AXIOMS [propext, Classical.choice, Quot.sound]
AUDIT_THEOREM KakeyaFormal.PivotKappa.legal_two_ends AXIOMS [propext, Classical.choice, Quot.sound]
AUDIT_THEOREM KakeyaFormal.PivotKappa.physical_radius_le._simp_1_1 AXIOMS [propext]
AUDIT_THEOREM KakeyaFormal.PivotKappa.loss_nonneg AXIOMS [propext, Classical.choice, Quot.sound]
AUDIT_THEOREM KakeyaFormal.PivotKappa.admissible AXIOMS [propext, Classical.choice, Quot.sound]
AUDIT_THEOREM KakeyaFormal.PivotKappa.scale_admissible AXIOMS [propext, Classical.choice, Quot.sound]
AUDIT_THEOREM KakeyaFormal.PivotKappa.choice_le_hundredth AXIOMS [propext, Classical.choice, Quot.sound]
AUDIT_THEOREM KakeyaFormal.PivotKappa.physical_radius_le._simp_1_3 AXIOMS [propext]
AUDIT_DECLARATION KakeyaFormal.PivotKappa.loss AXIOMS [propext, Classical.choice, Quot.sound]
AUDIT_THEOREM KakeyaFormal.PivotKappa.choice._proof_1 AXIOMS [propext]
AUDIT_THEOREM KakeyaFormal.PivotKappa.normalized_choice_log_lower AXIOMS [propext, Classical.choice, Quot.sound]
