'KakeyaFormal.PivotOutputCount.LabeledPair.labels_injective' depends on axioms: [propext, Classical.choice, Quot.sound]
'KakeyaFormal.PivotOutputCount.pivot_output_count' depends on axioms: [propext, Classical.choice, Quot.sound]
'KakeyaFormal.PivotOutputCount.same_first_second_gap' depends on axioms: [propext, Classical.choice, Quot.sound]
'KakeyaFormal.PivotOutputCount.pivot_fiber_count' depends on axioms: [propext, Classical.choice, Quot.sound]
'KakeyaFormal.PivotOutputCount.sample_labels_injective' depends on axioms: [propext, Classical.choice, Quot.sound]
'KakeyaFormal.PivotOutputCount.all_output_count' depends on axioms: [propext, Classical.choice, Quot.sound]
'KakeyaFormal.PivotOutputCount.output_fiber_card' depends on axioms: [propext, Classical.choice, Quot.sound]
'KakeyaFormal.PivotOutputCount.all_output_fiber_count' depends on axioms: [propext, Classical.choice, Quot.sound]
'KakeyaFormal.PivotOutputCount.integer_output_fiber_bound' depends on axioms: [propext, Classical.choice, Quot.sound]
AUDIT_THEOREM KakeyaFormal.PivotOutputCount.first_label_count AXIOMS [propext, Classical.choice, Quot.sound]
AUDIT_THEOREM KakeyaFormal.PivotOutputCount.pivot_output_count AXIOMS [propext, Classical.choice, Quot.sound]
AUDIT_DECLARATION KakeyaFormal.PivotOutputCount.LabeledPair._sizeOf_1 AXIOMS [propext, Classical.choice, Quot.sound]
AUDIT_THEOREM KakeyaFormal.PivotOutputCount.output_fiber_card AXIOMS [propext, Classical.choice, Quot.sound]
AUDIT_DECLARATION KakeyaFormal.PivotOutputCount.LabeledPair.endpoints AXIOMS [propext, Classical.choice, Quot.sound]
AUDIT_THEOREM KakeyaFormal.PivotOutputCount.LabeledPair.mk.injEq AXIOMS [propext, Classical.choice, Quot.sound]
AUDIT_THEOREM KakeyaFormal.PivotOutputCount.LabeledPair.labels_injective AXIOMS [propext, Classical.choice, Quot.sound]
AUDIT_THEOREM KakeyaFormal.PivotOutputCount.all_output_count_of_subset AXIOMS [propext, Classical.choice, Quot.sound]
AUDIT_DECLARATION KakeyaFormal.PivotOutputCount.fiberConstant AXIOMS [propext, Classical.choice, Quot.sound]
AUDIT_DECLARATION KakeyaFormal.PivotOutputCount.LabeledPair.firstLabel AXIOMS [propext, Classical.choice, Quot.sound]
AUDIT_THEOREM KakeyaFormal.PivotOutputCount.coefficient_abs_le_one AXIOMS [propext, Classical.choice, Quot.sound]
AUDIT_DECLARATION KakeyaFormal.PivotOutputCount.LabeledPair.mk._flat_ctor AXIOMS [propext, Classical.choice, Quot.sound]
AUDIT_THEOREM KakeyaFormal.PivotOutputCount.fixed_first_fiber_count AXIOMS [propext, Classical.choice, Quot.sound]
AUDIT_THEOREM KakeyaFormal.PivotOutputCount.LabeledPair.gap AXIOMS [propext, Classical.choice, Quot.sound]
AUDIT_THEOREM KakeyaFormal.PivotOutputCount.sampleOutput.eq_1 AXIOMS [propext, Classical.choice, Quot.sound]
AUDIT_THEOREM KakeyaFormal.PivotOutputCount.LabeledPair.second_close AXIOMS [propext, Classical.choice, Quot.sound]
AUDIT_DECLARATION KakeyaFormal.PivotOutputCount.LabeledPair.recOn AXIOMS [propext, Classical.choice, Quot.sound]
AUDIT_THEOREM KakeyaFormal.PivotOutputCount.LabeledPair.mk.inj AXIOMS [propext, Classical.choice, Quot.sound]
AUDIT_THEOREM KakeyaFormal.PivotOutputCount.pivot_fiber_count AXIOMS [propext, Classical.choice, Quot.sound]
AUDIT_THEOREM KakeyaFormal.PivotOutputCount.rounded_coefficient_gap AXIOMS [propext, Classical.choice, Quot.sound]
AUDIT_THEOREM KakeyaFormal.PivotOutputCount.LabeledPair.first_close AXIOMS [propext, Classical.choice, Quot.sound]
AUDIT_THEOREM KakeyaFormal.PivotOutputCount.fiberConstant._proof_3 AXIOMS [propext]
AUDIT_THEOREM KakeyaFormal.PivotOutputCount.fiberConstant._proof_2 AXIOMS [propext]
AUDIT_DECLARATION KakeyaFormal.PivotOutputCount.LabeledPair.rec AXIOMS [propext, Classical.choice, Quot.sound]
AUDIT_THEOREM KakeyaFormal.PivotOutputCount.all_output_fiber_count AXIOMS [propext, Classical.choice, Quot.sound]
AUDIT_THEOREM KakeyaFormal.PivotOutputCount.LabeledPair.second_upper AXIOMS [propext, Classical.choice, Quot.sound]
AUDIT_THEOREM KakeyaFormal.PivotOutputCount.all_output_count AXIOMS [propext, Classical.choice, Quot.sound]
AUDIT_THEOREM KakeyaFormal.PivotOutputCount.interval_grid_count AXIOMS [propext, Classical.choice, Quot.sound]
AUDIT_THEOREM KakeyaFormal.PivotOutputCount.LabeledPair.second_lower AXIOMS [propext, Classical.choice, Quot.sound]
AUDIT_THEOREM KakeyaFormal.PivotOutputCount.integer_output_fiber_bound AXIOMS [propext, Classical.choice, Quot.sound]
AUDIT_DECLARATION KakeyaFormal.PivotOutputCount.LabeledPair.mk AXIOMS [propext, Classical.choice, Quot.sound]
AUDIT_DECLARATION KakeyaFormal.PivotOutputCount.sampleOutput AXIOMS [propext, Classical.choice, Quot.sound]
AUDIT_THEOREM KakeyaFormal.PivotOutputCount.LabeledPair.mk.sizeOf_spec AXIOMS [propext, Classical.choice, Quot.sound]
AUDIT_THEOREM KakeyaFormal.PivotOutputCount.sample_labels_injective AXIOMS [propext, Classical.choice, Quot.sound]
AUDIT_DECLARATION KakeyaFormal.PivotOutputCount.boxConstant AXIOMS [propext, Classical.choice, Quot.sound]
AUDIT_DECLARATION KakeyaFormal.PivotOutputCount.LabeledPair.pivotLabel AXIOMS [propext, Classical.choice, Quot.sound]
AUDIT_DECLARATION KakeyaFormal.PivotOutputCount.LabeledPair.noConfusionType AXIOMS [propext,
 Classical.choice,
 Quot.sound]
AUDIT_DECLARATION KakeyaFormal.PivotOutputCount.LabeledPair AXIOMS [propext, Classical.choice, Quot.sound]
AUDIT_DECLARATION KakeyaFormal.PivotOutputCount.LabeledPair._sizeOf_inst AXIOMS [propext, Classical.choice, Quot.sound]
AUDIT_THEOREM KakeyaFormal.PivotOutputCount.LabeledPair.first_upper AXIOMS [propext, Classical.choice, Quot.sound]
AUDIT_DECLARATION KakeyaFormal.PivotOutputCount.LabeledPair.ctorIdx AXIOMS [propext, Classical.choice, Quot.sound]
AUDIT_THEOREM KakeyaFormal.PivotOutputCount.fiberConstant._proof_1 AXIOMS [propext]
AUDIT_DECLARATION KakeyaFormal.PivotOutputCount.LabeledPair.secondLabel AXIOMS [propext, Classical.choice, Quot.sound]
AUDIT_DECLARATION KakeyaFormal.PivotOutputCount.LabeledPair.mk.noConfusion AXIOMS [propext,
 Classical.choice,
 Quot.sound]
AUDIT_THEOREM KakeyaFormal.PivotOutputCount.boxConstant_pos AXIOMS [propext, Classical.choice, Quot.sound]
AUDIT_DECLARATION KakeyaFormal.PivotOutputCount.LabeledPair.casesOn AXIOMS [propext, Classical.choice, Quot.sound]
AUDIT_DECLARATION KakeyaFormal.PivotOutputCount.LabeledPair.noConfusion AXIOMS [propext, Classical.choice, Quot.sound]
AUDIT_THEOREM KakeyaFormal.PivotOutputCount.same_first_second_gap AXIOMS [propext, Classical.choice, Quot.sound]
AUDIT_THEOREM KakeyaFormal.PivotOutputCount.LabeledPair.pivot_rounding AXIOMS [propext, Classical.choice, Quot.sound]
