AUDIT_THEOREM KakeyaFormal.PivotOutputLowerBound.construct_standard_log AXIOMS [propext, Classical.choice, Quot.sound]
AUDIT_THEOREM KakeyaFormal.PivotOutputLowerBound.sigma_bounds AXIOMS [propext, Classical.choice, Quot.sound]
AUDIT_THEOREM KakeyaFormal.PivotOutputLowerBound.scale_le_kappa AXIOMS [propext, Classical.choice, Quot.sound]
AUDIT_THEOREM KakeyaFormal.PivotOutputLowerBound.support_algebra._proof_1_2 AXIOMS [propext, Quot.sound]
AUDIT_THEOREM KakeyaFormal.PivotOutputLowerBound.support_algebra AXIOMS [propext, Classical.choice, Quot.sound]
AUDIT_THEOREM KakeyaFormal.PivotOutputLowerBound.sigma_bounds._simp_1_7 AXIOMS [propext]
AUDIT_THEOREM KakeyaFormal.PivotOutputLowerBound.sigma_bounds._simp_1_2 AXIOMS [propext]
AUDIT_THEOREM KakeyaFormal.PivotOutputLowerBound.sigma_bounds._simp_1_4 AXIOMS [propext]
AUDIT_THEOREM KakeyaFormal.PivotOutputLowerBound.outputCoefficient_pos AXIOMS [propext, Classical.choice, Quot.sound]
AUDIT_THEOREM KakeyaFormal.PivotOutputLowerBound.sigma_bounds._simp_1_6 AXIOMS [propext, Classical.choice, Quot.sound]
AUDIT_DECLARATION KakeyaFormal.PivotOutputLowerBound.outputCoefficient AXIOMS [propext, Classical.choice, Quot.sound]
AUDIT_THEOREM KakeyaFormal.PivotOutputLowerBound.sigma_bounds._simp_1_5 AXIOMS [propext]
AUDIT_THEOREM KakeyaFormal.PivotOutputLowerBound.construct AXIOMS [propext, Classical.choice, Quot.sound]
AUDIT_THEOREM KakeyaFormal.PivotOutputLowerBound.construct_sigma AXIOMS [propext, Classical.choice, Quot.sound]
AUDIT_THEOREM KakeyaFormal.PivotOutputLowerBound.sigma_bounds._simp_1_1 AXIOMS [propext]
AUDIT_THEOREM KakeyaFormal.PivotOutputLowerBound.construct_polynomial AXIOMS [propext, Classical.choice, Quot.sound]
AUDIT_THEOREM KakeyaFormal.PivotOutputLowerBound.construct_from_two_ends AXIOMS [propext, Classical.choice, Quot.sound]
AUDIT_THEOREM KakeyaFormal.PivotOutputLowerBound.sigma_bounds._simp_1_3 AXIOMS [propext]
AUDIT_THEOREM KakeyaFormal.PivotOutputLowerBound.support_algebra._proof_1_1 AXIOMS [propext, Quot.sound]
AUDIT_THEOREM KakeyaFormal.PivotOutputLowerBound.outputCoefficient._proof_1 AXIOMS [propext]
