'KakeyaFormal.PlanarEnergy.planar_intersection_row' depends on axioms: [propext, Classical.choice, Quot.sound]
'KakeyaFormal.PlanarEnergy.planar_density_union_lower' depends on axioms: [propext, Classical.choice, Quot.sound]
AUDIT_THEOREM KakeyaFormal.PlanarEnergy.planar_intersection_row._simp_1_2 AXIOMS [propext]
AUDIT_THEOREM KakeyaFormal.PlanarEnergy.exists_shell AXIOMS [propext, Classical.choice, Quot.sound]
AUDIT_THEOREM KakeyaFormal.PlanarEnergy.planar_intersection_row._simp_1_6 AXIOMS [propext, Classical.choice, Quot.sound]
AUDIT_DECLARATION KakeyaFormal.PlanarEnergy.rowConstant AXIOMS [propext, Classical.choice, Quot.sound]
AUDIT_THEOREM KakeyaFormal.PlanarEnergy.planar_intersection_row._simp_1_4 AXIOMS [propext]
AUDIT_THEOREM KakeyaFormal.PlanarEnergy.planar_density_union_lower._simp_1_5 AXIOMS [propext]
AUDIT_THEOREM KakeyaFormal.PlanarEnergy.planar_intersection_row._simp_1_7 AXIOMS [propext]
AUDIT_THEOREM KakeyaFormal.PlanarEnergy.plane_inverse_angle_sum AXIOMS [propext, Classical.choice, Quot.sound]
AUDIT_DECLARATION KakeyaFormal.PlanarEnergy.dyadicDepth AXIOMS [propext, Classical.choice, Quot.sound]
AUDIT_THEOREM KakeyaFormal.PlanarEnergy.circleConstant_pos AXIOMS [propext, Classical.choice, Quot.sound]
AUDIT_THEOREM KakeyaFormal.PlanarEnergy.dyadicDepth_covers AXIOMS [propext, Classical.choice, Quot.sound]
AUDIT_THEOREM KakeyaFormal.PlanarEnergy.exists_shell._simp_1_3 AXIOMS [propext]
AUDIT_THEOREM KakeyaFormal.PlanarEnergy.inverse_angle_sum_of_linear_caps._simp_1_3 AXIOMS [propext]
AUDIT_THEOREM KakeyaFormal.PlanarEnergy.planar_intersection_row AXIOMS [propext, Classical.choice, Quot.sound]
AUDIT_THEOREM KakeyaFormal.PlanarEnergy.inverse_angle_sum_of_linear_caps._simp_1_8 AXIOMS [propext]
AUDIT_THEOREM KakeyaFormal.PlanarEnergy.planar_intersection_row._simp_1_1 AXIOMS [propext]
AUDIT_THEOREM KakeyaFormal.PlanarEnergy.shell_inverse_bound AXIOMS [propext, Classical.choice, Quot.sound]
AUDIT_THEOREM KakeyaFormal.PlanarEnergy.planar_density_union_lower._simp_1_6 AXIOMS [propext,
 Classical.choice,
 Quot.sound]
AUDIT_THEOREM KakeyaFormal.PlanarEnergy.planar_density_union_lower._simp_1_4 AXIOMS [propext]
AUDIT_THEOREM KakeyaFormal.PlanarEnergy.planar_density_union_lower._simp_1_7 AXIOMS [propext]
AUDIT_THEOREM KakeyaFormal.PlanarEnergy.planar_intersection_row._simp_1_5 AXIOMS [propext]
AUDIT_THEOREM KakeyaFormal.PlanarEnergy.planar_density_union_lower._simp_1_2 AXIOMS [propext]
AUDIT_THEOREM KakeyaFormal.PlanarEnergy.planar_intersection_row._simp_1_3 AXIOMS [propext]
AUDIT_THEOREM KakeyaFormal.PlanarEnergy.planar_shading_row AXIOMS [propext, Classical.choice, Quot.sound]
AUDIT_THEOREM KakeyaFormal.PlanarEnergy.exists_shell._proof_1_2 AXIOMS [propext, Quot.sound]
AUDIT_DECLARATION KakeyaFormal.PlanarEnergy.shellCondition AXIOMS [propext, Classical.choice, Quot.sound]
AUDIT_THEOREM KakeyaFormal.PlanarEnergy.shellCondition._proof_1 AXIOMS [propext]
AUDIT_THEOREM KakeyaFormal.PlanarEnergy.dyadicDepth_log_bound AXIOMS [propext, Classical.choice, Quot.sound]
AUDIT_THEOREM KakeyaFormal.PlanarEnergy.inverse_angle_sum_of_linear_caps._simp_1_5 AXIOMS [propext]
AUDIT_THEOREM KakeyaFormal.PlanarEnergy.rowConstant_pos AXIOMS [propext, Classical.choice, Quot.sound]
AUDIT_THEOREM KakeyaFormal.PlanarEnergy.shell_inverse_bound._simp_1_2 AXIOMS [propext]
AUDIT_THEOREM KakeyaFormal.PlanarEnergy.exists_shell._simp_1_4 AXIOMS [propext]
AUDIT_THEOREM KakeyaFormal.PlanarEnergy.planar_density_union_lower AXIOMS [propext, Classical.choice, Quot.sound]
AUDIT_THEOREM KakeyaFormal.PlanarEnergy.rowConstant._proof_1 AXIOMS [propext]
AUDIT_THEOREM KakeyaFormal.PlanarEnergy.dyadicDepth.eq_1 AXIOMS [propext, Classical.choice, Quot.sound]
AUDIT_THEOREM KakeyaFormal.PlanarEnergy.planar_shading_union_lower AXIOMS [propext, Classical.choice, Quot.sound]
AUDIT_THEOREM KakeyaFormal.PlanarEnergy.inverse_angle_sum_of_linear_caps AXIOMS [propext, Classical.choice, Quot.sound]
AUDIT_THEOREM KakeyaFormal.PlanarEnergy.inverse_angle_sum_of_linear_caps._simp_1_4 AXIOMS [propext]
AUDIT_THEOREM KakeyaFormal.PlanarEnergy.inverse_angle_sum_of_linear_caps._simp_1_7 AXIOMS [propext,
 Classical.choice,
 Quot.sound]
AUDIT_THEOREM KakeyaFormal.PlanarEnergy.inverse_angle_sum_of_linear_caps._simp_1_2 AXIOMS [propext]
AUDIT_THEOREM KakeyaFormal.PlanarEnergy.inverse_angle_sum_of_linear_caps._simp_1_6 AXIOMS [propext]
AUDIT_THEOREM KakeyaFormal.PlanarEnergy.planar_density_union_lower._simp_1_1 AXIOMS [propext]
AUDIT_THEOREM KakeyaFormal.PlanarEnergy.shellCondition.eq_1 AXIOMS [propext, Classical.choice, Quot.sound]
AUDIT_THEOREM KakeyaFormal.PlanarEnergy.planar_density_union_lower._simp_1_3 AXIOMS [propext]
