AUDIT_DECLARATION KakeyaFormal.RadialPencil.configuration AXIOMS [propext, Classical.choice, Quot.sound]
AUDIT_THEOREM KakeyaFormal.RadialPencil.family_union._simp_1_5 AXIOMS [propext, Classical.choice, Quot.sound]
AUDIT_THEOREM KakeyaFormal.RadialPencil.arbitrarily_small_scale AXIOMS [propext, Classical.choice, Quot.sound]
AUDIT_THEOREM KakeyaFormal.RadialPencil.cumulativeConfiguration._proof_2 AXIOMS [propext, Classical.choice, Quot.sound]
AUDIT_THEOREM KakeyaFormal.RadialPencil.index_injective AXIOMS [propext, Classical.choice, Quot.sound]
AUDIT_THEOREM KakeyaFormal.RadialPencil.label_injective AXIOMS [propext, Quot.sound]
AUDIT_THEOREM KakeyaFormal.RadialPencil.geometry._proof_1 AXIOMS [propext, Classical.choice, Quot.sound]
AUDIT_THEOREM KakeyaFormal.RadialPencil.family_cap_bound AXIOMS [propext, Classical.choice, Quot.sound]
AUDIT_THEOREM KakeyaFormal.RadialPencil.family_bounded AXIOMS [propext, Classical.choice, Quot.sound]
AUDIT_THEOREM KakeyaFormal.RadialPencil.family_union._simp_1_2 AXIOMS [propext, Classical.choice, Quot.sound]
AUDIT_THEOREM KakeyaFormal.RadialPencil.family_separated AXIOMS [propext, Classical.choice, Quot.sound]
AUDIT_THEOREM KakeyaFormal.RadialPencil.scale.eq_1 AXIOMS [propext, Classical.choice, Quot.sound]
AUDIT_THEOREM KakeyaFormal.Normalization.mk.congr_simp AXIOMS [propext, Classical.choice, Quot.sound]
AUDIT_THEOREM KakeyaFormal.RadialPencil.direction_separation AXIOMS [propext, Classical.choice, Quot.sound]
AUDIT_THEOREM KakeyaFormal.RadialPencil.fractional_cap_from_full AXIOMS [propext, Classical.choice, Quot.sound]
AUDIT_DECLARATION KakeyaFormal.RadialPencil.chartConstant AXIOMS [propext, Classical.choice, Quot.sound]
AUDIT_THEOREM KakeyaFormal.RadialPencil.family_base AXIOMS [propext, Classical.choice, Quot.sound]
AUDIT_THEOREM KakeyaFormal.TubeFamily.unionCells.eq_1 AXIOMS [propext, Classical.choice, Quot.sound]
AUDIT_THEOREM KakeyaFormal.RadialPencil.population_pos AXIOMS [propext, Classical.choice, Quot.sound]
AUDIT_THEOREM KakeyaFormal.RadialPencil.slope_separation AXIOMS [propext, Classical.choice, Quot.sound]
AUDIT_THEOREM KakeyaFormal.RadialPencil.slope.eq_1 AXIOMS [propext, Classical.choice, Quot.sound]
AUDIT_THEOREM KakeyaFormal.RadialPencil.population_scale_identity._simp_1_5 AXIOMS [propext]
AUDIT_THEOREM KakeyaFormal.RadialPencil.population_scale_identity._simp_1_3 AXIOMS [propext]
AUDIT_THEOREM KakeyaFormal.RadialPencil.chartConstant.eq_1 AXIOMS [propext, Classical.choice, Quot.sound]
AUDIT_THEOREM KakeyaFormal.RadialPencil.chartConstant_ge_two AXIOMS [propext, Classical.choice, Quot.sound]
AUDIT_THEOREM KakeyaFormal.RadialPencil.configuration._proof_1 AXIOMS [propext, Classical.choice, Quot.sound]
AUDIT_THEOREM KakeyaFormal.RadialPencil.scale_le_one AXIOMS [propext, Classical.choice, Quot.sound]
AUDIT_DECLARATION KakeyaFormal.RadialPencil.capCoefficient AXIOMS [propext, Classical.choice, Quot.sound]
AUDIT_DECLARATION KakeyaFormal.RadialPencil.slope AXIOMS [propext, Classical.choice, Quot.sound]
AUDIT_THEOREM KakeyaFormal.RadialPencil.population_scale_identity._simp_1_1 AXIOMS [propext]
AUDIT_THEOREM KakeyaFormal.UnitTube.mk.congr_simp AXIOMS [propext, Classical.choice, Quot.sound]
AUDIT_THEOREM KakeyaFormal.cellCenter.eq_1 AXIOMS [propext, Classical.choice, Quot.sound]
AUDIT_DECLARATION KakeyaFormal.RadialPencil.family AXIOMS [propext, Classical.choice, Quot.sound]
AUDIT_THEOREM KakeyaFormal.RadialPencil.population.eq_1 AXIOMS [propext, Classical.choice, Quot.sound]
AUDIT_THEOREM KakeyaFormal.RadialPencil.family_total_incidence AXIOMS [propext, Classical.choice, Quot.sound]
AUDIT_THEOREM KakeyaFormal.RadialPencil.family.eq_1 AXIOMS [propext, Classical.choice, Quot.sound]
AUDIT_THEOREM KakeyaFormal.RadialPencil.chartConstant._proof_1 AXIOMS [propext]
AUDIT_THEOREM KakeyaFormal.RadialPencil.family_union._simp_1_3 AXIOMS [propext, Classical.choice, Quot.sound]
AUDIT_THEOREM KakeyaFormal.RadialPencil.family_union_card AXIOMS [propext, Classical.choice, Quot.sound]
AUDIT_THEOREM KakeyaFormal.RadialPencil.family_comparable AXIOMS [propext, Classical.choice, Quot.sound]
AUDIT_DECLARATION KakeyaFormal.RadialPencil.population AXIOMS [propext, Classical.choice, Quot.sound]
AUDIT_THEOREM KakeyaFormal.RadialPencil.scale_pos AXIOMS [propext, Classical.choice, Quot.sound]
AUDIT_THEOREM KakeyaFormal.RadialPencil.population_eq AXIOMS [propext, Classical.choice, Quot.sound]
AUDIT_DECLARATION KakeyaFormal.RadialPencil.geometry AXIOMS [propext, Classical.choice, Quot.sound]
AUDIT_THEOREM KakeyaFormal.RadialPencil.capCoefficient_ge_one AXIOMS [propext, Classical.choice, Quot.sound]
AUDIT_DECLARATION KakeyaFormal.RadialPencil.cumulativeConfiguration AXIOMS [propext, Classical.choice, Quot.sound]
AUDIT_THEOREM KakeyaFormal.RadialPencil.cumulativeConfiguration._proof_1 AXIOMS [propext, Classical.choice, Quot.sound]
AUDIT_THEOREM KakeyaFormal.UnitTube.axisPoint.eq_1 AXIOMS [propext, Classical.choice, Quot.sound]
AUDIT_THEOREM KakeyaFormal.RadialPencil.slope_norm AXIOMS [propext, Classical.choice, Quot.sound]
AUDIT_DECLARATION KakeyaFormal.RadialPencil.scale AXIOMS [propext, Classical.choice, Quot.sound]
AUDIT_DECLARATION KakeyaFormal.RadialPencil.index AXIOMS [propext, Classical.choice, Quot.sound]
AUDIT_THEOREM KakeyaFormal.RadialPencil.family_shade AXIOMS [propext, Classical.choice, Quot.sound]
AUDIT_THEOREM KakeyaFormal.RadialPencil.geometry.eq_1 AXIOMS [propext, Classical.choice, Quot.sound]
AUDIT_THEOREM KakeyaFormal.RadialPencil.population_scale_identity._simp_1_4 AXIOMS [propext]
AUDIT_DECLARATION KakeyaFormal.RadialPencil.label AXIOMS []
AUDIT_THEOREM KakeyaFormal.RadialPencil.population_scale_identity._simp_1_7 AXIOMS [propext]
AUDIT_THEOREM KakeyaFormal.RadialPencil.population_scale_identity._simp_1_2 AXIOMS [propext]
AUDIT_THEOREM KakeyaFormal.RadialPencil.population_scale_identity._simp_1_6 AXIOMS [propext,
 Classical.choice,
 Quot.sound]
AUDIT_THEOREM KakeyaFormal.RadialPencil.family_union AXIOMS [propext, Classical.choice, Quot.sound]
AUDIT_THEOREM KakeyaFormal.RadialPencil.family_admissible AXIOMS [propext, Classical.choice, Quot.sound]
AUDIT_THEOREM KakeyaFormal.RadialPencil.family._proof_1 AXIOMS [propext, Classical.choice, Quot.sound]
AUDIT_DECLARATION KakeyaFormal.RadialPencil.Index AXIOMS []
AUDIT_THEOREM KakeyaFormal.RadialPencil.population_scale_identity AXIOMS [propext, Classical.choice, Quot.sound]
