AUDIT_THEOREM KakeyaAudit.Reduction.localized_density_gain AXIOMS [propext, Classical.choice, Quot.sound]
AUDIT_THEOREM KakeyaAudit.Reduction.fiber_density_gain AXIOMS [propext, Classical.choice, Quot.sound]
AUDIT_THEOREM KakeyaAudit.Reduction.choose_two_ends_exponent AXIOMS [propext, Classical.choice, Quot.sound]
AUDIT_THEOREM KakeyaAudit.Reduction.small_density_one_tube AXIOMS [propext, Classical.choice, Quot.sound]
AUDIT_THEOREM KakeyaAudit.Reduction.pivot_convex_identity._simp_1_5 AXIOMS [propext]
AUDIT_THEOREM KakeyaAudit.Reduction.pivot_defect_identity AXIOMS [propext, Classical.choice, Quot.sound]
AUDIT_THEOREM KakeyaAudit.Reduction.density_error_absorption AXIOMS [propext, Classical.choice, Quot.sound]
AUDIT_THEOREM KakeyaAudit.Reduction.pivot_convex_identity AXIOMS [propext, Classical.choice, Quot.sound]
AUDIT_THEOREM KakeyaAudit.Reduction.localized_density_gain_with_constant AXIOMS [propext, Classical.choice, Quot.sound]
AUDIT_THEOREM KakeyaAudit.Reduction.pivot_defect_identity._simp_1_3 AXIOMS [propext]
AUDIT_THEOREM KakeyaAudit.Reduction.interpolation_loss_identity AXIOMS [propext, Classical.choice, Quot.sound]
AUDIT_THEOREM KakeyaAudit.Reduction.angular_factor AXIOMS [propext, Classical.choice, Quot.sound]
AUDIT_THEOREM KakeyaAudit.Reduction.pivot_convex_identity._simp_1_6 AXIOMS [propext, Classical.choice, Quot.sound]
AUDIT_THEOREM KakeyaAudit.Reduction.pivot_convex_identity._simp_1_2 AXIOMS [propext]
AUDIT_THEOREM KakeyaAudit.Reduction.pivot_convex_identity._simp_1_7 AXIOMS [propext]
AUDIT_THEOREM KakeyaAudit.Reduction.pivot_convex_identity._simp_1_4 AXIOMS [propext]
AUDIT_THEOREM KakeyaAudit.Reduction.pivot_defect_identity._simp_1_1 AXIOMS [propext]
AUDIT_THEOREM KakeyaAudit.Reduction.parameter_interval_length AXIOMS [propext, Classical.choice, Quot.sound]
AUDIT_THEOREM KakeyaAudit.Reduction.interpolation_weight AXIOMS [propext, Classical.choice, Quot.sound]
AUDIT_THEOREM KakeyaAudit.Reduction.parameter_stability AXIOMS [propext, Classical.choice, Quot.sound]
AUDIT_THEOREM KakeyaAudit.Reduction.pivot_convex_identity._simp_1_1 AXIOMS [propext]
AUDIT_THEOREM KakeyaAudit.Reduction.occupancy_gain AXIOMS [propext, Classical.choice, Quot.sound]
AUDIT_THEOREM KakeyaAudit.Reduction.occupancy_factor AXIOMS [propext, Classical.choice, Quot.sound]
AUDIT_THEOREM KakeyaAudit.Reduction.pivot_defect_identity._simp_1_7 AXIOMS [propext]
AUDIT_THEOREM KakeyaAudit.Reduction.pivot_defect_identity._simp_1_4 AXIOMS [propext]
AUDIT_THEOREM KakeyaAudit.Reduction.pivot_defect_identity._simp_1_6 AXIOMS [propext, Classical.choice, Quot.sound]
AUDIT_THEOREM KakeyaAudit.Reduction.pivot_defect_identity._simp_1_2 AXIOMS [propext]
AUDIT_THEOREM KakeyaAudit.Reduction.pivot_convex_identity._simp_1_3 AXIOMS [propext]
AUDIT_THEOREM KakeyaAudit.Reduction.finite_depth_transfer AXIOMS [propext, Classical.choice, Quot.sound]
AUDIT_THEOREM KakeyaAudit.Reduction.interpolation_loss_budget AXIOMS [propext, Classical.choice, Quot.sound]
AUDIT_THEOREM KakeyaAudit.Reduction.pivot_defect_identity._simp_1_5 AXIOMS [propext]
