AUDIT_THEOREM KakeyaFormal.Rescaling.rescaled_admissible AXIOMS [propext, Classical.choice, Quot.sound]
AUDIT_THEOREM KakeyaFormal.Rescaling.rescaled_comparable._simp_1_1 AXIOMS [propext]
AUDIT_THEOREM KakeyaFormal.Rescaling.rescale_axisPoint._simp_1_1 AXIOMS [propext]
AUDIT_DECLARATION KakeyaFormal.Rescaling.tube AXIOMS [propext, Classical.choice, Quot.sound]
AUDIT_THEOREM KakeyaFormal.Rescaling.rescaled_comparable AXIOMS [propext, Classical.choice, Quot.sound]
AUDIT_THEOREM KakeyaFormal.Rescaling.rescale_axisPoint AXIOMS [propext, Classical.choice, Quot.sound]
AUDIT_THEOREM KakeyaFormal.Rescaling.rescale_grid AXIOMS [propext, Classical.choice, Quot.sound]
AUDIT_THEOREM KakeyaFormal.Rescaling.rescaled_card AXIOMS [propext, Classical.choice, Quot.sound]
AUDIT_THEOREM KakeyaFormal.Rescaling.shiftLabel_injective AXIOMS [propext, Quot.sound]
AUDIT_THEOREM KakeyaFormal.Rescaling.shiftLabel_injective._proof_1_1 AXIOMS [propext, Quot.sound]
AUDIT_THEOREM KakeyaFormal.Rescaling.rescaled_comparable._simp_1_5 AXIOMS [propext]
AUDIT_THEOREM KakeyaFormal.TubeFamily.unionCells.eq_1 AXIOMS [propext, Classical.choice, Quot.sound]
AUDIT_THEOREM KakeyaFormal.Rescaling.rescale_axisPoint._simp_1_5 AXIOMS [propext]
AUDIT_THEOREM KakeyaFormal.Rescaling.rescaled_union AXIOMS [propext, Classical.choice, Quot.sound]
AUDIT_THEOREM KakeyaFormal.Rescaling.localized_parameter AXIOMS [propext, Classical.choice, Quot.sound]
AUDIT_DECLARATION KakeyaFormal.Rescaling.rescale AXIOMS [propext, Classical.choice, Quot.sound]
AUDIT_DECLARATION KakeyaFormal.Rescaling.family AXIOMS [propext, Classical.choice, Quot.sound]
AUDIT_THEOREM KakeyaFormal.Rescaling.rescaled_comparable._simp_1_7 AXIOMS [propext]
AUDIT_THEOREM KakeyaFormal.Rescaling.rescaled_comparable._simp_1_2 AXIOMS [propext]
AUDIT_THEOREM KakeyaFormal.Rescaling.rescaled_comparable._simp_1_6 AXIOMS [propext, Classical.choice, Quot.sound]
AUDIT_THEOREM KakeyaFormal.Rescaling.rescale_axisPoint._simp_1_2 AXIOMS [propext]
AUDIT_THEOREM KakeyaFormal.Rescaling.rescale_axisPoint._simp_1_6 AXIOMS [propext, Classical.choice, Quot.sound]
AUDIT_THEOREM KakeyaFormal.Rescaling.rescale_axisPoint._simp_1_4 AXIOMS [propext]
AUDIT_THEOREM KakeyaFormal.Rescaling.rescaled_comparable._simp_1_4 AXIOMS [propext]
AUDIT_THEOREM KakeyaFormal.Rescaling.rescale_axisPoint._simp_1_7 AXIOMS [propext]
AUDIT_THEOREM KakeyaFormal.Rescaling.rescaled_cap_bound AXIOMS [propext, Classical.choice, Quot.sound]
AUDIT_THEOREM KakeyaFormal.Rescaling.rescaled_separated AXIOMS [propext, Classical.choice, Quot.sound]
AUDIT_THEOREM KakeyaFormal.Rescaling.family.eq_1 AXIOMS [propext, Classical.choice, Quot.sound]
AUDIT_THEOREM KakeyaFormal.Rescaling.rescale.eq_1 AXIOMS [propext, Classical.choice, Quot.sound]
AUDIT_THEOREM KakeyaFormal.Rescaling.rescaled_bounded AXIOMS [propext, Classical.choice, Quot.sound]
AUDIT_THEOREM KakeyaFormal.Rescaling.rescaled_union_card AXIOMS [propext, Classical.choice, Quot.sound]
AUDIT_THEOREM KakeyaFormal.Rescaling.rescale_distance AXIOMS [propext, Classical.choice, Quot.sound]
AUDIT_THEOREM KakeyaFormal.Rescaling.rescaled_comparable._simp_1_3 AXIOMS [propext]
AUDIT_THEOREM KakeyaFormal.Rescaling.rescale_axisPoint._simp_1_3 AXIOMS [propext]
AUDIT_DECLARATION KakeyaFormal.Rescaling.shiftLabel AXIOMS []
