AUDIT_THEOREM KakeyaFormal.SamplingLengthInput.Input.full_mean_bounds._simp_1_3 AXIOMS [propext]
AUDIT_THEOREM KakeyaFormal.SamplingLengthInput.Input.marked_fraction_pos AXIOMS [propext, Classical.choice, Quot.sound]
AUDIT_THEOREM KakeyaFormal.SamplingLengthInput.Input.two_ends_constant AXIOMS [propext, Classical.choice, Quot.sound]
AUDIT_THEOREM KakeyaFormal.SamplingLengthInput.Input.density_le_one AXIOMS [propext, Classical.choice, Quot.sound]
AUDIT_DECLARATION KakeyaFormal.SamplingLengthInput.Input.rec AXIOMS [propext, Classical.choice, Quot.sound]
AUDIT_THEOREM KakeyaFormal.SamplingLengthInput.Input.full_subset AXIOMS [propext, Classical.choice, Quot.sound]
AUDIT_DECLARATION KakeyaFormal.SamplingLengthInput.rawFull AXIOMS [propext, Classical.choice, Quot.sound]
AUDIT_THEOREM KakeyaFormal.SamplingLengthInput.Input.count_pos AXIOMS [propext, Classical.choice, Quot.sound]
AUDIT_THEOREM KakeyaFormal.SamplingLengthInput.Input.scale_pos AXIOMS [propext, Classical.choice, Quot.sound]
AUDIT_DECLARATION KakeyaFormal.SamplingLengthInput.rawMarked AXIOMS [propext, Classical.choice, Quot.sound]
AUDIT_THEOREM KakeyaFormal.SamplingLengthInput.Input.lower_constant_pos AXIOMS [propext, Classical.choice, Quot.sound]
AUDIT_THEOREM KakeyaFormal.SamplingLengthInput.Input.bounded AXIOMS [propext, Classical.choice, Quot.sound]
AUDIT_DECLARATION KakeyaFormal.SamplingLengthInput.Input AXIOMS [propext, Classical.choice, Quot.sound]
AUDIT_THEOREM KakeyaFormal.SamplingLengthInput.Input.width_nonneg AXIOMS [propext, Classical.choice, Quot.sound]
AUDIT_THEOREM KakeyaFormal.SamplingLengthInput.Input.two_ends_exponent AXIOMS [propext, Classical.choice, Quot.sound]
AUDIT_THEOREM KakeyaFormal.SamplingLengthInput.Input.marked_mean_lower._simp_1_2 AXIOMS [propext]
AUDIT_THEOREM KakeyaFormal.SamplingLengthInput.Input.marked_mean_lower._simp_1_4 AXIOMS [propext]
AUDIT_THEOREM KakeyaFormal.SamplingLengthInput.Input.marked_mean_lower._simp_1_7 AXIOMS [propext]
AUDIT_THEOREM KakeyaFormal.SamplingLengthInput.Input.marked_mean_lower._simp_1_6 AXIOMS [propext,
 Classical.choice,
 Quot.sound]
AUDIT_THEOREM KakeyaFormal.SamplingLengthInput.Input.full_measurable AXIOMS [propext, Classical.choice, Quot.sound]
AUDIT_DECLARATION KakeyaFormal.SamplingLengthInput.Input.recOn AXIOMS [propext, Classical.choice, Quot.sound]
AUDIT_THEOREM KakeyaFormal.SamplingLengthInput.Input.full_bounded AXIOMS [propext, Classical.choice, Quot.sound]
AUDIT_THEOREM KakeyaFormal.SamplingLengthInput.Input.marked_subset AXIOMS [propext, Classical.choice, Quot.sound]
AUDIT_THEOREM KakeyaFormal.SamplingLengthInput.Input.marked_mean_eq AXIOMS [propext, Classical.choice, Quot.sound]
AUDIT_THEOREM KakeyaFormal.SamplingLengthInput.Input.marked_mean_lower._simp_1_5 AXIOMS [propext]
AUDIT_THEOREM KakeyaFormal.SamplingLengthInput.Input.probabilities AXIOMS [propext, Classical.choice, Quot.sound]
AUDIT_THEOREM KakeyaFormal.SamplingLengthInput.Input.broadness_exponent AXIOMS [propext, Classical.choice, Quot.sound]
AUDIT_THEOREM KakeyaFormal.SamplingLengthInput.Input.full_mean_bounds._simp_1_4 AXIOMS [propext]
AUDIT_DECLARATION KakeyaFormal.SamplingLengthInput.Input.mk._flat_ctor AXIOMS [propext, Classical.choice, Quot.sound]
AUDIT_THEOREM KakeyaFormal.SamplingLengthInput.Input.full_mean_bounds._simp_1_7 AXIOMS [propext]
AUDIT_THEOREM KakeyaFormal.SamplingLengthInput.Input.full_mean_bounds._simp_1_6 AXIOMS [propext,
 Classical.choice,
 Quot.sound]
AUDIT_THEOREM KakeyaFormal.SamplingLengthInput.Input.upper_constant_pos AXIOMS [propext, Classical.choice, Quot.sound]
AUDIT_THEOREM KakeyaFormal.SamplingLengthInput.Input.marked_mass AXIOMS [propext, Classical.choice, Quot.sound]
AUDIT_THEOREM KakeyaFormal.SamplingLengthInput.Input.full_mean_bounds._simp_1_2 AXIOMS [propext]
AUDIT_THEOREM KakeyaFormal.SamplingLengthInput.Input.full_finite._simp_1_1 AXIOMS [propext,
 Classical.choice,
 Quot.sound]
AUDIT_THEOREM KakeyaFormal.SamplingLengthInput.Input.broadness AXIOMS [propext, Classical.choice, Quot.sound]
AUDIT_THEOREM KakeyaFormal.SamplingLengthInput.Input.two_ends AXIOMS [propext, Classical.choice, Quot.sound]
AUDIT_THEOREM KakeyaFormal.SamplingLengthInput.Input.full_mass AXIOMS [propext, Classical.choice, Quot.sound]
AUDIT_THEOREM KakeyaFormal.SamplingLengthInput.Input.cap_test AXIOMS [propext, Classical.choice, Quot.sound]
AUDIT_THEOREM KakeyaFormal.SamplingLengthInput.Input.marked_mean_lower AXIOMS [propext, Classical.choice, Quot.sound]
AUDIT_DECLARATION KakeyaFormal.SamplingLengthInput.Input.casesOn AXIOMS [propext, Classical.choice, Quot.sound]
AUDIT_THEOREM KakeyaFormal.SamplingLengthInput.Input.full_mean_eq AXIOMS [propext, Classical.choice, Quot.sound]
AUDIT_THEOREM KakeyaFormal.SamplingLengthInput.Input.marked_mean_lower._simp_1_3 AXIOMS [propext]
AUDIT_DECLARATION KakeyaFormal.SamplingLengthInput.pointRadius AXIOMS [propext, Classical.choice, Quot.sound]
AUDIT_THEOREM KakeyaFormal.SamplingLengthInput.Input.scale_le_one AXIOMS [propext, Classical.choice, Quot.sound]
AUDIT_THEOREM KakeyaFormal.SamplingLengthInput.Input.full_finite AXIOMS [propext, Classical.choice, Quot.sound]
AUDIT_THEOREM KakeyaFormal.SamplingLengthInput.Input.marked_measurable AXIOMS [propext, Classical.choice, Quot.sound]
AUDIT_THEOREM KakeyaFormal.SamplingLengthInput.Input.full_mean_bounds AXIOMS [propext, Classical.choice, Quot.sound]
AUDIT_THEOREM KakeyaFormal.UnitTube.axisPoint.eq_1 AXIOMS [propext, Classical.choice, Quot.sound]
AUDIT_THEOREM KakeyaFormal.SamplingLengthInput.Input.length_upper AXIOMS [propext, Classical.choice, Quot.sound]
AUDIT_THEOREM KakeyaFormal.SamplingLengthInput.Input.ball_test AXIOMS [propext, Classical.choice, Quot.sound]
AUDIT_THEOREM KakeyaFormal.SamplingLengthInput.Input.full_mean_bounds._simp_1_1 AXIOMS [propext]
AUDIT_THEOREM KakeyaFormal.SamplingLengthInput.Input.marked_mean_lower._simp_1_1 AXIOMS [propext]
AUDIT_THEOREM KakeyaFormal.SamplingLengthInput.pointRadius_pos AXIOMS [propext, Classical.choice, Quot.sound]
AUDIT_THEOREM KakeyaFormal.SamplingLengthInput.Input.density_pos AXIOMS [propext, Classical.choice, Quot.sound]
AUDIT_THEOREM KakeyaFormal.SamplingLengthInput.Input.broadness_constant AXIOMS [propext, Classical.choice, Quot.sound]
AUDIT_THEOREM KakeyaFormal.SamplingLengthInput.Input.full_mean_bounds._simp_1_5 AXIOMS [propext]
AUDIT_DECLARATION KakeyaFormal.SamplingLengthInput.Input.mk AXIOMS [propext, Classical.choice, Quot.sound]
