AUDIT_THEOREM KakeyaFormal.SamplingMeans.fullMean_density AXIOMS [propext, Classical.choice, Quot.sound]
AUDIT_THEOREM KakeyaFormal.SamplingMeans.weight_sum._simp_1_2 AXIOMS [propext, Classical.choice, Quot.sound]
AUDIT_THEOREM KakeyaFormal.SamplingMeans.fullMean_density._simp_1_6 AXIOMS [propext, Classical.choice, Quot.sound]
AUDIT_THEOREM KakeyaFormal.SamplingMeans.fullMean_density._simp_1_7 AXIOMS [propext]
AUDIT_THEOREM KakeyaFormal.SamplingMeans.fullMean_density._simp_1_4 AXIOMS [propext]
AUDIT_THEOREM KakeyaFormal.SamplingMeans.fullMean_density._simp_1_2 AXIOMS [propext]
AUDIT_THEOREM KakeyaFormal.SamplingMeans.candidates_cover AXIOMS [propext, Classical.choice, Quot.sound]
AUDIT_THEOREM KakeyaFormal.SamplingMeans.cap_mean_from_broad AXIOMS [propext, Classical.choice, Quot.sound]
AUDIT_THEOREM KakeyaFormal.SamplingSupport.weight.eq_1 AXIOMS [propext, Classical.choice, Quot.sound]
AUDIT_THEOREM KakeyaFormal.SamplingMeans.fullMean_eq AXIOMS [propext, Classical.choice, Quot.sound]
AUDIT_THEOREM KakeyaFormal.SamplingMeans.ball_weight_le AXIOMS [propext, Classical.choice, Quot.sound]
AUDIT_THEOREM KakeyaFormal.SamplingMeans.cap_mean_le AXIOMS [propext, Classical.choice, Quot.sound]
AUDIT_THEOREM KakeyaFormal.SamplingMeans.support_mass AXIOMS [propext, Classical.choice, Quot.sound]
AUDIT_THEOREM KakeyaFormal.SamplingMeans.cell_mass_sum._simp_1_2 AXIOMS [propext]
AUDIT_THEOREM KakeyaFormal.SamplingMeans.cell_incidence_mass_le AXIOMS [propext, Classical.choice, Quot.sound]
AUDIT_THEOREM KakeyaFormal.SamplingMeans.ballMean_eq AXIOMS [propext, Classical.choice, Quot.sound]
AUDIT_THEOREM KakeyaFormal.SamplingMeans.support_mean AXIOMS [propext, Classical.choice, Quot.sound]
AUDIT_DECLARATION KakeyaFormal.SamplingMeans.weights AXIOMS [propext, Classical.choice, Quot.sound]
AUDIT_THEOREM KakeyaFormal.SamplingMeans.weights.eq_1 AXIOMS [propext, Classical.choice, Quot.sound]
AUDIT_THEOREM KakeyaFormal.SamplingMeans.cell_incidence_weight_le._simp_1_2 AXIOMS [propext,
 Classical.choice,
 Quot.sound]
AUDIT_THEOREM KakeyaFormal.SamplingMeans.cell_incidence_weight_le AXIOMS [propext, Classical.choice, Quot.sound]
AUDIT_THEOREM KakeyaFormal.SamplingMeans.ball_weight_two_ends AXIOMS [propext, Classical.choice, Quot.sound]
AUDIT_THEOREM KakeyaFormal.SamplingBallTests.mask.eq_1 AXIOMS [propext, Classical.choice, Quot.sound]
AUDIT_THEOREM KakeyaFormal.SamplingMeans.cap_mean_le._simp_1_1 AXIOMS [propext]
AUDIT_THEOREM KakeyaFormal.SamplingMeans.fullMean_density._simp_1_1 AXIOMS [propext]
AUDIT_THEOREM KakeyaFormal.SamplingBallTests.testCells.eq_1 AXIOMS [propext, Classical.choice, Quot.sound]
AUDIT_THEOREM KakeyaFormal.SamplingMeans.weight_sum AXIOMS [propext, Classical.choice, Quot.sound]
AUDIT_THEOREM KakeyaFormal.SamplingMeans.capMean_admissible AXIOMS [propext, Classical.choice, Quot.sound]
AUDIT_THEOREM KakeyaFormal.SamplingMeans.ball_cells_subset AXIOMS [propext, Classical.choice, Quot.sound]
AUDIT_THEOREM KakeyaFormal.SamplingMeans.fullMean_density._simp_1_3 AXIOMS [propext]
AUDIT_THEOREM KakeyaFormal.SamplingMeans.cap_mean_from_bounded_radii AXIOMS [propext, Classical.choice, Quot.sound]
AUDIT_THEOREM KakeyaFormal.SamplingMeans.cap_mean_le._simp_1_2 AXIOMS [propext]
AUDIT_THEOREM KakeyaFormal.SamplingMeans.ballMean_two_ends AXIOMS [propext, Classical.choice, Quot.sound]
AUDIT_THEOREM KakeyaFormal.SamplingMeans.cell_mass_sum._simp_1_1 AXIOMS [propext]
AUDIT_THEOREM KakeyaFormal.SamplingMeans.fullMean_density._simp_1_5 AXIOMS [propext]
AUDIT_THEOREM KakeyaFormal.SamplingMeans.cell_mass_sum AXIOMS [propext, Classical.choice, Quot.sound]
AUDIT_THEOREM KakeyaFormal.SamplingMeans.marked_total_mean AXIOMS [propext, Classical.choice, Quot.sound]
AUDIT_THEOREM KakeyaFormal.SamplingMeans.indicator_sum_count AXIOMS [propext, Classical.choice, Quot.sound]
