'KakeyaSampling.FiniteLaw.toPMF_apply' depends on axioms: [propext, Classical.choice, Quot.sound]
'KakeyaSampling.FiniteLaw.probability_true' depends on axioms: [propext, Classical.choice, Quot.sound]
'KakeyaSampling.FiniteLaw.probability_nonneg' depends on axioms: [propext, Classical.choice, Quot.sound]
'KakeyaSampling.FiniteLaw.probability_mono' depends on axioms: [propext, Classical.choice, Quot.sound]
'KakeyaSampling.FiniteLaw.probability_le_one' depends on axioms: [propext, Classical.choice, Quot.sound]
'KakeyaSampling.FiniteLaw.probability_union' depends on axioms: [propext, Classical.choice, Quot.sound]
'KakeyaSampling.FiniteLaw.probability_exists_le_sum' depends on axioms: [propext, Classical.choice, Quot.sound]
'KakeyaSampling.FiniteLaw.exists_avoiding_of_probability_sum_lt_one' depends on axioms: [propext,
 Classical.choice,
 Quot.sound]
'KakeyaSampling.FiniteLaw.exists_positive_avoiding_of_probability_sum_lt_one' depends on axioms: [propext,
 Classical.choice,
 Quot.sound]
'KakeyaSampling.FiniteLaw.probability_eq_sum_pmf' depends on axioms: [propext, Classical.choice, Quot.sound]
'KakeyaSampling.FiniteLaw.exponential_event_bound' depends on axioms: [propext, Classical.choice, Quot.sound]
'KakeyaSampling.product_expectation' depends on axioms: [propext, Classical.choice, Quot.sound]
'KakeyaSampling.product_marginal' depends on axioms: [propext, Classical.choice, Quot.sound]
'KakeyaSampling.expectation_sum' depends on axioms: [propext, Classical.choice, Quot.sound]
'KakeyaSampling.marked_le_full' depends on axioms: [propext, Classical.choice, Quot.sound]
'KakeyaSampling.pair_full_mean' depends on axioms: [propext, Classical.choice, Quot.sound]
'KakeyaSampling.pair_marked_mean' depends on axioms: [propext, Classical.choice, Quot.sound]
'KakeyaSampling.pair_full_mgf' depends on axioms: [propext, Classical.choice, Quot.sound]
'KakeyaSampling.pair_marked_mgf' depends on axioms: [propext, Classical.choice, Quot.sound]
'KakeyaSampling.bernoulli_product_mgf_bound' depends on axioms: [propext, Classical.choice, Quot.sound]
'KakeyaSampling.chernoff_upper' depends on axioms: [propext, Classical.choice, Quot.sound]
'KakeyaSampling.chernoff_lower' depends on axioms: [propext, Classical.choice, Quot.sound]
'KakeyaSampling.poisson_binomial_two_sided' depends on axioms: [propext, Classical.choice, Quot.sound]
'KakeyaSampling.poisson_binomial_large_upper' depends on axioms: [propext, Classical.choice, Quot.sound]
'KakeyaSampling.poisson_binomial_half_lower' depends on axioms: [propext, Classical.choice, Quot.sound]
'KakeyaSampling.poisson_binomial_tiny_mean_upper' depends on axioms: [propext, Classical.choice, Quot.sound]
'KakeyaSampling.pair_selection_mgf' depends on axioms: [propext, Classical.choice, Quot.sound]
'KakeyaSampling.markedSelected_subset' depends on axioms: [propext, Classical.choice, Quot.sound]
'KakeyaSampling.fullCount_eq_card' depends on axioms: [propext, Classical.choice, Quot.sound]
'KakeyaSampling.markedCount_eq_card' depends on axioms: [propext, Classical.choice, Quot.sound]
'KakeyaSampling.coupled_full_mgf' depends on axioms: [propext, Classical.choice, Quot.sound]
'KakeyaSampling.coupled_marked_mgf' depends on axioms: [propext, Classical.choice, Quot.sound]
'KakeyaSampling.coupled_full_mgf_bound' depends on axioms: [propext, Classical.choice, Quot.sound]
'KakeyaSampling.coupled_marked_mgf_bound' depends on axioms: [propext, Classical.choice, Quot.sound]
'KakeyaSampling.coupled_full_concentration' depends on axioms: [propext, Classical.choice, Quot.sound]
'KakeyaSampling.coupled_marked_concentration' depends on axioms: [propext, Classical.choice, Quot.sound]
'KakeyaSampling.coupled_positive_support' depends on axioms: [propext, Classical.choice, Quot.sound]
'KakeyaSampling.coupled_full_mean' depends on axioms: [propext, Classical.choice, Quot.sound]
'KakeyaSampling.coupled_marked_mean' depends on axioms: [propext, Classical.choice, Quot.sound]
'KakeyaSampling.test_mean_nonneg' depends on axioms: [propext, Classical.choice, Quot.sound]
'KakeyaSampling.coupled_test_mgf' depends on axioms: [propext, Classical.choice, Quot.sound]
'KakeyaSampling.coupled_test_mgf_bound' depends on axioms: [propext, Classical.choice, Quot.sound]
'KakeyaSampling.coupled_test_concentration' depends on axioms: [propext, Classical.choice, Quot.sound]
'KakeyaSampling.coupled_test_large_upper' depends on axioms: [propext, Classical.choice, Quot.sound]
'KakeyaSampling.coupled_test_half_lower' depends on axioms: [propext, Classical.choice, Quot.sound]
'KakeyaSampling.coupled_test_tiny_mean_upper' depends on axioms: [propext, Classical.choice, Quot.sound]
'KakeyaSampling.coupled_angular_failure' depends on axioms: [propext, Classical.choice, Quot.sound]
'KakeyaSampling.angular_good_fraction' depends on axioms: [propext, Classical.choice, Quot.sound]
'KakeyaSampling.coupled_simultaneous_realization' depends on axioms: [propext, Classical.choice, Quot.sound]
'KakeyaSampling.coupled_test_mean' depends on axioms: [propext, Classical.choice, Quot.sound]
AUDIT_THEOREM KakeyaSampling.coupled_marked_mgf AXIOMS [propext, Classical.choice, Quot.sound]
AUDIT_THEOREM KakeyaSampling.markedSelected.eq_1 AXIOMS [propext, Classical.choice, Quot.sound]
AUDIT_THEOREM KakeyaSampling.FiniteLaw.probability_eq_sum_pmf AXIOMS [propext, Classical.choice, Quot.sound]
AUDIT_DECLARATION KakeyaSampling.selectionProbability AXIOMS [propext, Classical.choice, Quot.sound]
AUDIT_THEOREM KakeyaSampling.pair_marked_mgf AXIOMS [propext, Classical.choice, Quot.sound]
AUDIT_THEOREM KakeyaSampling.FiniteLaw.probability_union AXIOMS [propext, Classical.choice, Quot.sound]
AUDIT_THEOREM KakeyaSampling.FiniteLaw.total AXIOMS [propext, Classical.choice, Quot.sound]
AUDIT_THEOREM KakeyaSampling.coupled_test_tiny_mean_upper AXIOMS [propext, Classical.choice, Quot.sound]
AUDIT_THEOREM KakeyaSampling.coupled_test_large_upper AXIOMS [propext, Classical.choice, Quot.sound]
AUDIT_DECLARATION KakeyaSampling.FiniteLaw.rec AXIOMS [propext, Classical.choice, Quot.sound]
AUDIT_THEOREM KakeyaSampling.FiniteLaw.probability_union._simp_1_2 AXIOMS [propext, Quot.sound]
AUDIT_THEOREM KakeyaSampling.FiniteLaw.mk.sizeOf_spec AXIOMS [propext, Classical.choice, Quot.sound]
AUDIT_THEOREM KakeyaSampling.FiniteLaw.probability_le_one AXIOMS [propext, Classical.choice, Quot.sound]
AUDIT_THEOREM KakeyaSampling.coupled_angular_failure AXIOMS [propext, Classical.choice, Quot.sound]
AUDIT_THEOREM KakeyaSampling.FiniteLaw.exists_avoiding_of_probability_sum_lt_one AXIOMS [propext,
 Classical.choice,
 Quot.sound]
AUDIT_THEOREM KakeyaSampling.selectionProbability.eq_1 AXIOMS [propext, Classical.choice, Quot.sound]
AUDIT_THEOREM KakeyaSampling.test_mean_nonneg AXIOMS [propext, Classical.choice, Quot.sound]
AUDIT_THEOREM KakeyaSampling.markedSelected_subset._proof_1_5 AXIOMS [propext, Quot.sound]
AUDIT_THEOREM KakeyaSampling.FiniteLaw.exists_positive_avoiding_of_probability_sum_lt_one AXIOMS [propext,
 Classical.choice,
 Quot.sound]
AUDIT_THEOREM KakeyaSampling.fullCount.eq_1 AXIOMS [propext, Classical.choice, Quot.sound]
AUDIT_THEOREM KakeyaSampling.coupled_test_mean AXIOMS [propext, Classical.choice, Quot.sound]
AUDIT_DECLARATION KakeyaSampling.selectionBit AXIOMS [propext, Classical.choice, Quot.sound]
AUDIT_THEOREM KakeyaSampling.expectation_sum AXIOMS [propext, Classical.choice, Quot.sound]
AUDIT_THEOREM KakeyaSampling.FiniteLaw.mk.inj AXIOMS [propext, Classical.choice, Quot.sound]
AUDIT_THEOREM KakeyaSampling.productLaw.eq_1 AXIOMS [propext, Classical.choice, Quot.sound]
AUDIT_DECLARATION KakeyaSampling.FiniteLaw AXIOMS [propext, Classical.choice, Quot.sound]
AUDIT_THEOREM KakeyaSampling.pairLaw.eq_1 AXIOMS [propext, Classical.choice, Quot.sound]
AUDIT_THEOREM KakeyaSampling.FiniteLaw.probability_mono AXIOMS [propext, Classical.choice, Quot.sound]
AUDIT_THEOREM KakeyaSampling.markedBit.eq_1 AXIOMS [propext, Classical.choice, Quot.sound]
AUDIT_THEOREM KakeyaSampling.FiniteLaw.probability_true AXIOMS [propext, Classical.choice, Quot.sound]
AUDIT_THEOREM KakeyaSampling.coupled_full_concentration AXIOMS [propext, Classical.choice, Quot.sound]
AUDIT_THEOREM KakeyaSampling.coupled_test_concentration AXIOMS [propext, Classical.choice, Quot.sound]
AUDIT_THEOREM KakeyaSampling.markedSelected_subset._simp_1_4 AXIOMS [propext, Classical.choice, Quot.sound]
AUDIT_THEOREM KakeyaSampling.coupled_simultaneous_realization AXIOMS [propext, Classical.choice, Quot.sound]
AUDIT_THEOREM KakeyaSampling.coupled_simultaneous_realization._simp_1_2 AXIOMS [propext]
AUDIT_THEOREM KakeyaSampling.pairLaw.congr_simp AXIOMS [propext, Classical.choice, Quot.sound]
AUDIT_THEOREM KakeyaSampling.fullBit.eq_1 AXIOMS [propext, Classical.choice, Quot.sound]
AUDIT_DECLARATION KakeyaSampling.FiniteLaw.weight AXIOMS [propext, Classical.choice, Quot.sound]
AUDIT_THEOREM KakeyaSampling.FiniteLaw.exponential_event_bound._simp_1_3 AXIOMS []
AUDIT_DECLARATION KakeyaSampling.FiniteLaw.recOn AXIOMS [propext, Classical.choice, Quot.sound]
AUDIT_THEOREM KakeyaSampling.coupled_full_mgf AXIOMS [propext, Classical.choice, Quot.sound]
AUDIT_THEOREM KakeyaSampling.pair_marked_mean AXIOMS [propext, Classical.choice, Quot.sound]
AUDIT_THEOREM KakeyaSampling.FiniteLaw.mk.injEq AXIOMS [propext, Classical.choice, Quot.sound]
AUDIT_THEOREM KakeyaSampling.poisson_binomial_tiny_mean_upper AXIOMS [propext, Classical.choice, Quot.sound]
AUDIT_THEOREM KakeyaSampling.poisson_binomial_half_lower AXIOMS [propext, Classical.choice, Quot.sound]
AUDIT_THEOREM KakeyaSampling.product_expectation._simp_1_3 AXIOMS [propext, Quot.sound]
AUDIT_THEOREM KakeyaSampling.FiniteLaw.probability_exists_le_sum AXIOMS [propext, Classical.choice, Quot.sound]
AUDIT_DECLARATION KakeyaSampling.markedSelected AXIOMS [propext, Classical.choice, Quot.sound]
AUDIT_THEOREM KakeyaSampling.chernoff_lower AXIOMS [propext, Classical.choice, Quot.sound]
AUDIT_THEOREM KakeyaSampling.coupled_marked_concentration AXIOMS [propext, Classical.choice, Quot.sound]
AUDIT_THEOREM KakeyaSampling.chernoff_upper AXIOMS [propext, Classical.choice, Quot.sound]
AUDIT_THEOREM KakeyaSampling.coupled_test_half_lower AXIOMS [propext, Classical.choice, Quot.sound]
AUDIT_DECLARATION KakeyaSampling.fullBit AXIOMS [propext, Classical.choice, Quot.sound]
AUDIT_THEOREM KakeyaSampling.coupled_positive_support AXIOMS [propext, Classical.choice, Quot.sound]
AUDIT_DECLARATION KakeyaSampling.FiniteLaw.mk._flat_ctor AXIOMS [propext, Classical.choice, Quot.sound]
AUDIT_THEOREM KakeyaSampling.pair_full_mgf AXIOMS [propext, Classical.choice, Quot.sound]
AUDIT_THEOREM KakeyaSampling.pair_full_mean AXIOMS [propext, Classical.choice, Quot.sound]
AUDIT_DECLARATION KakeyaSampling.FiniteLaw._sizeOf_1 AXIOMS [propext, Classical.choice, Quot.sound]
AUDIT_THEOREM KakeyaSampling.markedCount_eq_card AXIOMS [propext, Classical.choice, Quot.sound]
AUDIT_THEOREM KakeyaSampling.pair_selection_mgf AXIOMS [propext, Classical.choice, Quot.sound]
AUDIT_THEOREM KakeyaSampling.FiniteLaw.expectation.eq_1 AXIOMS [propext, Classical.choice, Quot.sound]
AUDIT_THEOREM KakeyaSampling.angular_good_fraction AXIOMS [propext, Classical.choice, Quot.sound]
AUDIT_THEOREM KakeyaSampling.markedSelected_subset AXIOMS [propext, Classical.choice, Quot.sound]
AUDIT_DECLARATION KakeyaSampling.testCount AXIOMS [propext, Classical.choice, Quot.sound]
AUDIT_DECLARATION KakeyaSampling.FiniteLaw.probability AXIOMS [propext, Classical.choice, Quot.sound]
AUDIT_DECLARATION KakeyaSampling.testMean AXIOMS [propext, Classical.choice, Quot.sound]
AUDIT_DECLARATION KakeyaSampling.fullSelected AXIOMS [propext, Classical.choice, Quot.sound]
AUDIT_DECLARATION KakeyaSampling.markedCount AXIOMS [propext, Classical.choice, Quot.sound]
AUDIT_THEOREM KakeyaSampling.coupled_full_mgf_bound AXIOMS [propext, Classical.choice, Quot.sound]
AUDIT_THEOREM KakeyaSampling.bernoulli_product_mgf_bound AXIOMS [propext, Classical.choice, Quot.sound]
AUDIT_DECLARATION KakeyaSampling.FiniteLaw.noConfusion AXIOMS [propext, Classical.choice, Quot.sound]
AUDIT_DECLARATION KakeyaSampling.productLaw AXIOMS [propext, Classical.choice, Quot.sound]
AUDIT_DECLARATION KakeyaSampling.markedBit AXIOMS [propext, Classical.choice, Quot.sound]
AUDIT_THEOREM KakeyaSampling.fullCount_eq_card AXIOMS [propext, Classical.choice, Quot.sound]
AUDIT_DECLARATION KakeyaSampling.FiniteLaw.toPMF AXIOMS [propext, Classical.choice, Quot.sound]
AUDIT_DECLARATION KakeyaSampling.FiniteLaw.casesOn AXIOMS [propext, Classical.choice, Quot.sound]
AUDIT_DECLARATION KakeyaSampling.pairLaw AXIOMS [propext, Classical.choice, Quot.sound]
AUDIT_THEOREM KakeyaSampling.coupled_marked_mgf_bound AXIOMS [propext, Classical.choice, Quot.sound]
AUDIT_THEOREM KakeyaSampling.coupled_full_mean AXIOMS [propext, Classical.choice, Quot.sound]
AUDIT_THEOREM KakeyaSampling.selectionBit.eq_1 AXIOMS [propext, Classical.choice, Quot.sound]
AUDIT_THEOREM KakeyaSampling.FiniteLaw.mk.congr_simp AXIOMS [propext, Classical.choice, Quot.sound]
AUDIT_THEOREM KakeyaSampling.coupledLaw.congr_simp AXIOMS [propext, Classical.choice, Quot.sound]
AUDIT_THEOREM KakeyaSampling.FiniteLaw.toPMF_apply AXIOMS [propext, Classical.choice, Quot.sound]
AUDIT_DECLARATION KakeyaSampling.FiniteLaw.expectation AXIOMS [propext, Classical.choice, Quot.sound]
AUDIT_THEOREM KakeyaSampling.FiniteLaw.nonneg AXIOMS [propext, Classical.choice, Quot.sound]
AUDIT_THEOREM KakeyaSampling.coupled_test_mgf_bound AXIOMS [propext, Classical.choice, Quot.sound]
AUDIT_THEOREM KakeyaSampling.markedSelected_subset._simp_1_3 AXIOMS [propext, Classical.choice, Quot.sound]
AUDIT_THEOREM KakeyaSampling.coupled_test_mgf AXIOMS [propext, Classical.choice, Quot.sound]
AUDIT_THEOREM KakeyaSampling.coupled_simultaneous_realization._simp_1_3 AXIOMS [propext]
AUDIT_DECLARATION KakeyaSampling.FiniteLaw._sizeOf_inst AXIOMS [propext, Classical.choice, Quot.sound]
AUDIT_THEOREM KakeyaSampling.coupled_marked_mean AXIOMS [propext, Classical.choice, Quot.sound]
AUDIT_THEOREM KakeyaSampling.coupledLaw.eq_1 AXIOMS [propext, Classical.choice, Quot.sound]
AUDIT_DECLARATION KakeyaSampling.FiniteLaw.ctorIdx AXIOMS [propext, Classical.choice, Quot.sound]
AUDIT_THEOREM KakeyaSampling.poisson_binomial_large_upper AXIOMS [propext, Classical.choice, Quot.sound]
AUDIT_THEOREM KakeyaSampling.FiniteLaw.exponential_event_bound._simp_1_4 AXIOMS [propext, Classical.choice, Quot.sound]
AUDIT_DECLARATION KakeyaSampling.FiniteLaw.noConfusionType AXIOMS [propext, Classical.choice, Quot.sound]
AUDIT_DECLARATION KakeyaSampling.fullCount AXIOMS [propext, Classical.choice, Quot.sound]
AUDIT_THEOREM KakeyaSampling.product_marginal AXIOMS [propext, Classical.choice, Quot.sound]
AUDIT_THEOREM KakeyaSampling.FiniteLaw.exponential_event_bound AXIOMS [propext, Classical.choice, Quot.sound]
AUDIT_THEOREM KakeyaSampling.markedCount.eq_1 AXIOMS [propext, Classical.choice, Quot.sound]
AUDIT_THEOREM KakeyaSampling.fullSelected.eq_1 AXIOMS [propext, Classical.choice, Quot.sound]
AUDIT_DECLARATION KakeyaSampling.FiniteLaw.mk.noConfusion AXIOMS [propext, Classical.choice, Quot.sound]
AUDIT_THEOREM KakeyaSampling.pairLaw._proof_1 AXIOMS [propext, Classical.choice, Quot.sound]
AUDIT_THEOREM KakeyaSampling.productLaw._proof_1 AXIOMS [propext, Classical.choice, Quot.sound]
AUDIT_THEOREM KakeyaSampling.FiniteLaw.probability.eq_1 AXIOMS [propext, Classical.choice, Quot.sound]
AUDIT_THEOREM KakeyaSampling.FiniteLaw.toPMF._proof_1 AXIOMS [propext, Classical.choice, Quot.sound]
AUDIT_THEOREM KakeyaSampling.testCount.eq_1 AXIOMS [propext, Classical.choice, Quot.sound]
AUDIT_THEOREM KakeyaSampling.FiniteLaw.probability_nonneg AXIOMS [propext, Classical.choice, Quot.sound]
AUDIT_DECLARATION KakeyaSampling.coupledLaw AXIOMS [propext, Classical.choice, Quot.sound]
AUDIT_THEOREM KakeyaSampling.poisson_binomial_two_sided AXIOMS [propext, Classical.choice, Quot.sound]
AUDIT_DECLARATION KakeyaSampling.FiniteLaw.mk AXIOMS [propext, Classical.choice, Quot.sound]
AUDIT_THEOREM KakeyaSampling.pairLaw._proof_2 AXIOMS [propext, Classical.choice, Quot.sound]
AUDIT_THEOREM KakeyaSampling.productLaw._proof_2 AXIOMS [propext, Classical.choice, Quot.sound]
AUDIT_THEOREM KakeyaSampling.product_expectation AXIOMS [propext, Classical.choice, Quot.sound]
AUDIT_THEOREM KakeyaSampling.marked_le_full AXIOMS [propext, Classical.choice, Quot.sound]
