AUDIT_THEOREM KakeyaFormal.SamplingRowNormalization.ball_relative AXIOMS [propext, Classical.choice, Quot.sound]
AUDIT_DECLARATION KakeyaFormal.SamplingRowNormalization.factor AXIOMS [propext, Classical.choice, Quot.sound]
AUDIT_THEOREM KakeyaFormal.SamplingRowNormalization.probabilities AXIOMS [propext, Classical.choice, Quot.sound]
AUDIT_THEOREM KakeyaFormal.SamplingRowNormalization.cap_mean_le AXIOMS [propext, Classical.choice, Quot.sound]
AUDIT_THEOREM KakeyaFormal.SamplingRowNormalization.source_parameters._simp_1_5 AXIOMS [propext]
AUDIT_THEOREM KakeyaFormal.SamplingRowNormalization.ball_relative._simp_1_1 AXIOMS [propext]
AUDIT_THEOREM KakeyaFormal.SamplingRowNormalization.source_parameters._simp_1_3 AXIOMS [propext]
AUDIT_THEOREM KakeyaFormal.SamplingRowNormalization.cap_relative AXIOMS [propext, Classical.choice, Quot.sound]
AUDIT_THEOREM KakeyaFormal.SamplingRowNormalization.marked_support AXIOMS [propext, Classical.choice, Quot.sound]
AUDIT_THEOREM KakeyaFormal.SamplingRowNormalization.ball_relative._simp_1_3 AXIOMS [propext]
AUDIT_THEOREM KakeyaFormal.SamplingRowNormalization.ball_mean AXIOMS [propext, Classical.choice, Quot.sound]
AUDIT_THEOREM KakeyaFormal.SamplingRowNormalization.source_parameters._simp_1_1 AXIOMS [propext]
AUDIT_THEOREM KakeyaFormal.SamplingRowNormalization.ball_relative._simp_1_5 AXIOMS [propext]
AUDIT_THEOREM KakeyaFormal.SamplingRowNormalization.cap_relative._simp_1_3 AXIOMS [propext]
AUDIT_THEOREM KakeyaFormal.SamplingRowNormalization.full_support AXIOMS [propext, Classical.choice, Quot.sound]
AUDIT_THEOREM KakeyaFormal.SamplingRowNormalization.pointwise_domination AXIOMS [propext, Classical.choice, Quot.sound]
AUDIT_THEOREM KakeyaFormal.SamplingRowNormalization.cap_relative._simp_1_1 AXIOMS [propext]
AUDIT_THEOREM KakeyaFormal.SamplingRowNormalization.factor_bounds AXIOMS [propext, Classical.choice, Quot.sound]
AUDIT_THEOREM KakeyaFormal.SamplingRowNormalization.source_parameters._simp_1_6 AXIOMS [propext,
 Classical.choice,
 Quot.sound]
AUDIT_THEOREM KakeyaFormal.SamplingRowNormalization.source_parameters._simp_1_2 AXIOMS [propext]
AUDIT_THEOREM KakeyaFormal.SamplingRowNormalization.source_parameters._simp_1_7 AXIOMS [propext]
AUDIT_THEOREM KakeyaFormal.SamplingRowNormalization.comparable_of_narrow AXIOMS [propext, Classical.choice, Quot.sound]
AUDIT_THEOREM KakeyaFormal.SamplingRowNormalization.source_parameters._simp_1_4 AXIOMS [propext]
AUDIT_THEOREM KakeyaFormal.SamplingRowNormalization.ball_relative._simp_1_7 AXIOMS [propext]
AUDIT_THEOREM KakeyaFormal.SamplingRowNormalization.ball_relative._simp_1_6 AXIOMS [propext,
 Classical.choice,
 Quot.sound]
AUDIT_THEOREM KakeyaFormal.SamplingRowNormalization.source_parameters AXIOMS [propext, Classical.choice, Quot.sound]
AUDIT_THEOREM KakeyaFormal.SamplingRowNormalization.ball_relative._simp_1_2 AXIOMS [propext]
AUDIT_THEOREM KakeyaFormal.SamplingRowNormalization.ball_relative._simp_1_4 AXIOMS [propext]
AUDIT_THEOREM KakeyaFormal.SamplingRowNormalization.marked_mean_bounds AXIOMS [propext, Classical.choice, Quot.sound]
AUDIT_DECLARATION KakeyaFormal.SamplingRowNormalization.full AXIOMS [propext, Classical.choice, Quot.sound]
AUDIT_THEOREM KakeyaFormal.SamplingRowNormalization.cap_relative._simp_1_7 AXIOMS [propext]
AUDIT_THEOREM KakeyaFormal.SamplingRowNormalization.cap_relative._simp_1_4 AXIOMS [propext]
AUDIT_THEOREM KakeyaFormal.SamplingRowNormalization.cap_relative._simp_1_6 AXIOMS [propext,
 Classical.choice,
 Quot.sound]
AUDIT_THEOREM KakeyaFormal.SamplingRowNormalization.cap_relative._simp_1_2 AXIOMS [propext]
AUDIT_DECLARATION KakeyaFormal.SamplingRowNormalization.marked AXIOMS [propext, Classical.choice, Quot.sound]
AUDIT_THEOREM KakeyaFormal.SamplingRowNormalization.full_mean AXIOMS [propext, Classical.choice, Quot.sound]
AUDIT_THEOREM KakeyaFormal.SamplingRowNormalization.marked_mass_lower AXIOMS [propext, Classical.choice, Quot.sound]
AUDIT_THEOREM KakeyaFormal.SamplingRowNormalization.cap_relative._simp_1_5 AXIOMS [propext]
