AUDIT_DECLARATION KakeyaFormal.SamplingGeometricFailure.bad.match_1 AXIOMS []
AUDIT_THEOREM KakeyaFormal.SamplingGeometricFailure.uniform_probability AXIOMS [propext, Classical.choice, Quot.sound]
AUDIT_DECLARATION KakeyaFormal.SamplingGeometricFailure.bad AXIOMS [propext, Classical.choice, Quot.sound]
AUDIT_DECLARATION _private.SamplingGeometricFailure_AxiomAudit.0.KakeyaFormal.SamplingGeometricFailure.bad.match_1.splitter AXIOMS []
AUDIT_THEOREM KakeyaFormal.SamplingGeometricFailure.budget._proof_2 AXIOMS [propext]
AUDIT_DECLARATION KakeyaFormal.SamplingGeometricFailure.law AXIOMS [propext, Classical.choice, Quot.sound]
AUDIT_THEOREM KakeyaFormal.SamplingGeometricFailure.law._proof_1 AXIOMS [propext, Classical.choice, Quot.sound]
AUDIT_THEOREM KakeyaFormal.SamplingGeometricFailure.law.eq_1 AXIOMS [propext, Classical.choice, Quot.sound]
AUDIT_DECLARATION KakeyaFormal.SamplingGeometricFailure.budget AXIOMS [propext, Classical.choice, Quot.sound]
AUDIT_THEOREM KakeyaFormal.SamplingGeometricFailure.law._proof_3 AXIOMS [propext, Classical.choice, Quot.sound]
AUDIT_THEOREM KakeyaFormal.SamplingGeometricFailure.law._proof_2 AXIOMS [propext, Classical.choice, Quot.sound]
AUDIT_THEOREM KakeyaFormal.SamplingGeometricFailure.budget._proof_1 AXIOMS [propext]
AUDIT_THEOREM KakeyaFormal.SamplingGeometricFailure.bad._proof_1 AXIOMS [propext]
AUDIT_THEOREM KakeyaFormal.SamplingGeometricFailure.budget_le_uniform AXIOMS [propext, Classical.choice, Quot.sound]
AUDIT_DECLARATION KakeyaFormal.SamplingGeometricFailure.geometricFailure AXIOMS [propext, Classical.choice, Quot.sound]
AUDIT_THEOREM _private.SamplingGeometricFailure_AxiomAudit.0.KakeyaFormal.SamplingGeometricFailure.bad.match_1.eq_1 AXIOMS []
AUDIT_THEOREM KakeyaFormal.SamplingGeometricFailure.probability_le AXIOMS [propext, Classical.choice, Quot.sound]
AUDIT_THEOREM KakeyaFormal.SamplingGeometricFailure.uniform_threshold AXIOMS [propext, Classical.choice, Quot.sound]
AUDIT_THEOREM _private.SamplingGeometricFailure_AxiomAudit.0.KakeyaFormal.SamplingGeometricFailure.bad.match_1.eq_2 AXIOMS []
AUDIT_THEOREM KakeyaFormal.SamplingGeometricFailure.law.congr_simp AXIOMS [propext, Classical.choice, Quot.sound]
AUDIT_THEOREM KakeyaFormal.SamplingGeometricFailure.budget.eq_1 AXIOMS [propext, Classical.choice, Quot.sound]
