'KakeyaSamplingApplication.tube_test_mean' depends on axioms: [propext, Classical.choice, Quot.sound]
'KakeyaSamplingApplication.cell_test_mean' depends on axioms: [propext, Classical.choice, Quot.sound]
'KakeyaSamplingApplication.ball_test_mean' depends on axioms: [propext, Classical.choice, Quot.sound]
'KakeyaSamplingApplication.cap_test_mean' depends on axioms: [propext, Classical.choice, Quot.sound]
'KakeyaSamplingApplication.tube_test_count' depends on axioms: [propext, Classical.choice, Quot.sound]
'KakeyaSamplingApplication.cell_test_count' depends on axioms: [propext, Classical.choice, Quot.sound]
'KakeyaSamplingApplication.ball_test_count' depends on axioms: [propext, Classical.choice, Quot.sound]
'KakeyaSamplingApplication.cap_test_count' depends on axioms: [propext, Classical.choice, Quot.sound]
'KakeyaSamplingApplication.markedShading_subset' depends on axioms: [propext, Classical.choice, Quot.sound]
'KakeyaSamplingApplication.fullTubeCount_eq_card' depends on axioms: [propext, Classical.choice, Quot.sound]
'KakeyaSamplingApplication.marked_total_identity' depends on axioms: [propext, Classical.choice, Quot.sound]
'KakeyaSamplingApplication.failureBudget_le_uniform' depends on axioms: [propext, Classical.choice, Quot.sound]
'KakeyaSamplingApplication.finite_sampling_assembly' depends on axioms: [propext, Classical.choice, Quot.sound]
'KakeyaSamplingApplication.capped_probabilities' depends on axioms: [propext, Classical.choice, Quot.sound]
'KakeyaSamplingApplication.capped_sampling_assembly' depends on axioms: [propext, Classical.choice, Quot.sound]
'KakeyaSamplingApplication.SampleGood.density_normalization' depends on axioms: [propext, Classical.choice, Quot.sound]
'KakeyaSamplingApplication.SampleGood.relative_ball_bound' depends on axioms: [propext, Classical.choice, Quot.sound]
AUDIT_THEOREM KakeyaSamplingApplication.finite_sampling_assembly._simp_1_9 AXIOMS [propext]
AUDIT_THEOREM KakeyaSamplingApplication.cell_test_count AXIOMS [propext, Classical.choice, Quot.sound]
AUDIT_THEOREM KakeyaSamplingApplication.tube_test_mean AXIOMS [propext, Classical.choice, Quot.sound]
AUDIT_THEOREM KakeyaSamplingApplication.SampleGood.marked_subset AXIOMS [propext, Classical.choice, Quot.sound]
AUDIT_DECLARATION KakeyaSamplingApplication.SampleGood.mk._flat_ctor AXIOMS [propext, Classical.choice, Quot.sound]
AUDIT_THEOREM KakeyaSamplingApplication.SampleGood.density_normalization AXIOMS [propext, Classical.choice, Quot.sound]
AUDIT_DECLARATION KakeyaSamplingApplication.cellMask AXIOMS []
AUDIT_THEOREM KakeyaSamplingApplication.SampleGood.density_normalization._simp_1_4 AXIOMS [propext]
AUDIT_THEOREM KakeyaSamplingApplication.tubeMask.congr_simp AXIOMS [Quot.sound]
AUDIT_THEOREM _private.SamplingApplication_AxiomAudit.0.KakeyaSamplingApplication.finite_sampling_assembly.match_1_1.eq_4 AXIOMS [propext,
 Classical.choice,
 Quot.sound]
AUDIT_THEOREM KakeyaSamplingApplication.SampleGood.density_normalization._simp_1_6 AXIOMS [propext,
 Classical.choice,
 Quot.sound]
AUDIT_THEOREM KakeyaSamplingApplication.SampleGood.density_normalization._simp_1_2 AXIOMS [propext]
AUDIT_THEOREM KakeyaSamplingApplication.SampleGood.density_normalization._simp_1_7 AXIOMS [propext]
AUDIT_THEOREM KakeyaSamplingApplication.ballMask.congr_simp AXIOMS [Quot.sound]
AUDIT_DECLARATION KakeyaSamplingApplication.markedShading AXIOMS [propext, Classical.choice, Quot.sound]
AUDIT_DECLARATION KakeyaSamplingApplication.fullMean AXIOMS [propext, Classical.choice, Quot.sound]
AUDIT_THEOREM KakeyaSamplingApplication.cap_test_count AXIOMS [propext, Classical.choice, Quot.sound]
AUDIT_THEOREM KakeyaSamplingApplication.cellMask.eq_1 AXIOMS []
AUDIT_DECLARATION KakeyaSamplingApplication.flatten AXIOMS [propext, Classical.choice, Quot.sound]
AUDIT_THEOREM _private.SamplingApplication_AxiomAudit.0.KakeyaSamplingApplication.finite_sampling_assembly.match_1_1.eq_1 AXIOMS [propext,
 Classical.choice,
 Quot.sound]
AUDIT_THEOREM KakeyaSamplingApplication.finite_sampling_assembly._simp_1_11 AXIOMS [propext,
 Classical.choice,
 Quot.sound]
AUDIT_THEOREM KakeyaSamplingApplication.SampleGood.marked_mass AXIOMS [propext, Classical.choice, Quot.sound]
AUDIT_THEOREM KakeyaSamplingApplication.failureBudget.eq_1 AXIOMS [propext, Classical.choice, Quot.sound]
AUDIT_DECLARATION KakeyaSamplingApplication.SampleGood AXIOMS [propext, Classical.choice, Quot.sound]
AUDIT_THEOREM KakeyaSamplingApplication.ballMask.eq_1 AXIOMS []
AUDIT_DECLARATION KakeyaSamplingApplication.capMask AXIOMS []
AUDIT_THEOREM _private.SamplingApplication_AxiomAudit.0.KakeyaSamplingApplication.finite_sampling_assembly.match_1_1.eq_2 AXIOMS [propext,
 Classical.choice,
 Quot.sound]
AUDIT_THEOREM KakeyaSamplingApplication.SampleGood.full_mass AXIOMS [propext, Classical.choice, Quot.sound]
AUDIT_THEOREM KakeyaSamplingApplication.markedShading_subset._proof_1_5 AXIOMS [propext, Classical.choice, Quot.sound]
AUDIT_THEOREM KakeyaSamplingApplication.SampleGood.relative_ball_bound AXIOMS [propext, Classical.choice, Quot.sound]
AUDIT_THEOREM _private.SamplingApplication_AxiomAudit.0.KakeyaSamplingApplication.finite_sampling_assembly.match_1_1.eq_3 AXIOMS [propext,
 Classical.choice,
 Quot.sound]
AUDIT_DECLARATION KakeyaSamplingApplication.SampleGood.mk AXIOMS [propext, Classical.choice, Quot.sound]
AUDIT_THEOREM KakeyaSamplingApplication.markedShading_subset._simp_1_3 AXIOMS [propext, Classical.choice, Quot.sound]
AUDIT_DECLARATION KakeyaSamplingApplication.finite_sampling_assembly.match_1_1 AXIOMS [propext,
 Classical.choice,
 Quot.sound]
AUDIT_DECLARATION KakeyaSamplingApplication.SampleGood.casesOn AXIOMS [propext, Classical.choice, Quot.sound]
AUDIT_THEOREM KakeyaSamplingApplication.fullTubeCount_eq_card AXIOMS [propext, Classical.choice, Quot.sound]
AUDIT_THEOREM KakeyaSamplingApplication.tube_test_count AXIOMS [propext, Classical.choice, Quot.sound]
AUDIT_THEOREM KakeyaSamplingApplication.failureBudget._proof_3 AXIOMS [propext]
AUDIT_THEOREM KakeyaSamplingApplication.failureBudget._proof_2 AXIOMS [propext]
AUDIT_THEOREM KakeyaSamplingApplication.SampleGood.density_normalization._simp_1_1 AXIOMS [propext]
AUDIT_THEOREM KakeyaSamplingApplication.markedShading.eq_1 AXIOMS [propext, Classical.choice, Quot.sound]
AUDIT_THEOREM KakeyaSamplingApplication.fullMean.eq_1 AXIOMS [propext, Classical.choice, Quot.sound]
AUDIT_THEOREM KakeyaSamplingApplication.markedCapCount.eq_1 AXIOMS [propext, Classical.choice, Quot.sound]
AUDIT_THEOREM KakeyaSamplingApplication.tubeMask.eq_1 AXIOMS []
AUDIT_THEOREM KakeyaSamplingApplication.finite_sampling_assembly._simp_1_10 AXIOMS [propext]
AUDIT_THEOREM KakeyaSamplingApplication.markedCellCount.eq_1 AXIOMS [propext, Classical.choice, Quot.sound]
AUDIT_THEOREM KakeyaSamplingApplication.fullTubeCount.eq_1 AXIOMS [propext, Classical.choice, Quot.sound]
AUDIT_THEOREM KakeyaSamplingApplication.cellMask.congr_simp AXIOMS [Quot.sound]
AUDIT_THEOREM KakeyaSamplingApplication.SampleGood.angular AXIOMS [propext, Classical.choice, Quot.sound]
AUDIT_THEOREM KakeyaSamplingApplication.markedMean.eq_1 AXIOMS [propext, Classical.choice, Quot.sound]
AUDIT_THEOREM KakeyaSamplingApplication.SampleGood.density_normalization._simp_1_3 AXIOMS [propext]
AUDIT_THEOREM KakeyaSamplingApplication.fullBallCount.eq_1 AXIOMS [propext, Classical.choice, Quot.sound]
AUDIT_THEOREM KakeyaSamplingApplication.capMean.eq_1 AXIOMS [propext, Classical.choice, Quot.sound]
AUDIT_THEOREM KakeyaSamplingApplication.marked_total_identity AXIOMS [propext, Classical.choice, Quot.sound]
AUDIT_DECLARATION KakeyaSamplingApplication.fullShading AXIOMS [propext, Classical.choice, Quot.sound]
AUDIT_THEOREM KakeyaSamplingApplication.SampleGood.marked_support AXIOMS [propext, Classical.choice, Quot.sound]
AUDIT_THEOREM KakeyaSamplingApplication.cap_test_mean AXIOMS [propext, Classical.choice, Quot.sound]
AUDIT_THEOREM KakeyaSamplingApplication.SampleGood.high_cell_lower AXIOMS [propext, Classical.choice, Quot.sound]
AUDIT_THEOREM KakeyaSamplingApplication.SampleGood.ball_upper AXIOMS [propext, Classical.choice, Quot.sound]
AUDIT_THEOREM KakeyaSamplingApplication.SampleGood.density AXIOMS [propext, Classical.choice, Quot.sound]
AUDIT_DECLARATION KakeyaSamplingApplication.SampleGood.recOn AXIOMS [propext, Classical.choice, Quot.sound]
AUDIT_THEOREM KakeyaSamplingApplication.ball_test_mean AXIOMS [propext, Classical.choice, Quot.sound]
AUDIT_DECLARATION KakeyaSamplingApplication.SampleGood.rec AXIOMS [propext, Classical.choice, Quot.sound]
AUDIT_THEOREM KakeyaSamplingApplication.capMask.eq_1 AXIOMS []
AUDIT_DECLARATION KakeyaSamplingApplication.capMean AXIOMS [propext, Classical.choice, Quot.sound]
AUDIT_DECLARATION KakeyaSamplingApplication.fullBallCount AXIOMS [propext, Classical.choice, Quot.sound]
AUDIT_THEOREM KakeyaSamplingApplication.capped_probabilities AXIOMS [propext, Classical.choice, Quot.sound]
AUDIT_THEOREM KakeyaSamplingApplication.flatten.eq_1 AXIOMS [propext, Classical.choice, Quot.sound]
AUDIT_THEOREM KakeyaSamplingApplication.cell_test_mean AXIOMS [propext, Classical.choice, Quot.sound]
AUDIT_THEOREM KakeyaSamplingApplication.ball_test_count AXIOMS [propext, Classical.choice, Quot.sound]
AUDIT_DECLARATION KakeyaSamplingApplication.markedMean AXIOMS [propext, Classical.choice, Quot.sound]
AUDIT_DECLARATION KakeyaSamplingApplication.capped AXIOMS [propext, Classical.choice, Quot.sound]
AUDIT_THEOREM KakeyaSamplingApplication.markedShading_subset AXIOMS [propext, Classical.choice, Quot.sound]
AUDIT_DECLARATION KakeyaSamplingApplication.Outcome AXIOMS []
AUDIT_THEOREM KakeyaSamplingApplication.capMask.congr_simp AXIOMS [Quot.sound]
AUDIT_THEOREM KakeyaSamplingApplication.markedShading_subset._simp_1_4 AXIOMS [propext, Classical.choice, Quot.sound]
AUDIT_DECLARATION KakeyaSamplingApplication.ballMean AXIOMS [propext, Classical.choice, Quot.sound]
AUDIT_DECLARATION KakeyaSamplingApplication.ballMask AXIOMS []
AUDIT_THEOREM KakeyaSamplingApplication.failureBudget_le_uniform AXIOMS [propext, Classical.choice, Quot.sound]
AUDIT_THEOREM KakeyaSamplingApplication.ballMean.eq_1 AXIOMS [propext, Classical.choice, Quot.sound]
AUDIT_THEOREM KakeyaSamplingApplication.SampleGood.full_support AXIOMS [propext, Classical.choice, Quot.sound]
AUDIT_THEOREM KakeyaSamplingApplication.capped_sampling_assembly AXIOMS [propext, Classical.choice, Quot.sound]
AUDIT_THEOREM KakeyaSamplingApplication.failureBudget._proof_4 AXIOMS [propext]
AUDIT_THEOREM KakeyaSamplingApplication.failureBudget._proof_1 AXIOMS [propext]
AUDIT_DECLARATION KakeyaSamplingApplication.failureBudget AXIOMS [propext, Classical.choice, Quot.sound]
AUDIT_DECLARATION KakeyaSamplingApplication.fullTubeCount AXIOMS [propext, Classical.choice, Quot.sound]
AUDIT_THEOREM KakeyaSamplingApplication.SampleGood.density_normalization._simp_1_5 AXIOMS [propext]
AUDIT_DECLARATION KakeyaSamplingApplication.markedCellCount AXIOMS [propext, Classical.choice, Quot.sound]
AUDIT_THEOREM KakeyaSampling.testMean.eq_1 AXIOMS [propext, Classical.choice, Quot.sound]
AUDIT_THEOREM KakeyaSamplingApplication.finite_sampling_assembly AXIOMS [propext, Classical.choice, Quot.sound]
AUDIT_DECLARATION KakeyaSamplingApplication.tubeMask AXIOMS []
AUDIT_THEOREM KakeyaSamplingApplication.fullShading.eq_1 AXIOMS [propext, Classical.choice, Quot.sound]
AUDIT_DECLARATION _private.SamplingApplication_AxiomAudit.0.KakeyaSamplingApplication.finite_sampling_assembly.match_1_1.splitter AXIOMS [propext,
 Classical.choice,
 Quot.sound]
AUDIT_DECLARATION KakeyaSamplingApplication.markedCapCount AXIOMS [propext, Classical.choice, Quot.sound]
