AUDIT_THEOREM KakeyaFormal.SamplingLengthRealization.Output.closed_broadness._simp_1_1 AXIOMS [propext,
 Classical.choice,
 Quot.sound]
AUDIT_THEOREM KakeyaFormal.SamplingLengthRealization.Output.full_positive AXIOMS [propext, Classical.choice, Quot.sound]
AUDIT_THEOREM KakeyaFormal.SamplingLengthRealization.Output.marked_positive AXIOMS [propext,
 Classical.choice,
 Quot.sound]
AUDIT_THEOREM KakeyaFormal.SamplingLengthRealization.Output.axes AXIOMS [propext, Classical.choice, Quot.sound]
AUDIT_DECLARATION KakeyaFormal.SamplingLengthRealization.Output.noConfusionType AXIOMS [propext,
 Classical.choice,
 Quot.sound]
AUDIT_DECLARATION KakeyaFormal.SamplingLengthRealization.Output._sizeOf_inst AXIOMS [propext,
 Classical.choice,
 Quot.sound]
AUDIT_THEOREM KakeyaFormal.SamplingLengthRealization.Output.admissible AXIOMS [propext, Classical.choice, Quot.sound]
AUDIT_DECLARATION KakeyaFormal.SamplingLengthRealization.Output.ctorIdx AXIOMS [propext, Classical.choice, Quot.sound]
AUDIT_THEOREM KakeyaFormal.SamplingLengthRealization.Output.separated AXIOMS [propext, Classical.choice, Quot.sound]
AUDIT_DECLARATION KakeyaFormal.SamplingLengthRealization.Output.family AXIOMS [propext, Classical.choice, Quot.sound]
AUDIT_THEOREM KakeyaFormal.SamplingLengthRealization.Output.support_and_marks AXIOMS [propext,
 Classical.choice,
 Quot.sound]
AUDIT_DECLARATION KakeyaFormal.SamplingLengthRealization.Output.mk._flat_ctor AXIOMS [propext,
 Classical.choice,
 Quot.sound]
AUDIT_THEOREM KakeyaFormal.SamplingLengthRealization.Output.depth_bound AXIOMS [propext, Classical.choice, Quot.sound]
AUDIT_THEOREM KakeyaFormal.SamplingLengthRealization.Output.relative_le_marked_expectation._simp_1_1 AXIOMS [propext]
AUDIT_DECLARATION KakeyaFormal.SamplingLengthRealization.Output.casesOn AXIOMS [propext, Classical.choice, Quot.sound]
AUDIT_DECLARATION KakeyaFormal.SamplingLengthRealization.Output.mk.noConfusion AXIOMS [propext,
 Classical.choice,
 Quot.sound]
AUDIT_THEOREM KakeyaFormal.SamplingLengthRealization.Output.density AXIOMS [propext, Classical.choice, Quot.sound]
AUDIT_THEOREM KakeyaFormal.SamplingLengthRealization.Output.cell_union_subset AXIOMS [propext,
 Classical.choice,
 Quot.sound]
AUDIT_DECLARATION KakeyaFormal.SamplingLengthRealization.Output.marks AXIOMS [propext, Classical.choice, Quot.sound]
AUDIT_THEOREM KakeyaFormal.SamplingLengthRealization.Output.good AXIOMS [propext, Classical.choice, Quot.sound]
AUDIT_DECLARATION KakeyaFormal.SamplingLengthRealization.Output.omega AXIOMS [propext, Classical.choice, Quot.sound]
AUDIT_THEOREM KakeyaFormal.SamplingLengthRealization.Output.relative_le_marked_expectation._simp_1_3 AXIOMS [propext]
AUDIT_THEOREM KakeyaFormal.SamplingLengthRealization.Output.closed_broadness AXIOMS [propext,
 Classical.choice,
 Quot.sound]
AUDIT_THEOREM KakeyaFormal.SamplingLengthRealization.Output.broadness AXIOMS [propext, Classical.choice, Quot.sound]
AUDIT_THEOREM KakeyaFormal.SamplingLengthRealization.Output.two_ends AXIOMS [propext, Classical.choice, Quot.sound]
AUDIT_THEOREM KakeyaFormal.SamplingLengthRealization.Output.longitudinal_count AXIOMS [propext,
 Classical.choice,
 Quot.sound]
AUDIT_THEOREM KakeyaFormal.SamplingLengthRealization.Output.marked_density AXIOMS [propext,
 Classical.choice,
 Quot.sound]
AUDIT_THEOREM KakeyaFormal.SamplingLengthRealization.realize AXIOMS [propext, Classical.choice, Quot.sound]
AUDIT_DECLARATION KakeyaFormal.SamplingLengthRealization.Output.recOn AXIOMS [propext, Classical.choice, Quot.sound]
AUDIT_DECLARATION KakeyaFormal.SamplingLengthRealization.Output.noConfusion AXIOMS [propext,
 Classical.choice,
 Quot.sound]
AUDIT_THEOREM KakeyaFormal.SamplingLengthRealization.Output.closed_broadness._simp_1_2 AXIOMS [propext,
 Classical.choice,
 Quot.sound]
AUDIT_THEOREM KakeyaFormal.SamplingLengthRealization.Output.relative_le_marked_expectation._simp_1_5 AXIOMS [propext]
AUDIT_THEOREM KakeyaFormal.SamplingLengthRealization.Output.bounded AXIOMS [propext, Classical.choice, Quot.sound]
AUDIT_DECLARATION KakeyaFormal.SamplingLengthRealization.Output.depth AXIOMS [propext, Classical.choice, Quot.sound]
AUDIT_THEOREM KakeyaFormal.SamplingLengthRealization.Output.mk.injEq AXIOMS [propext, Classical.choice, Quot.sound]
AUDIT_THEOREM KakeyaFormal.SamplingLengthRealization.Output.mk.sizeOf_spec AXIOMS [propext,
 Classical.choice,
 Quot.sound]
AUDIT_DECLARATION KakeyaFormal.SamplingLengthRealization.Output._sizeOf_1 AXIOMS [propext, Classical.choice, Quot.sound]
AUDIT_THEOREM KakeyaFormal.SamplingLengthRealization.construct AXIOMS [propext, Classical.choice, Quot.sound]
AUDIT_THEOREM KakeyaFormal.SamplingLengthRealization.Output.relative_le_marked_expectation AXIOMS [propext,
 Classical.choice,
 Quot.sound]
AUDIT_THEOREM KakeyaFormal.SamplingLengthRealization.Output.marked_mass AXIOMS [propext, Classical.choice, Quot.sound]
AUDIT_THEOREM KakeyaFormal.SamplingLengthRealization.Output.narrow AXIOMS [propext, Classical.choice, Quot.sound]
AUDIT_THEOREM KakeyaFormal.SamplingLengthRealization.Output.relative_le_marked_expectation._simp_1_4 AXIOMS [propext]
AUDIT_THEOREM KakeyaFormal.SamplingLengthRealization.Output.bottom AXIOMS [propext, Classical.choice, Quot.sound]
AUDIT_THEOREM KakeyaFormal.SamplingLengthRealization.Output.relative_le_marked_expectation._simp_1_7 AXIOMS [propext]
AUDIT_THEOREM KakeyaFormal.SamplingLengthRealization.Output.relative_le_marked_expectation._simp_1_2 AXIOMS [propext]
AUDIT_THEOREM KakeyaFormal.SamplingLengthRealization.Output.relative_le_marked_expectation._simp_1_6 AXIOMS [propext,
 Classical.choice,
 Quot.sound]
AUDIT_DECLARATION KakeyaFormal.SamplingLengthRealization.Output AXIOMS [propext, Classical.choice, Quot.sound]
AUDIT_THEOREM KakeyaFormal.SamplingLengthRealization.Output.mk.inj AXIOMS [propext, Classical.choice, Quot.sound]
AUDIT_DECLARATION KakeyaFormal.SamplingLengthRealization.Output.rec AXIOMS [propext, Classical.choice, Quot.sound]
AUDIT_THEOREM KakeyaFormal.SamplingLengthRealization.Output.marked_relative AXIOMS [propext,
 Classical.choice,
 Quot.sound]
AUDIT_THEOREM KakeyaFormal.SamplingLengthRealization.Output.bottom_upper AXIOMS [propext, Classical.choice, Quot.sound]
AUDIT_THEOREM KakeyaFormal.SamplingLengthRealization.Output.union_card AXIOMS [propext, Classical.choice, Quot.sound]
AUDIT_DECLARATION KakeyaFormal.SamplingLengthRealization.Output.mk AXIOMS [propext, Classical.choice, Quot.sound]
AUDIT_THEOREM KakeyaFormal.SamplingLengthRealization.Output.cap_bound AXIOMS [propext, Classical.choice, Quot.sound]
