AUDIT_DECLARATION KakeyaFormal.SamplingMeasurableAssembly.HighResult AXIOMS [propext, Classical.choice, Quot.sound]
AUDIT_THEOREM KakeyaFormal.SamplingMeasurableAssembly.HighResult._proof_1 AXIOMS [propext]
AUDIT_THEOREM KakeyaFormal.SamplingMeasurableAssembly.construct AXIOMS [propext, Classical.choice, Quot.sound]
AUDIT_DECLARATION KakeyaFormal.SamplingMeasurableAssembly.ballCutoff AXIOMS [propext, Classical.choice, Quot.sound]
AUDIT_THEOREM KakeyaFormal.SamplingMeasurableAssembly.gridConstant.eq_1 AXIOMS [propext, Classical.choice, Quot.sound]
AUDIT_DECLARATION KakeyaFormal.SamplingMeasurableAssembly.threshold AXIOMS [propext, Classical.choice, Quot.sound]
AUDIT_THEOREM KakeyaFormal.SamplingMeasurableAssembly.gridConstant_pos AXIOMS [propext, Classical.choice, Quot.sound]
AUDIT_THEOREM KakeyaFormal.SamplingMeasurableAssembly.highCoefficient._proof_2 AXIOMS [propext]
AUDIT_THEOREM KakeyaFormal.SamplingMeasurableAssembly.threshold_pos AXIOMS [propext, Classical.choice, Quot.sound]
AUDIT_THEOREM KakeyaFormal.SamplingMeasurableAssembly.threshold._proof_1 AXIOMS [propext]
AUDIT_THEOREM KakeyaFormal.SamplingMeasurableAssembly.gridConstant._proof_1 AXIOMS [propext]
AUDIT_THEOREM KakeyaFormal.SamplingMeasurableAssembly.highCoefficient.eq_1 AXIOMS [propext,
 Classical.choice,
 Quot.sound]
AUDIT_THEOREM KakeyaFormal.SamplingMeasurableAssembly.construct._simp_1_3 AXIOMS [propext, Classical.choice, Quot.sound]
AUDIT_THEOREM KakeyaFormal.SamplingMeasurableAssembly.highCoefficient._proof_1 AXIOMS [propext]
AUDIT_THEOREM KakeyaFormal.SamplingMeasurableAssembly.threshold.eq_1 AXIOMS [propext, Classical.choice, Quot.sound]
AUDIT_DECLARATION KakeyaFormal.SamplingMeasurableAssembly.highCoefficient AXIOMS [propext, Classical.choice, Quot.sound]
AUDIT_THEOREM KakeyaFormal.SamplingMeasurableAssembly.ballCutoff.eq_1 AXIOMS [propext, Classical.choice, Quot.sound]
AUDIT_DECLARATION KakeyaFormal.SamplingMeasurableAssembly.supportRadius AXIOMS [propext, Classical.choice, Quot.sound]
AUDIT_DECLARATION KakeyaFormal.SamplingMeasurableAssembly.gridConstant AXIOMS [propext, Classical.choice, Quot.sound]
AUDIT_THEOREM KakeyaFormal.SamplingMeasurableAssembly.supportRadius.eq_1 AXIOMS [propext, Classical.choice, Quot.sound]
