AUDIT_THEOREM KakeyaScalar.slopeLimit_bounds AXIOMS [propext, Classical.choice, Quot.sound]
AUDIT_THEOREM KakeyaScalar.pivotSet._proof_1 AXIOMS [propext]
AUDIT_THEOREM KakeyaScalar.pivotSet.eq_1 AXIOMS [propext, Classical.choice, Quot.sound]
AUDIT_THEOREM KakeyaScalar.weakened_bush_diagonal_domain AXIOMS [propext, Classical.choice, Quot.sound]
AUDIT_THEOREM KakeyaScalar.bush_diagonal_domain AXIOMS [propext, Classical.choice, Quot.sound]
AUDIT_THEOREM KakeyaScalar.density_envelope_bound AXIOMS [propext, Classical.choice, Quot.sound]
AUDIT_THEOREM KakeyaScalar.benchmark_fifteen AXIOMS [propext, Classical.choice, Quot.sound]
AUDIT_DECLARATION KakeyaScalar.diagonal._unsafe_rec AXIOMS [propext, Classical.choice, Quot.sound]
AUDIT_THEOREM KakeyaScalar.benchmark_twelve AXIOMS [propext, Classical.choice, Quot.sound]
AUDIT_THEOREM KakeyaScalar.benchmarkCandidate.eq_1 AXIOMS [propext, Classical.choice, Quot.sound]
AUDIT_THEOREM KakeyaScalar.benchmark_eleven AXIOMS [propext, Classical.choice, Quot.sound]
AUDIT_THEOREM KakeyaScalar.profile_composition AXIOMS [propext, Classical.choice, Quot.sound]
AUDIT_THEOREM KakeyaScalar.benchmark_comparison_signs AXIOMS [propext, Classical.choice, Quot.sound]
AUDIT_THEOREM KakeyaScalar.diagonal_eight_table AXIOMS [propext, Classical.choice, Quot.sound]
AUDIT_THEOREM KakeyaScalar.diagonal.eq_def AXIOMS [propext, Classical.choice, Quot.sound]
AUDIT_DECLARATION KakeyaScalar.slopeLimit AXIOMS [propext, Classical.choice, Quot.sound]
AUDIT_DECLARATION KakeyaScalar.slope._unsafe_rec AXIOMS [propext, Classical.choice, Quot.sound]
AUDIT_DECLARATION KakeyaScalar.diagonal AXIOMS [propext, Classical.choice, Quot.sound]
AUDIT_THEOREM _private.Scalar_AxiomAudit.0.KakeyaScalar.slope.match_1.eq_1 AXIOMS []
AUDIT_THEOREM KakeyaScalar.envelope_below_limit AXIOMS [propext, Classical.choice, Quot.sound]
AUDIT_THEOREM KakeyaScalar.profile_pivot AXIOMS [propext, Classical.choice, Quot.sound]
AUDIT_DECLARATION KakeyaScalar.benchmarkCorrect AXIOMS [propext, Classical.choice, Quot.sound]
AUDIT_THEOREM KakeyaScalar.slope_error_bound AXIOMS [propext, Classical.choice, Quot.sound]
AUDIT_THEOREM KakeyaScalar.conditional_real_cap_iteration AXIOMS [propext, Classical.choice, Quot.sound]
AUDIT_THEOREM KakeyaScalar.diagonal_closed_form AXIOMS [propext, Classical.choice, Quot.sound]
AUDIT_THEOREM KakeyaScalar.benchmark_five AXIOMS [propext, Classical.choice, Quot.sound]
AUDIT_DECLARATION KakeyaScalar.benchmarkCandidate AXIOMS [propext, Classical.choice, Quot.sound]
AUDIT_THEOREM _private.Scalar_AxiomAudit.0.KakeyaScalar.slope.match_1.eq_2 AXIOMS []
AUDIT_THEOREM KakeyaScalar.slope_bounds AXIOMS [propext, Classical.choice, Quot.sound]
AUDIT_DECLARATION KakeyaScalar.pivotSet AXIOMS [propext, Classical.choice, Quot.sound]
AUDIT_DECLARATION KakeyaScalar.diagonalLimit AXIOMS [propext, Classical.choice, Quot.sound]
AUDIT_THEOREM KakeyaScalar.pivotSet._proof_3 AXIOMS [propext]
AUDIT_DECLARATION KakeyaScalar.slope.match_1 AXIOMS []
AUDIT_THEOREM KakeyaScalar.pivotSet._proof_2 AXIOMS [propext]
AUDIT_THEOREM KakeyaScalar.diagonal.eq_2 AXIOMS [propext, Classical.choice, Quot.sound]
AUDIT_THEOREM KakeyaScalar.profile_seed AXIOMS [propext, Classical.choice, Quot.sound]
AUDIT_THEOREM KakeyaScalar.diagonal_six_table AXIOMS [propext, Classical.choice, Quot.sound]
AUDIT_THEOREM KakeyaScalar.diagonalLimit.eq_1 AXIOMS [propext, Classical.choice, Quot.sound]
AUDIT_THEOREM KakeyaScalar.wolff_substitution AXIOMS [propext, Classical.choice, Quot.sound]
AUDIT_THEOREM KakeyaScalar.dimension_five_envelope_is_four AXIOMS [propext, Classical.choice, Quot.sound]
AUDIT_THEOREM KakeyaScalar.slope_error_identity AXIOMS [propext, Classical.choice, Quot.sound]
AUDIT_THEOREM KakeyaScalar.sqrt_two_rational_bounds AXIOMS [propext, Classical.choice, Quot.sound]
AUDIT_THEOREM KakeyaScalar.benchmark_adjoint_conversion AXIOMS [propext, Classical.choice, Quot.sound]
AUDIT_THEOREM KakeyaScalar.pivotDensity.eq_1 AXIOMS [propext, Classical.choice, Quot.sound]
AUDIT_THEOREM KakeyaScalar.slope.eq_1 AXIOMS [propext, Classical.choice, Quot.sound]
AUDIT_THEOREM KakeyaScalar.benchmark_seven AXIOMS [propext, Classical.choice, Quot.sound]
AUDIT_DECLARATION KakeyaScalar.diagonal._sunfold AXIOMS [propext, Classical.choice, Quot.sound]
AUDIT_DECLARATION KakeyaScalar.slope._f AXIOMS [propext, Classical.choice, Quot.sound]
AUDIT_THEOREM KakeyaScalar.benchmark_thirteen AXIOMS [propext, Classical.choice, Quot.sound]
AUDIT_THEOREM KakeyaScalar.wolff_diagonal_six_domain AXIOMS [propext, Classical.choice, Quot.sound]
AUDIT_THEOREM KakeyaScalar.pivot_set_domain AXIOMS [propext, Classical.choice, Quot.sound]
AUDIT_THEOREM KakeyaScalar.dimension_eight_limit AXIOMS [propext, Classical.choice, Quot.sound]
AUDIT_DECLARATION KakeyaScalar.limitProfile AXIOMS [propext, Classical.choice, Quot.sound]
AUDIT_DECLARATION KakeyaScalar.envelope AXIOMS [propext, Classical.choice, Quot.sound]
AUDIT_DECLARATION KakeyaScalar.profile AXIOMS [propext, Classical.choice, Quot.sound]
AUDIT_THEOREM KakeyaScalar.benchmark_ten AXIOMS [propext, Classical.choice, Quot.sound]
AUDIT_THEOREM KakeyaScalar.bush_substitution AXIOMS [propext, Classical.choice, Quot.sound]
AUDIT_THEOREM KakeyaScalar.dimension_six_first_values AXIOMS [propext, Classical.choice, Quot.sound]
AUDIT_THEOREM KakeyaScalar.diagonalLimit._proof_1 AXIOMS [propext]
AUDIT_THEOREM KakeyaScalar.limiting_density_comparison AXIOMS [propext, Classical.choice, Quot.sound]
AUDIT_THEOREM KakeyaScalar.diagonal_monotone_and_bounds AXIOMS [propext, Classical.choice, Quot.sound]
AUDIT_THEOREM KakeyaScalar.profile_density_closure AXIOMS [propext, Classical.choice, Quot.sound]
AUDIT_THEOREM KakeyaScalar.profile_tendsto AXIOMS [propext, Classical.choice, Quot.sound]
AUDIT_THEOREM KakeyaScalar.slopeLimit_fixed AXIOMS [propext, Classical.choice, Quot.sound]
AUDIT_THEOREM KakeyaScalar.six_model_constants AXIOMS [propext, Classical.choice, Quot.sound]
AUDIT_THEOREM KakeyaScalar.benchmark_six AXIOMS [propext, Classical.choice, Quot.sound]
AUDIT_THEOREM KakeyaScalar.wolff_diagonal_eight_domain AXIOMS [propext, Classical.choice, Quot.sound]
AUDIT_DECLARATION KakeyaScalar.slope._sunfold AXIOMS [propext, Classical.choice, Quot.sound]
AUDIT_DECLARATION KakeyaScalar.diagonal._f AXIOMS [propext, Classical.choice, Quot.sound]
AUDIT_THEOREM KakeyaScalar.six_conditioning_and_angular_constants AXIOMS [propext, Classical.choice, Quot.sound]
AUDIT_THEOREM KakeyaScalar.diagonal.eq_1 AXIOMS [propext, Classical.choice, Quot.sound]
AUDIT_THEOREM KakeyaScalar.limit_diagonal_for_n_ge_six AXIOMS [propext, Classical.choice, Quot.sound]
AUDIT_THEOREM KakeyaScalar.profile_domain AXIOMS [propext, Classical.choice, Quot.sound]
AUDIT_THEOREM KakeyaScalar.slope_strictMono AXIOMS [propext, Classical.choice, Quot.sound]
AUDIT_THEOREM KakeyaScalar.bush_improvement_threshold AXIOMS [propext, Classical.choice, Quot.sound]
AUDIT_THEOREM KakeyaScalar.diagonal._proof_1 AXIOMS [propext]
AUDIT_THEOREM KakeyaScalar.slope_first_values AXIOMS [propext, Classical.choice, Quot.sound]
AUDIT_THEOREM KakeyaScalar.diagonal_tendsto AXIOMS [propext, Classical.choice, Quot.sound]
AUDIT_THEOREM KakeyaScalar.weakened_bush_substitution AXIOMS [propext, Classical.choice, Quot.sound]
AUDIT_THEOREM KakeyaScalar.profile_below_limit AXIOMS [propext, Classical.choice, Quot.sound]
AUDIT_THEOREM KakeyaScalar.slope.eq_def AXIOMS [propext, Classical.choice, Quot.sound]
AUDIT_THEOREM KakeyaScalar.diagonal_tendsto._simp_1_1 AXIOMS [propext, Classical.choice, Quot.sound]
AUDIT_THEOREM KakeyaScalar.benchmark_eight AXIOMS [propext, Classical.choice, Quot.sound]
AUDIT_THEOREM KakeyaScalar.diagonal_envelope_obstruction AXIOMS [propext, Classical.choice, Quot.sound]
AUDIT_THEOREM KakeyaScalar.slope.eq_2 AXIOMS [propext, Classical.choice, Quot.sound]
AUDIT_THEOREM KakeyaScalar.slope_step_strict AXIOMS [propext, Classical.choice, Quot.sound]
AUDIT_THEOREM KakeyaScalar.slope_tendsto AXIOMS [propext, Classical.choice, Quot.sound]
AUDIT_DECLARATION _private.Scalar_AxiomAudit.0.KakeyaScalar.slope.match_1.splitter AXIOMS []
AUDIT_THEOREM KakeyaScalar.dimension_six_limit AXIOMS [propext, Classical.choice, Quot.sound]
AUDIT_DECLARATION KakeyaScalar.pivotDensity AXIOMS [propext, Classical.choice, Quot.sound]
AUDIT_DECLARATION KakeyaScalar.slope AXIOMS [propext, Classical.choice, Quot.sound]
AUDIT_THEOREM KakeyaScalar.profile.eq_1 AXIOMS [propext, Classical.choice, Quot.sound]
AUDIT_THEOREM KakeyaScalar.benchmark_nine AXIOMS [propext, Classical.choice, Quot.sound]
AUDIT_THEOREM KakeyaScalar.benchmark_fourteen AXIOMS [propext, Classical.choice, Quot.sound]
AUDIT_THEOREM KakeyaScalar.dimension_eight_first_values AXIOMS [propext, Classical.choice, Quot.sound]
