AUDIT_THEOREM KakeyaFormal.SelectedOutputDensity.rho_upper AXIOMS [propext, Classical.choice, Quot.sound]
AUDIT_THEOREM KakeyaFormal.SelectedOutputDensity.output_card_pos AXIOMS [propext, Classical.choice, Quot.sound]
AUDIT_THEOREM KakeyaFormal.SelectedOutputDensity.rho_lower._simp_1_6 AXIOMS [propext, Classical.choice, Quot.sound]
AUDIT_THEOREM KakeyaFormal.SelectedOutputDensity.rho_lower._simp_1_2 AXIOMS [propext]
AUDIT_THEOREM KakeyaFormal.SelectedOutputDensity.rho_lower._simp_1_7 AXIOMS [propext]
AUDIT_THEOREM KakeyaFormal.SelectedOutputDensity.rho_upper._simp_1_5 AXIOMS [propext]
AUDIT_THEOREM KakeyaFormal.SelectedOutputDensity.rho_lower._simp_1_4 AXIOMS [propext]
AUDIT_THEOREM KakeyaFormal.SelectedOutputDensity.rho_upper._simp_1_3 AXIOMS [propext]
AUDIT_THEOREM KakeyaFormal.SelectedOutputDensity.rho_upper._simp_1_9 AXIOMS [propext]
AUDIT_THEOREM KakeyaFormal.SelectedOutputDensity.rho_upper._simp_1_8 AXIOMS [propext, Classical.choice, Quot.sound]
AUDIT_THEOREM KakeyaFormal.SelectedOutputDensity.lowerCoefficient._proof_1 AXIOMS [propext]
AUDIT_THEOREM KakeyaFormal.SelectedOutputDensity.rho._proof_1 AXIOMS [propext]
AUDIT_THEOREM KakeyaFormal.SelectedOutputDensity.rho_pos AXIOMS [propext, Classical.choice, Quot.sound]
AUDIT_THEOREM KakeyaFormal.SelectedOutputDensity.rho_lower AXIOMS [propext, Classical.choice, Quot.sound]
AUDIT_THEOREM KakeyaFormal.SelectedOutputDensity.rho_lower._simp_1_1 AXIOMS [propext]
AUDIT_THEOREM KakeyaFormal.SelectedOutputDensity.lowerCoefficient_pos AXIOMS [propext, Classical.choice, Quot.sound]
AUDIT_THEOREM KakeyaFormal.SelectedOutputDensity.shading_card_le AXIOMS [propext, Classical.choice, Quot.sound]
AUDIT_THEOREM KakeyaFormal.ActualLabelSelection.Selection.congr_simp AXIOMS [propext, Classical.choice, Quot.sound]
AUDIT_DECLARATION KakeyaFormal.SelectedOutputDensity.lowerCoefficient AXIOMS [propext, Classical.choice, Quot.sound]
AUDIT_THEOREM KakeyaFormal.SelectedOutputDensity.rho_lower._simp_1_3 AXIOMS [propext]
AUDIT_THEOREM KakeyaFormal.SelectedOutputDensity.rho_upper._simp_1_6 AXIOMS [propext]
AUDIT_THEOREM KakeyaFormal.SelectedOutputDensity.rho_upper._simp_1_7 AXIOMS [propext]
AUDIT_THEOREM KakeyaFormal.SelectedOutputDensity.rho_upper._simp_1_4 AXIOMS [propext]
AUDIT_THEOREM KakeyaFormal.SelectedOutputDensity.rho_lower._simp_1_5 AXIOMS [propext]
AUDIT_DECLARATION KakeyaFormal.SelectedOutputDensity.rho AXIOMS [propext, Classical.choice, Quot.sound]
