'KakeyaFormal.SelectedFiberLift.endpoint_recovery' depends on axioms: [propext, Classical.choice, Quot.sound]
'KakeyaFormal.SelectedFiberLift.recovery_difference' depends on axioms: [propext, Classical.choice, Quot.sound]
'KakeyaFormal.SelectedFiberLift.liftedPoint_on_graph' depends on axioms: [propext, Classical.choice, Quot.sound]
'KakeyaFormal.SelectedFiberLift.same_lift_first_gap' depends on axioms: [propext, Classical.choice, Quot.sound]
'KakeyaFormal.SelectedFiberLift.single_lift_cell_count' depends on axioms: [propext, Classical.choice, Quot.sound]
'KakeyaFormal.SelectedFiberLift.lifted_cell_multiplicity' depends on axioms: [propext, Classical.choice, Quot.sound]
'KakeyaFormal.SelectedFiberLift.lifted_population' depends on axioms: [propext, Classical.choice, Quot.sound]
AUDIT_THEOREM KakeyaFormal.SelectedFiberLift.projected_label_count AXIOMS [propext, Classical.choice, Quot.sound]
AUDIT_THEOREM KakeyaFormal.SelectedFiberLift.single_lift_cell_count AXIOMS [propext, Classical.choice, Quot.sound]
AUDIT_THEOREM KakeyaFormal.SelectedFiberLift.same_lift_second_gap AXIOMS [propext, Classical.choice, Quot.sound]
AUDIT_DECLARATION KakeyaFormal.SelectedFiberLift.liftedCells AXIOMS [propext, Classical.choice, Quot.sound]
AUDIT_THEOREM KakeyaFormal.SelectedFiberLift.endpoint_recovery._simp_1_4 AXIOMS [propext]
AUDIT_THEOREM KakeyaFormal.SelectedFiberLift.endpoint_recovery._simp_1_7 AXIOMS [propext]
AUDIT_THEOREM KakeyaFormal.SelectedFiberLift.endpoint_recovery._simp_1_2 AXIOMS [propext]
AUDIT_THEOREM KakeyaFormal.SelectedFiberLift.endpoint_recovery._simp_1_6 AXIOMS [propext, Classical.choice, Quot.sound]
AUDIT_THEOREM KakeyaFormal.SelectedFiberLift.multiplicityConstant._proof_3 AXIOMS [propext]
AUDIT_THEOREM KakeyaFormal.SelectedFiberLift.multiplicityConstant._proof_2 AXIOMS [propext]
AUDIT_THEOREM KakeyaFormal.SelectedFiberLift.multiplicityConstant_pos AXIOMS [propext, Classical.choice, Quot.sound]
AUDIT_THEOREM KakeyaFormal.SelectedFiberLift.endpoint_recovery._simp_1_5 AXIOMS [propext]
AUDIT_THEOREM KakeyaFormal.SelectedFiberLift.lifted_cell_multiplicity AXIOMS [propext, Classical.choice, Quot.sound]
AUDIT_THEOREM KakeyaFormal.SelectedFiberLift.same_lift_first_gap AXIOMS [propext, Classical.choice, Quot.sound]
AUDIT_THEOREM KakeyaFormal.SelectedFiberLift.liftedCell_graph_incidence AXIOMS [propext, Classical.choice, Quot.sound]
AUDIT_DECLARATION KakeyaFormal.SelectedFiberLift.multiplicityConstant AXIOMS [propext, Classical.choice, Quot.sound]
AUDIT_THEOREM KakeyaFormal.SelectedFiberLift.liftedPoint.eq_1 AXIOMS [propext, Classical.choice, Quot.sound]
AUDIT_THEOREM KakeyaFormal.SelectedFiberLift.endpoint_recovery._simp_1_1 AXIOMS [propext]
AUDIT_DECLARATION KakeyaFormal.SelectedFiberLift.liftedCell AXIOMS [propext, Classical.choice, Quot.sound]
AUDIT_THEOREM KakeyaFormal.SelectedFiberLift.recovery_difference AXIOMS [propext, Classical.choice, Quot.sound]
AUDIT_THEOREM KakeyaFormal.SelectedFiberLift.liftedPoint_on_graph AXIOMS [propext, Classical.choice, Quot.sound]
AUDIT_THEOREM KakeyaFormal.SelectedFiberLift.endpoint_recovery._simp_1_3 AXIOMS [propext]
AUDIT_THEOREM KakeyaFormal.SelectedFiberLift.multiplicityConstant._proof_4 AXIOMS [propext]
AUDIT_THEOREM KakeyaFormal.SelectedFiberLift.multiplicityConstant._proof_1 AXIOMS [propext]
AUDIT_THEOREM KakeyaFormal.SelectedFiberLift.lifted_population AXIOMS [propext, Classical.choice, Quot.sound]
AUDIT_THEOREM KakeyaFormal.SelectedFiberLift.endpoint_recovery AXIOMS [propext, Classical.choice, Quot.sound]
AUDIT_DECLARATION KakeyaFormal.SelectedFiberLift.liftedPoint AXIOMS [propext, Classical.choice, Quot.sound]
