'KakeyaFormal.SelectedSlabGeometry.common_color_separation' depends on axioms: [propext, Classical.choice, Quot.sound]
'KakeyaFormal.SelectedSlabGeometry.common_color_count' depends on axioms: [propext, Classical.choice, Quot.sound]
'KakeyaFormal.SelectedSlabGeometry.cap_coefficient_ge_one' depends on axioms: [propext, Classical.choice, Quot.sound]
'KakeyaFormal.SelectedSlabGeometry.selected_group_geometry' depends on axioms: [propext, Classical.choice, Quot.sound]
AUDIT_DECLARATION KakeyaFormal.SelectedSlabGeometry.colorModulus AXIOMS [propext, Classical.choice, Quot.sound]
AUDIT_DECLARATION KakeyaFormal.SelectedSlabGeometry.geometry AXIOMS [propext, Classical.choice, Quot.sound]
AUDIT_THEOREM KakeyaFormal.SelectedSlabGeometry.common_color_separation AXIOMS [propext, Classical.choice, Quot.sound]
AUDIT_THEOREM KakeyaFormal.Normalization.mk.congr_simp AXIOMS [propext, Classical.choice, Quot.sound]
AUDIT_THEOREM KakeyaFormal.SelectedSlabGeometry.cap_coefficient_ge_one AXIOMS [propext, Classical.choice, Quot.sound]
AUDIT_THEOREM KakeyaFormal.SelectedSlabGeometry.common_color_count AXIOMS [propext, Classical.choice, Quot.sound]
AUDIT_THEOREM KakeyaFormal.SelectedSlabGeometry.colorModulus._proof_1 AXIOMS [propext]
AUDIT_THEOREM KakeyaFormal.SelectedSlabGeometry.geometry._proof_5 AXIOMS [propext, Classical.choice, Quot.sound]
AUDIT_THEOREM KakeyaFormal.SelectedSlabGeometry.geometry._proof_3 AXIOMS [propext]
AUDIT_THEOREM KakeyaFormal.SelectedSlabGeometry.geometry._proof_2 AXIOMS [propext]
AUDIT_THEOREM KakeyaFormal.SelectedSlabGeometry.color_modulus_bounds AXIOMS [propext, Classical.choice, Quot.sound]
AUDIT_THEOREM KakeyaFormal.SelectedSlabGeometry.geometry.eq_1 AXIOMS [propext, Classical.choice, Quot.sound]
AUDIT_THEOREM KakeyaFormal.SelectedSlabGeometry.geometry._proof_4 AXIOMS [propext, Classical.choice, Quot.sound]
AUDIT_THEOREM KakeyaFormal.SelectedSlabGeometry.geometry._proof_1 AXIOMS [propext]
AUDIT_DECLARATION KakeyaFormal.SelectedSlabGeometry.residueColor AXIOMS [propext, Classical.choice, Quot.sound]
AUDIT_DECLARATION KakeyaFormal.SelectedSlabGeometry.capCoefficient AXIOMS [propext, Classical.choice, Quot.sound]
AUDIT_THEOREM KakeyaFormal.SelectedSlabGeometry.capCoefficient._proof_1 AXIOMS [propext]
AUDIT_THEOREM KakeyaFormal.SelectedSlabGeometry.selected_group_geometry AXIOMS [propext, Classical.choice, Quot.sound]
AUDIT_THEOREM KakeyaFormal.SelectedSlabGeometry.geometry._proof_6 AXIOMS [propext, Classical.choice, Quot.sound]
