'KakeyaFormal.SeparationColoring.full_separation_partition' depends on axioms: [propext, Classical.choice, Quot.sound]
AUDIT_THEOREM KakeyaFormal.SeparationColoring.classFamily_admissible AXIOMS [propext, Classical.choice, Quot.sound]
AUDIT_DECLARATION KakeyaFormal.SeparationColoring.Conflict AXIOMS [propext, Classical.choice, Quot.sound]
AUDIT_THEOREM KakeyaFormal.SeparationColoring.classFamilies_weight_sum AXIOMS [propext, Classical.choice, Quot.sound]
AUDIT_DECLARATION KakeyaFormal.SeparationColoring.clippedSeparation AXIOMS [propext, Classical.choice, Quot.sound]
AUDIT_DECLARATION KakeyaFormal.SeparationColoring.classIndex AXIOMS [propext, Classical.choice, Quot.sound]
AUDIT_THEOREM KakeyaFormal.SeparationColoring.full_separation_partition AXIOMS [propext, Classical.choice, Quot.sound]
AUDIT_THEOREM KakeyaFormal.SeparationColoring.conflict_degree_lt AXIOMS [propext, Classical.choice, Quot.sound]
AUDIT_THEOREM KakeyaFormal.SeparationColoring.colorClasses_cover._simp_1_1 AXIOMS [propext,
 Classical.choice,
 Quot.sound]
AUDIT_THEOREM KakeyaFormal.SeparationColoring.classIndex_weight_sum AXIOMS [propext, Classical.choice, Quot.sound]
AUDIT_THEOREM KakeyaFormal.SeparationColoring.classIndex_color AXIOMS [propext, Classical.choice, Quot.sound]
AUDIT_THEOREM KakeyaFormal.SeparationColoring.full_separation_coloring AXIOMS [propext, Classical.choice, Quot.sound]
AUDIT_DECLARATION KakeyaFormal.SeparationColoring.colorClass AXIOMS [propext, Classical.choice, Quot.sound]
AUDIT_THEOREM KakeyaFormal.SeparationColoring.clippedSeparation_pos AXIOMS [propext, Classical.choice, Quot.sound]
AUDIT_THEOREM KakeyaFormal.SeparationColoring.classIndex.eq_1 AXIOMS [propext, Classical.choice, Quot.sound]
AUDIT_THEOREM KakeyaFormal.SeparationColoring.finite_greedy_coloring._proof_1_1 AXIOMS [propext,
 Classical.choice,
 Quot.sound]
AUDIT_THEOREM KakeyaFormal.SeparationColoring.colorClasses_disjoint AXIOMS [propext, Classical.choice, Quot.sound]
AUDIT_THEOREM KakeyaFormal.SeparationColoring.classFamily_cap_bound AXIOMS [propext, Classical.choice, Quot.sound]
AUDIT_THEOREM KakeyaFormal.SeparationColoring.classFamily_separated AXIOMS [propext, Classical.choice, Quot.sound]
AUDIT_THEOREM KakeyaFormal.SeparationColoring.paletteSize_bound AXIOMS [propext, Classical.choice, Quot.sound]
AUDIT_THEOREM KakeyaFormal.SeparationColoring.paletteSize_pos AXIOMS [propext, Classical.choice, Quot.sound]
AUDIT_THEOREM KakeyaFormal.SeparationColoring.classIndex_covers AXIOMS [propext, Classical.choice, Quot.sound]
AUDIT_THEOREM KakeyaFormal.SeparationColoring.conflict_population_bound AXIOMS [propext, Classical.choice, Quot.sound]
AUDIT_THEOREM KakeyaFormal.SeparationColoring.classFamilies_union AXIOMS [propext, Classical.choice, Quot.sound]
AUDIT_THEOREM KakeyaFormal.SeparationColoring.color_weight_sum AXIOMS [propext, Classical.choice, Quot.sound]
AUDIT_THEOREM KakeyaFormal.SeparationColoring.classIndex_injective AXIOMS [propext, Classical.choice, Quot.sound]
AUDIT_THEOREM KakeyaFormal.SeparationColoring.colorClass.eq_1 AXIOMS [propext, Classical.choice, Quot.sound]
AUDIT_THEOREM KakeyaFormal.SeparationColoring.conflict_irreflexive AXIOMS [propext, Classical.choice, Quot.sound]
AUDIT_DECLARATION KakeyaFormal.SeparationColoring.instDecidable_separationColoring_AxiomAudit AXIOMS [propext,
 Classical.choice,
 Quot.sound]
AUDIT_DECLARATION KakeyaFormal.SeparationColoring.paletteSize AXIOMS [propext, Classical.choice, Quot.sound]
AUDIT_THEOREM KakeyaFormal.SeparationColoring.colorClasses_cover AXIOMS [propext, Classical.choice, Quot.sound]
AUDIT_THEOREM KakeyaFormal.SeparationColoring.finite_greedy_coloring AXIOMS [propext, Classical.choice, Quot.sound]
AUDIT_THEOREM KakeyaFormal.SeparationColoring.colorClasses_cover._simp_1_2 AXIOMS [propext,
 Classical.choice,
 Quot.sound]
AUDIT_DECLARATION KakeyaFormal.SeparationColoring.neighborBound AXIOMS [propext, Classical.choice, Quot.sound]
AUDIT_DECLARATION KakeyaFormal.SeparationColoring.classFamily AXIOMS [propext, Classical.choice, Quot.sound]
AUDIT_THEOREM KakeyaFormal.SeparationColoring.mem_colorClass AXIOMS [propext, Classical.choice, Quot.sound]
AUDIT_THEOREM KakeyaFormal.SeparationColoring.conflict_symmetric AXIOMS [propext, Classical.choice, Quot.sound]
