AUDIT_THEOREM KakeyaFormal.SphereCapMeasure.tubeUpperConstant_pos AXIOMS [propext, Classical.choice, Quot.sound]
AUDIT_THEOREM KakeyaFormal.SphereCapMeasure.indexed_cover_upper AXIOMS [propext, Classical.choice, Quot.sound]
AUDIT_DECLARATION KakeyaFormal.SphereCapMeasure.capConstant AXIOMS [propext, Classical.choice, Quot.sound]
AUDIT_THEOREM KakeyaFormal.SphereCapMeasure.projective_cap_upper._simp_1_1 AXIOMS [propext,
 Classical.choice,
 Quot.sound]
AUDIT_DECLARATION KakeyaFormal.SphereCapMeasure.tubeUpperConstant AXIOMS [propext, Classical.choice, Quot.sound]
AUDIT_THEOREM KakeyaFormal.SphereCapMeasure.projectiveCap_measurable AXIOMS [propext, Classical.choice, Quot.sound]
AUDIT_THEOREM KakeyaFormal.SphereCapMeasure.sphere_finite AXIOMS [propext, Classical.choice, Quot.sound]
AUDIT_DECLARATION KakeyaFormal.SphereCapMeasure.projectiveCap AXIOMS [propext, Classical.choice, Quot.sound]
AUDIT_THEOREM KakeyaFormal.SphereCapMeasure.sphere_cone_volume AXIOMS [propext, Classical.choice, Quot.sound]
AUDIT_THEOREM KakeyaFormal.KakeyaOperator.sphereMeasure.eq_1 AXIOMS [propext, Classical.choice, Quot.sound]
AUDIT_THEOREM KakeyaFormal.SphereCapMeasure.chordCap_measurable AXIOMS [propext, Classical.choice, Quot.sound]
AUDIT_THEOREM KakeyaFormal.SphereCapMeasure.cone_subset_tube AXIOMS [propext, Classical.choice, Quot.sound]
AUDIT_THEOREM KakeyaFormal.SphereCapMeasure.capConstant_pos AXIOMS [propext, Classical.choice, Quot.sound]
AUDIT_THEOREM KakeyaFormal.SphereCapMeasure.indexed_cover_upper_ennreal AXIOMS [propext, Classical.choice, Quot.sound]
AUDIT_THEOREM KakeyaFormal.SphereCapMeasure.chordCap.eq_1 AXIOMS [propext, Classical.choice, Quot.sound]
AUDIT_THEOREM KakeyaFormal.SphereCapMeasure.tubeUpperConstant._proof_2 AXIOMS [propext]
AUDIT_THEOREM KakeyaFormal.SphereCapMeasure.finite_cover_upper AXIOMS [propext, Classical.choice, Quot.sound]
AUDIT_THEOREM KakeyaFormal.SphereCapMeasure.scale_power AXIOMS [propext, Classical.choice, Quot.sound]
AUDIT_DECLARATION KakeyaFormal.SphereCapMeasure.radialCone AXIOMS [propext, Classical.choice, Quot.sound]
AUDIT_THEOREM KakeyaFormal.SphereCapMeasure.projectiveCap_subset AXIOMS [propext, Classical.choice, Quot.sound]
AUDIT_THEOREM KakeyaFormal.SphereCapMeasure.projective_continuous AXIOMS [propext, Classical.choice, Quot.sound]
AUDIT_THEOREM KakeyaFormal.SphereCapMeasure.tubeUpperConstant._proof_1 AXIOMS [propext]
AUDIT_THEOREM KakeyaFormal.SphereCapMeasure.chord_cap_upper AXIOMS [propext, Classical.choice, Quot.sound]
AUDIT_THEOREM KakeyaFormal.SphereCapMeasure.projective_cap_upper AXIOMS [propext, Classical.choice, Quot.sound]
AUDIT_THEOREM KakeyaFormal.SphereCapMeasure.radialCone.eq_1 AXIOMS [propext, Classical.choice, Quot.sound]
AUDIT_DECLARATION KakeyaFormal.SphereCapMeasure.chordCap AXIOMS [propext, Classical.choice, Quot.sound]
