'KakeyaFormal.ThickCircle.plane_bin_direction_count' depends on axioms: [propext, Classical.choice, Quot.sound]
AUDIT_THEOREM KakeyaFormal.ThickCircle.indexed_thick_circle_count AXIOMS [propext, Classical.choice, Quot.sound]
AUDIT_THEOREM KakeyaFormal.ThickCircle.planeChart._proof_2 AXIOMS [propext]
AUDIT_THEOREM KakeyaFormal.ThickCircle.circleConstant._proof_3 AXIOMS [propext]
AUDIT_THEOREM KakeyaFormal.ThickCircle.circleConstant._proof_2 AXIOMS [propext]
AUDIT_THEOREM KakeyaFormal.ThickCircle.normalTail_straightenPlane AXIOMS [propext, Classical.choice, Quot.sound]
AUDIT_THEOREM KakeyaFormal.ThickCircle.thick_chart_count_real._simp_1_7 AXIOMS [propext]
AUDIT_THEOREM KakeyaFormal.ThickCircle.thick_chart_count_real._simp_1_2 AXIOMS [propext]
AUDIT_THEOREM KakeyaFormal.ThickCircle.thick_chart_count_real._simp_1_4 AXIOMS [propext]
AUDIT_THEOREM KakeyaFormal.ThickCircle.thick_chart_count_real._simp_1_6 AXIOMS [propext, Classical.choice, Quot.sound]
AUDIT_THEOREM KakeyaFormal.ThickCircle.plane_bin_direction_count AXIOMS [propext, Classical.choice, Quot.sound]
AUDIT_THEOREM KakeyaFormal.ThickCircle.planeChart_normalTail AXIOMS [propext, Classical.choice, Quot.sound]
AUDIT_THEOREM KakeyaFormal.ThickCircle.planeChart.eq_1 AXIOMS [propext, Classical.choice, Quot.sound]
AUDIT_THEOREM KakeyaFormal.ThickCircle.planeChart._proof_1 AXIOMS [propext]
AUDIT_THEOREM KakeyaFormal.ThickCircle.straightenPlane.eq_1 AXIOMS [propext, Classical.choice, Quot.sound]
AUDIT_THEOREM KakeyaFormal.ThickCircle.planeChart_dist AXIOMS [propext, Classical.choice, Quot.sound]
AUDIT_THEOREM KakeyaFormal.ThickCircle.thick_chart_count_real._simp_1_5 AXIOMS [propext]
AUDIT_THEOREM KakeyaFormal.ThickCircle.straightenPlane._proof_1 AXIOMS [propext, Classical.choice, Quot.sound]
AUDIT_THEOREM KakeyaFormal.ThickCircle.planeChart_norm AXIOMS [propext, Classical.choice, Quot.sound]
AUDIT_DECLARATION KakeyaFormal.ThickCircle.thinBox AXIOMS [propext, Classical.choice, Quot.sound]
AUDIT_THEOREM KakeyaFormal.ThickCircle.assigned_direction_thin AXIOMS [propext, Classical.choice, Quot.sound]
AUDIT_DECLARATION KakeyaFormal.ThickCircle.straightenPlane AXIOMS [propext, Classical.choice, Quot.sound]
AUDIT_THEOREM KakeyaFormal.ProjectiveGeometry.chartBin.eq_1 AXIOMS [propext, Classical.choice, Quot.sound]
AUDIT_THEOREM KakeyaFormal.ThickCircle.thick_chart_count_real._simp_1_1 AXIOMS [propext]
AUDIT_THEOREM KakeyaFormal.ThickCircle.projective_thick_circle_count AXIOMS [propext, Classical.choice, Quot.sound]
AUDIT_DECLARATION KakeyaFormal.ThickCircle.planeChart AXIOMS [propext, Classical.choice, Quot.sound]
AUDIT_THEOREM KakeyaFormal.ThickCircle.thick_chart_count_real._simp_1_3 AXIOMS [propext]
AUDIT_THEOREM KakeyaFormal.ThickCircle.planeChart_injective AXIOMS [propext, Classical.choice, Quot.sound]
AUDIT_THEOREM KakeyaFormal.ThickCircle.thinBox_card AXIOMS [propext, Classical.choice, Quot.sound]
AUDIT_THEOREM KakeyaFormal.ThickCircle.thinBox_card._proof_1_3 AXIOMS [propext, Classical.choice, Quot.sound]
AUDIT_THEOREM KakeyaFormal.ThickCircle.thinBox_card._proof_1_2 AXIOMS [propext, Quot.sound]
AUDIT_THEOREM KakeyaFormal.ThickCircle.planeChart_projective AXIOMS [propext, Classical.choice, Quot.sound]
AUDIT_THEOREM KakeyaFormal.ThickCircle.thick_chart_count AXIOMS [propext, Classical.choice, Quot.sound]
AUDIT_DECLARATION KakeyaFormal.ThickCircle.normalTail AXIOMS [propext, Classical.choice, Quot.sound]
AUDIT_THEOREM KakeyaFormal.ThickCircle.circleConstant.eq_1 AXIOMS [propext, Classical.choice, Quot.sound]
AUDIT_THEOREM KakeyaFormal.ThickCircle.thick_chart_count_real AXIOMS [propext, Classical.choice, Quot.sound]
AUDIT_THEOREM KakeyaFormal.ThickCircle.thick_chart_count._simp_1_2 AXIOMS [propext, Classical.choice, Quot.sound]
AUDIT_THEOREM KakeyaFormal.ThickCircle.circleConstant._proof_1 AXIOMS [propext]
AUDIT_THEOREM KakeyaFormal.ThickCircle.unit_in_plane_chart AXIOMS [propext, Classical.choice, Quot.sound]
AUDIT_THEOREM KakeyaFormal.ThickCircle.planeChart_normalTail._proof_1_1 AXIOMS [propext, Quot.sound]
AUDIT_THEOREM KakeyaFormal.ThickCircle.spherical_thick_circle_count AXIOMS [propext, Classical.choice, Quot.sound]
AUDIT_THEOREM KakeyaFormal.ThickCircle.normalTail.eq_1 AXIOMS [propext, Classical.choice, Quot.sound]
AUDIT_THEOREM KakeyaFormal.ThickCircle.normalTail_nearRepresentative AXIOMS [propext, Classical.choice, Quot.sound]
AUDIT_DECLARATION KakeyaFormal.ThickCircle.circleConstant AXIOMS [propext, Classical.choice, Quot.sound]
AUDIT_THEOREM KakeyaFormal.ThickCircle.thinBox.eq_1 AXIOMS [propext, Classical.choice, Quot.sound]
