'KakeyaAudit.TubeGeometry.legal_pivot_mem_openSegment' depends on axioms: [propext, Classical.choice, Quot.sound]
'KakeyaAudit.TubeGeometry.normalized_perturbed_lift_range' depends on axioms: [propext, Classical.choice, Quot.sound]
'KakeyaAudit.TubeGeometry.rounded_triple_parameter_bound' depends on axioms: [propext, Classical.choice, Quot.sound]
'KakeyaAudit.TubeGeometry.projected_tube_parameter_bound' depends on axioms: [propext, Classical.choice, Quot.sound]
'KakeyaAudit.TubeGeometry.legal_pivot_stem_separation' depends on axioms: [propext, Classical.choice, Quot.sound]
AUDIT_THEOREM KakeyaAudit.TubeGeometry.transverse_norm_le AXIOMS [propext, Classical.choice, Quot.sound]
AUDIT_THEOREM KakeyaAudit.TubeGeometry.separation_after_rounding._abel_1_1 AXIOMS [propext,
 Classical.choice,
 Quot.sound]
AUDIT_THEOREM KakeyaAudit.TubeGeometry.quotient_perturbation_bound._simp_1_1 AXIOMS [propext]
AUDIT_THEOREM KakeyaAudit.TubeGeometry.perturbed_coefficient_lower_bound AXIOMS [propext, Classical.choice, Quot.sound]
AUDIT_THEOREM KakeyaAudit.TubeGeometry.transverse_norm_sq AXIOMS [propext, Classical.choice, Quot.sound]
AUDIT_DECLARATION KakeyaAudit.TubeGeometry.transverse AXIOMS [propext, Classical.choice, Quot.sound]
AUDIT_THEOREM KakeyaAudit.TubeGeometry.rounded_pivot_residual_bound AXIOMS [propext, Classical.choice, Quot.sound]
AUDIT_THEOREM KakeyaAudit.TubeGeometry.legal_perturbed_lift_range AXIOMS [propext, Classical.choice, Quot.sound]
AUDIT_THEOREM KakeyaAudit.TubeGeometry.legal_pivot_coefficient_bounds AXIOMS [propext, Classical.choice, Quot.sound]
AUDIT_THEOREM KakeyaAudit.TubeGeometry.legal_fraction_lower_bounds._simp_1_6 AXIOMS [propext,
 Classical.choice,
 Quot.sound]
AUDIT_THEOREM KakeyaAudit.TubeGeometry.legal_fraction_lower_bounds._simp_1_2 AXIOMS [propext]
AUDIT_THEOREM KakeyaAudit.TubeGeometry.legal_pivot_stem_separation AXIOMS [propext, Classical.choice, Quot.sound]
AUDIT_THEOREM KakeyaAudit.TubeGeometry.legal_fraction_lower_bounds._simp_1_7 AXIOMS [propext]
AUDIT_THEOREM KakeyaAudit.TubeGeometry.separation_after_rounding AXIOMS [propext, Classical.choice, Quot.sound]
AUDIT_THEOREM KakeyaAudit.TubeGeometry.legal_fraction_lower_bounds._simp_1_4 AXIOMS [propext]
AUDIT_THEOREM KakeyaAudit.TubeGeometry.quotient_perturbation_bound._simp_1_2 AXIOMS [propext]
AUDIT_THEOREM KakeyaAudit.TubeGeometry.quotient_perturbation_bound._simp_1_7 AXIOMS [propext]
AUDIT_THEOREM KakeyaAudit.TubeGeometry.quotient_perturbation_bound._simp_1_4 AXIOMS [propext]
AUDIT_THEOREM KakeyaAudit.TubeGeometry.legal_fraction_lower_bounds AXIOMS [propext, Classical.choice, Quot.sound]
AUDIT_THEOREM KakeyaAudit.TubeGeometry.quotient_perturbation_bound._simp_1_6 AXIOMS [propext,
 Classical.choice,
 Quot.sound]
AUDIT_THEOREM KakeyaAudit.TubeGeometry.transverse.eq_1 AXIOMS [propext, Classical.choice, Quot.sound]
AUDIT_THEOREM KakeyaAudit.TubeGeometry.projected_tube_parameter_bound AXIOMS [propext, Classical.choice, Quot.sound]
AUDIT_THEOREM KakeyaAudit.TubeGeometry.legal_pivot_mem_openSegment AXIOMS [propext, Classical.choice, Quot.sound]
AUDIT_THEOREM KakeyaAudit.TubeGeometry.transverse_inner_zero AXIOMS [propext, Classical.choice, Quot.sound]
AUDIT_THEOREM KakeyaAudit.TubeGeometry.quotient_perturbation_bound AXIOMS [propext, Classical.choice, Quot.sound]
AUDIT_THEOREM KakeyaAudit.TubeGeometry.exact_lift_parameter AXIOMS [propext, Classical.choice, Quot.sound]
AUDIT_THEOREM KakeyaAudit.TubeGeometry.projected_axis_parameter_bound AXIOMS [propext, Classical.choice, Quot.sound]
AUDIT_THEOREM KakeyaAudit.TubeGeometry.lift_parameter_perturbation AXIOMS [propext, Classical.choice, Quot.sound]
AUDIT_THEOREM KakeyaAudit.TubeGeometry.projected_axis_distance AXIOMS [propext, Classical.choice, Quot.sound]
AUDIT_THEOREM KakeyaAudit.TubeGeometry.projected_tube_parameter_bound._abel_1_1 AXIOMS [propext,
 Classical.choice,
 Quot.sound]
AUDIT_THEOREM KakeyaAudit.TubeGeometry.perturbed_lift_range AXIOMS [propext, Classical.choice, Quot.sound]
AUDIT_THEOREM KakeyaAudit.TubeGeometry.rounded_triple_parameter_bound AXIOMS [propext, Classical.choice, Quot.sound]
AUDIT_THEOREM KakeyaAudit.TubeGeometry.legal_pivot_mem_segment AXIOMS [propext, Classical.choice, Quot.sound]
AUDIT_THEOREM KakeyaAudit.TubeGeometry.quotient_perturbation_bound._simp_1_5 AXIOMS [propext]
AUDIT_THEOREM KakeyaAudit.TubeGeometry.legal_fraction_lower_bounds._simp_1_3 AXIOMS [propext]
AUDIT_THEOREM KakeyaAudit.TubeGeometry.quotient_perturbation_bound._simp_1_3 AXIOMS [propext]
AUDIT_THEOREM KakeyaAudit.TubeGeometry.legal_fraction_lower_bounds._simp_1_5 AXIOMS [propext]
AUDIT_THEOREM KakeyaAudit.TubeGeometry.pivot_residual_bound AXIOMS [propext, Classical.choice, Quot.sound]
AUDIT_THEOREM KakeyaAudit.TubeGeometry.normalized_perturbed_lift_range AXIOMS [propext, Classical.choice, Quot.sound]
AUDIT_THEOREM KakeyaAudit.TubeGeometry.legal_lift_range AXIOMS [propext, Classical.choice, Quot.sound]
AUDIT_THEOREM KakeyaAudit.TubeGeometry.pivot_transverse_distance AXIOMS [propext, Classical.choice, Quot.sound]
AUDIT_THEOREM KakeyaAudit.TubeGeometry.legal_fraction_lower_bounds._simp_1_1 AXIOMS [propext]
