AUDIT_THEOREM KakeyaFormal.TubeVolume.ball_volume_scale AXIOMS [propext, Classical.choice, Quot.sound]
AUDIT_THEOREM KakeyaFormal.TubeVolume.carrier_compact._simp_1_1 AXIOMS [propext, Classical.choice, Quot.sound]
AUDIT_THEOREM KakeyaFormal.TubeVolume.carrier_finite AXIOMS [propext, Classical.choice, Quot.sound]
AUDIT_THEOREM KakeyaFormal.TubeVolume.carrier_volume_lower._simp_1_2 AXIOMS [propext]
AUDIT_THEOREM KakeyaFormal.TubeVolume.carrier_volume_lower._simp_1_6 AXIOMS [propext, Classical.choice, Quot.sound]
AUDIT_THEOREM KakeyaFormal.TubeVolume.carrier_volume_lower._simp_1_4 AXIOMS [propext]
AUDIT_THEOREM KakeyaFormal.TubeVolume.carrier_volume_lower._simp_1_7 AXIOMS [propext]
AUDIT_THEOREM KakeyaFormal.TubeVolume.unitBallVolume._proof_1 AXIOMS [propext, Classical.choice, Quot.sound]
AUDIT_THEOREM KakeyaFormal.TubeVolume.unitBallVolume_pos AXIOMS [propext, Classical.choice, Quot.sound]
AUDIT_THEOREM KakeyaFormal.TubeVolume.interior_ball_subset_carrier AXIOMS [propext, Classical.choice, Quot.sound]
AUDIT_THEOREM KakeyaFormal.TubeVolume.carrier_volume_lower AXIOMS [propext, Classical.choice, Quot.sound]
AUDIT_DECLARATION KakeyaFormal.TubeVolume.unitBallVolume AXIOMS [propext, Classical.choice, Quot.sound]
AUDIT_THEOREM KakeyaFormal.TubeVolume.carrier_volume_comparison AXIOMS [propext, Classical.choice, Quot.sound]
AUDIT_THEOREM KakeyaFormal.TubeVolume.carrier_compact AXIOMS [propext, Classical.choice, Quot.sound]
AUDIT_THEOREM KakeyaFormal.TubeVolume.unitBallVolume.eq_1 AXIOMS [propext, Classical.choice, Quot.sound]
AUDIT_THEOREM KakeyaFormal.TubeVolume.carrier_volume_lower._simp_1_3 AXIOMS [propext]
AUDIT_THEOREM KakeyaFormal.TubeVolume.axis_balls_disjoint AXIOMS [propext, Classical.choice, Quot.sound]
AUDIT_THEOREM KakeyaFormal.TubeVolume.carrier_volume_lower._simp_1_5 AXIOMS [propext]
AUDIT_THEOREM KakeyaFormal.TubeVolume.carrier_mesh_cover AXIOMS [propext, Classical.choice, Quot.sound]
AUDIT_THEOREM KakeyaFormal.TubeVolume.carrier_measurable AXIOMS [propext, Classical.choice, Quot.sound]
AUDIT_THEOREM KakeyaFormal.TubeVolume.unitBallVolume._proof_2 AXIOMS [propext, Classical.choice, Quot.sound]
AUDIT_THEOREM KakeyaFormal.TubeVolume.carrier_volume_upper AXIOMS [propext, Classical.choice, Quot.sound]
AUDIT_THEOREM KakeyaFormal.TubeVolume.carrier_volume_lower._simp_1_1 AXIOMS [propext]
