AUDIT_THEOREM KakeyaFormal.TubeOpenCarrier.carrier_ae_eq_open AXIOMS [propext, Classical.choice, Quot.sound]
AUDIT_THEOREM KakeyaFormal.TubeOpenCarrier.axisSet_nonempty AXIOMS [propext, Classical.choice, Quot.sound]
AUDIT_THEOREM KakeyaFormal.TubeOpenCarrier.axisSet_compact AXIOMS [propext, Classical.choice, Quot.sound]
AUDIT_DECLARATION KakeyaFormal.TubeOpenCarrier.openCarrier_subset.match_1_1 AXIOMS [propext,
 Classical.choice,
 Quot.sound]
AUDIT_THEOREM KakeyaFormal.TubeOpenCarrier.openCarrier_isOpen._simp_1_4 AXIOMS [propext]
AUDIT_THEOREM KakeyaFormal.TubeOpenCarrier.openCarrier_isOpen._simp_1_2 AXIOMS [propext]
AUDIT_THEOREM KakeyaFormal.TubeOpenCarrier.axisSet.eq_1 AXIOMS [propext, Classical.choice, Quot.sound]
AUDIT_THEOREM KakeyaFormal.TubeOpenCarrier.openCarrier_isOpen AXIOMS [propext, Classical.choice, Quot.sound]
AUDIT_THEOREM KakeyaFormal.TubeOpenCarrier.carrier_eq_add AXIOMS [propext, Classical.choice, Quot.sound]
AUDIT_THEOREM KakeyaFormal.TubeOpenCarrier.parameter_membership_isOpen._simp_1_2 AXIOMS [propext]
AUDIT_THEOREM KakeyaFormal.TubeOpenCarrier.closure_openCarrier AXIOMS [propext, Classical.choice, Quot.sound]
AUDIT_THEOREM KakeyaFormal.TubeOpenCarrier.openCarrier_convex AXIOMS [propext, Classical.choice, Quot.sound]
AUDIT_THEOREM KakeyaFormal.TubeOpenCarrier.carrier_volume_eq_open AXIOMS [propext, Classical.choice, Quot.sound]
AUDIT_THEOREM KakeyaFormal.TubeOpenCarrier.axisSet_eq_segment AXIOMS [propext, Classical.choice, Quot.sound]
AUDIT_THEOREM KakeyaFormal.TubeOpenCarrier.carrier_lintegral_eq_open AXIOMS [propext, Classical.choice, Quot.sound]
AUDIT_THEOREM KakeyaFormal.TubeOpenCarrier.openCarrier.eq_1 AXIOMS [propext, Classical.choice, Quot.sound]
AUDIT_THEOREM KakeyaFormal.TubeOpenCarrier.parameter_membership_isOpen AXIOMS [propext, Classical.choice, Quot.sound]
AUDIT_THEOREM KakeyaFormal.TubeOpenCarrier.openCarrier_frontier_null AXIOMS [propext, Classical.choice, Quot.sound]
AUDIT_THEOREM KakeyaFormal.TubeOpenCarrier.openCarrier_isOpen._simp_1_3 AXIOMS [propext, Classical.choice, Quot.sound]
AUDIT_THEOREM KakeyaFormal.TubeOpenCarrier.openCarrier_subset AXIOMS [propext, Classical.choice, Quot.sound]
AUDIT_THEOREM KakeyaFormal.TubeOpenCarrier.parameter_membership_isOpen._simp_1_3 AXIOMS [propext]
AUDIT_THEOREM KakeyaFormal.TubeOpenCarrier.carrier_frontier_null AXIOMS [propext, Classical.choice, Quot.sound]
AUDIT_THEOREM KakeyaFormal.TubeOpenCarrier.openCarrier_eq_add AXIOMS [propext, Classical.choice, Quot.sound]
AUDIT_THEOREM KakeyaFormal.UnitTube.axisPoint.eq_1 AXIOMS [propext, Classical.choice, Quot.sound]
AUDIT_THEOREM KakeyaFormal.TubeOpenCarrier.carrier_convex AXIOMS [propext, Classical.choice, Quot.sound]
AUDIT_DECLARATION KakeyaFormal.TubeOpenCarrier.axisSet AXIOMS [propext, Classical.choice, Quot.sound]
AUDIT_DECLARATION KakeyaFormal.TubeOpenCarrier.openCarrier AXIOMS [propext, Classical.choice, Quot.sound]
