AUDIT_THEOREM KakeyaFormal.TwoEndsGlobalization.remove_two_ends._simp_1_3 AXIOMS [propext]
AUDIT_DECLARATION KakeyaFormal.TwoEndsGlobalization.populationCoefficient AXIOMS [propext, Classical.choice, Quot.sound]
AUDIT_THEOREM KakeyaFormal.TwoEndsGlobalization.selected_population AXIOMS [propext, Classical.choice, Quot.sound]
AUDIT_THEOREM KakeyaFormal.TwoEndsGlobalization.selected_population._simp_1_1 AXIOMS [propext]
AUDIT_THEOREM KakeyaFormal.TwoEndsGlobalization.remove_two_ends._simp_1_5 AXIOMS [propext]
AUDIT_THEOREM KakeyaFormal.TwoEndsGlobalization.selected_population._simp_1_3 AXIOMS [propext]
AUDIT_THEOREM KakeyaFormal.TwoEndsGlobalization.selected_population._simp_1_5 AXIOMS [propext]
AUDIT_THEOREM KakeyaFormal.TwoEndsGlobalization.unit_ball_cover AXIOMS [propext, Classical.choice, Quot.sound]
AUDIT_THEOREM KakeyaFormal.TwoEndsGlobalization.remove_two_ends AXIOMS [propext, Classical.choice, Quot.sound]
AUDIT_THEOREM KakeyaFormal.TwoEndsGlobalization.remove_two_ends._simp_1_6 AXIOMS [propext, Classical.choice, Quot.sound]
AUDIT_THEOREM KakeyaFormal.TwoEndsGlobalization.remove_two_ends._simp_1_7 AXIOMS [propext]
AUDIT_THEOREM KakeyaFormal.TwoEndsGlobalization.remove_two_ends._simp_1_2 AXIOMS [propext]
AUDIT_THEOREM KakeyaFormal.TwoEndsGlobalization.remove_two_ends._simp_1_4 AXIOMS [propext]
AUDIT_THEOREM KakeyaFormal.TwoEndsGlobalization.populationCoefficient._proof_1 AXIOMS [propext]
AUDIT_THEOREM KakeyaFormal.TwoEndsGlobalization.populationCoefficient_pos AXIOMS [propext, Classical.choice, Quot.sound]
AUDIT_THEOREM KakeyaFormal.TwoEndsGlobalization.remove_two_ends._simp_1_1 AXIOMS [propext]
AUDIT_THEOREM KakeyaFormal.TwoEndsGlobalization.selected_population._simp_1_7 AXIOMS [propext]
AUDIT_THEOREM KakeyaFormal.TwoEndsGlobalization.selected_population._simp_1_4 AXIOMS [propext]
AUDIT_THEOREM KakeyaFormal.TwoEndsGlobalization.selected_population._simp_1_6 AXIOMS [propext,
 Classical.choice,
 Quot.sound]
AUDIT_THEOREM KakeyaFormal.TwoEndsGlobalization.selected_population._simp_1_2 AXIOMS [propext]
